Component: ARM Compiler 5.06 update 7 (build 960) Tool: armlink [4d3601]

==============================================================================

Section Cross References

    startup_stm32h723xx.o(RESET) refers to startup_stm32h723xx.o(STACK) for __initial_sp
    startup_stm32h723xx.o(RESET) refers to startup_stm32h723xx.o(.text) for Reset_Handler
    startup_stm32h723xx.o(RESET) refers to stm32h7xx_it.o(i.NMI_Handler) for NMI_Handler
    startup_stm32h723xx.o(RESET) refers to stm32h7xx_it.o(i.HardFault_Handler) for HardFault_Handler
    startup_stm32h723xx.o(RESET) refers to stm32h7xx_it.o(i.MemManage_Handler) for MemManage_Handler
    startup_stm32h723xx.o(RESET) refers to stm32h7xx_it.o(i.BusFault_Handler) for BusFault_Handler
    startup_stm32h723xx.o(RESET) refers to stm32h7xx_it.o(i.UsageFault_Handler) for UsageFault_Handler
    startup_stm32h723xx.o(RESET) refers to port.o(.emb_text) for SVC_Handler
    startup_stm32h723xx.o(RESET) refers to stm32h7xx_it.o(i.DebugMon_Handler) for DebugMon_Handler
    startup_stm32h723xx.o(RESET) refers to cmsis_os2.o(i.SysTick_Handler) for SysTick_Handler
    startup_stm32h723xx.o(RESET) refers to stm32h7xx_it.o(i.DMA1_Stream0_IRQHandler) for DMA1_Stream0_IRQHandler
    startup_stm32h723xx.o(RESET) refers to stm32h7xx_it.o(i.DMA1_Stream1_IRQHandler) for DMA1_Stream1_IRQHandler
    startup_stm32h723xx.o(RESET) refers to stm32h7xx_it.o(i.DMA1_Stream2_IRQHandler) for DMA1_Stream2_IRQHandler
    startup_stm32h723xx.o(RESET) refers to stm32h7xx_it.o(i.DMA1_Stream3_IRQHandler) for DMA1_Stream3_IRQHandler
    startup_stm32h723xx.o(RESET) refers to stm32h7xx_it.o(i.DMA1_Stream4_IRQHandler) for DMA1_Stream4_IRQHandler
    startup_stm32h723xx.o(RESET) refers to stm32h7xx_it.o(i.DMA1_Stream5_IRQHandler) for DMA1_Stream5_IRQHandler
    startup_stm32h723xx.o(RESET) refers to stm32h7xx_it.o(i.FDCAN1_IT0_IRQHandler) for FDCAN1_IT0_IRQHandler
    startup_stm32h723xx.o(RESET) refers to stm32h7xx_it.o(i.FDCAN2_IT0_IRQHandler) for FDCAN2_IT0_IRQHandler
    startup_stm32h723xx.o(RESET) refers to stm32h7xx_it.o(i.FDCAN2_IT1_IRQHandler) for FDCAN2_IT1_IRQHandler
    startup_stm32h723xx.o(RESET) refers to stm32h7xx_it.o(i.TIM1_UP_IRQHandler) for TIM1_UP_IRQHandler
    startup_stm32h723xx.o(RESET) refers to stm32h7xx_it.o(i.USART2_IRQHandler) for USART2_IRQHandler
    startup_stm32h723xx.o(RESET) refers to stm32h7xx_it.o(i.USART3_IRQHandler) for USART3_IRQHandler
    startup_stm32h723xx.o(RESET) refers to stm32h7xx_it.o(i.TIM6_DAC_IRQHandler) for TIM6_DAC_IRQHandler
    startup_stm32h723xx.o(RESET) refers to stm32h7xx_it.o(i.FDCAN_CAL_IRQHandler) for FDCAN_CAL_IRQHandler
    startup_stm32h723xx.o(RESET) refers to stm32h7xx_it.o(i.UART7_IRQHandler) for UART7_IRQHandler
    startup_stm32h723xx.o(RESET) refers to stm32h7xx_it.o(i.FDCAN3_IT0_IRQHandler) for FDCAN3_IT0_IRQHandler
    startup_stm32h723xx.o(RESET) refers to stm32h7xx_it.o(i.FDCAN3_IT1_IRQHandler) for FDCAN3_IT1_IRQHandler
    startup_stm32h723xx.o(.text) refers to system_stm32h7xx.o(i.SystemInit) for SystemInit
    startup_stm32h723xx.o(.text) refers to entry.o(.ARM.Collect$$$$00000000) for __main
    main.o(i.HAL_TIM_PeriodElapsedCallback) refers to stm32h7xx_hal.o(i.HAL_IncTick) for HAL_IncTick
    main.o(i.HAL_TIM_PeriodElapsedCallback) refers to stm32h7xx_hal_iwdg.o(i.HAL_IWDG_Refresh) for HAL_IWDG_Refresh
    main.o(i.HAL_TIM_PeriodElapsedCallback) refers to upper_location.o(i.Reach_TGT) for Reach_TGT
    main.o(i.HAL_TIM_PeriodElapsedCallback) refers to motorctrl.o(i.get_msgn) for get_msgn
    main.o(i.HAL_TIM_PeriodElapsedCallback) refers to motorctrl.o(i.assign_output) for assign_output
    main.o(i.HAL_TIM_PeriodElapsedCallback) refers to bsp_fdcan.o(i.motor_state_update) for motor_state_update
    main.o(i.HAL_TIM_PeriodElapsedCallback) refers to motorctrl.o(i.set_reset_status) for set_reset_status
    main.o(i.HAL_TIM_PeriodElapsedCallback) refers to pid_model.o(i.PID_MODEL_step) for PID_MODEL_step
    main.o(i.HAL_TIM_PeriodElapsedCallback) refers to stm32h7xx_hal_gpio.o(i.HAL_GPIO_TogglePin) for HAL_GPIO_TogglePin
    main.o(i.HAL_TIM_PeriodElapsedCallback) refers to main.o(.bss) for .bss
    main.o(i.HAL_TIM_PeriodElapsedCallback) refers to iwdg.o(.bss) for hiwdg1
    main.o(i.HAL_UART_ErrorCallback) refers to stm32h7xx_hal_uart.o(i.HAL_UART_Receive_IT) for HAL_UART_Receive_IT
    main.o(i.HAL_UART_ErrorCallback) refers to main.o(.bss) for .bss
    main.o(i.HAL_UART_ErrorCallback) refers to usart.o(.bss) for huart7
    main.o(i.HAL_UART_RxCpltCallback) refers to stm32h7xx_hal_uart.o(i.HAL_UART_Receive_IT) for HAL_UART_Receive_IT
    main.o(i.HAL_UART_RxCpltCallback) refers to upper_location.o(i.Receive) for Receive
    main.o(i.HAL_UART_RxCpltCallback) refers to sbus.o(i.update_sbus) for update_sbus
    main.o(i.HAL_UART_RxCpltCallback) refers to main.o(.bss) for .bss
    main.o(i.HAL_UART_RxCpltCallback) refers to main.o(.data) for .data
[...]
    BDMA_Channel5_IRQHandler                 0x080003bf   Thumb Code     0  startup_stm32h723xx.o(.text)
    BDMA_Channel6_IRQHandler                 0x080003bf   Thumb Code     0  startup_stm32h723xx.o(.text)
    BDMA_Channel7_IRQHandler                 0x080003bf   Thumb Code     0  startup_stm32h723xx.o(.text)
    CEC_IRQHandler                           0x080003bf   Thumb Code     0  startup_stm32h723xx.o(.text)
    COMP1_IRQHandler                         0x080003bf   Thumb Code     0  startup_stm32h723xx.o(.text)
    CORDIC_IRQHandler                        0x080003bf   Thumb Code     0  startup_stm32h723xx.o(.text)
    CRS_IRQHandler                           0x080003bf   Thumb Code     0  startup_stm32h723xx.o(.text)
    DCMI_PSSI_IRQHandler                     0x080003bf   Thumb Code     0  startup_stm32h723xx.o(.text)
    DFSDM1_FLT0_IRQHandler                   0x080003bf   Thumb Code     0  startup_stm32h723xx.o(.text)
    DFSDM1_FLT1_IRQHandler                   0x080003bf   Thumb Code     0  startup_stm32h723xx.o(.text)
    DFSDM1_FLT2_IRQHandler                   0x080003bf   Thumb Code     0  startup_stm32h723xx.o(.text)
    DFSDM1_FLT3_IRQHandler                   0x080003bf   Thumb Code     0  startup_stm32h723xx.o(.text)
    DMA1_Stream6_IRQHandler                  0x080003bf   Thumb Code     0  startup_stm32h723xx.o(.text)
    DMA1_Stream7_IRQHandler                  0x080003bf   Thumb Code     0  startup_stm32h723xx.o(.text)
    DMA2D_IRQHandler                         0x080003bf   Thumb Code     0  startup_stm32h723xx.o(.text)
    DMA2_Stream0_IRQHandler                  0x080003bf   Thumb Code     0  startup_stm32h723xx.o(.text)
    DMA2_Stream1_IRQHandler                  0x080003bf   Thumb Code     0  startup_stm32h723xx.o(.text)
    DMA2_Stream2_IRQHandler                  0x080003bf   Thumb Code     0  startup_stm32h723xx.o(.text)
    DMA2_Stream3_IRQHandler                  0x080003bf   Thumb Code     0  startup_stm32h723xx.o(.text)
    DMA2_Stream4_IRQHandler                  0x080003bf   Thumb Code     0  startup_stm32h723xx.o(.text)
    DMA2_Stream5_IRQHandler                  0x080003bf   Thumb Code     0  startup_stm32h723xx.o(.text)
    DMA2_Stream6_IRQHandler                  0x080003bf   Thumb Code     0  startup_stm32h723xx.o(.text)
    DMA2_Stream7_IRQHandler                  0x080003bf   Thumb Code     0  startup_stm32h723xx.o(.text)
    DMAMUX1_OVR_IRQHandler                   0x080003bf   Thumb Code     0  startup_stm32h723xx.o(.text)
    DMAMUX2_OVR_IRQHandler                   0x080003bf   Thumb Code     0  startup_stm32h723xx.o(.text)
    DTS_IRQHandler                           0x080003bf   Thumb Code     0  startup_stm32h723xx.o(.text)
    ECC_IRQHandler                           0x080003bf   Thumb Code     0  startup_stm32h723xx.o(.text)
    ETH_IRQHandler                           0x080003bf   Thumb Code     0  startup_stm32h723xx.o(.text)
    ETH_WKUP_IRQHandler                      0x080003bf   Thumb Code     0  startup_stm32h723xx.o(.text)
    EXTI0_IRQHandler                         0x080003bf   Thumb Code     0  startup_stm32h723xx.o(.text)
    EXTI15_10_IRQHandler                     0x080003bf   Thumb Code     0  startup_stm32h723xx.o(.text)
    EXTI1_IRQHandler                         0x080003bf   Thumb Code     0  startup_stm32h723xx.o(.text)
    EXTI2_IRQHandler                         0x080003bf   Thumb Code     0  startup_stm32h723xx.o(.text)
    EXTI3_IRQHandler                         0x080003bf   Thumb Code     0  startup_stm32h723xx.o(.text)
    EXTI4_IRQHandler                         0x080003bf   Thumb Code     0  startup_stm32h723xx.o(.text)
    EXTI9_5_IRQHandler                       0x080003bf   Thumb Code     0  startup_stm32h723xx.o(.text)
    FDCAN1_IT1_IRQHandler                    0x080003bf   Thumb Code     0  startup_stm32h723xx.o(.text)
    FLASH_IRQHandler                         0x080003bf   Thumb Code     0  startup_stm32h723xx.o(.text)
    FMAC_IRQHandler                          0x080003bf   Thumb Code     0  startup_stm32h723xx.o(.text)
    FMC_IRQHandler                           0x080003bf   Thumb Code     0  startup_stm32h723xx.o(.text)
    FPU_IRQHandler                           0x080003bf   Thumb Code     0  startup_stm32h723xx.o(.text)
    HSEM1_IRQHandler                         0x080003bf   Thumb Code     0  startup_stm32h723xx.o(.text)
    I2C1_ER_IRQHandler                       0x080003bf   Thumb Code     0  startup_stm32h723xx.o(.text)
    I2C1_EV_IRQHandler                       0x080003bf   Thumb Code     0  startup_stm32h723xx.o(.text)
    I2C2_ER_IRQHandler                       0x080003bf   Thumb Code     0  startup_stm32h723xx.o(.text)
    I2C2_EV_IRQHandler                       0x080003bf   Thumb Code     0  startup_stm32h723xx.o(.text)
    I2C3_ER_IRQHandler                       0x080003bf   Thumb Code     0  startup_stm32h723xx.o(.text)
    I2C3_EV_IRQHandler                       0x080003bf   Thumb Code     0  startup_stm32h723xx.o(.text)
    I2C4_ER_IRQHandler                       0x080003bf   Thumb Code     0  startup_stm32h723xx.o(.text)
    I2C4_EV_IRQHandler                       0x080003bf   Thumb Code     0  startup_stm32h723xx.o(.text)
    I2C5_ER_IRQHandler                       0x080003bf   Thumb Code     0  startup_stm32h723xx.o(.text)
    I2C5_EV_IRQHandler                       0x080003bf   Thumb Code     0  startup_stm32h723xx.o(.text)
    LPTIM1_IRQHandler                        0x080003bf   Thumb Code     0  startup_stm32h723xx.o(.text)
    LPTIM2_IRQHandler                        0x080003bf   Thumb Code     0  startup_stm32h723xx.o(.text)
    LPTIM3_IRQHandler                        0x080003bf   Thumb Code     0  startup_stm32h723xx.o(.text)
    LPTIM4_IRQHandler                        0x080003bf   Thumb Code     0  startup_stm32h723xx.o(.text)
    LPTIM5_IRQHandler                        0x080003bf   Thumb Code     0  startup_stm32h723xx.o(.text)
    LPUART1_IRQHandler                       0x080003bf   Thumb Code     0  startup_stm32h723xx.o(.text)
    LTDC_ER_IRQHandler                       0x080003bf   Thumb Code     0  startup_stm32h723xx.o(.text)
    LTDC_IRQHandler                          0x080003bf   Thumb Code     0  startup_stm32h723xx.o(.text)
    MDIOS_IRQHandler                         0x080003bf   Thumb Code     0  startup_stm32h723xx.o(.text)
    MDIOS_WKUP_IRQHandler                    0x080003bf   Thumb Code     0  startup_stm32h723xx.o(.text)
    MDMA_IRQHandler                          0x080003bf   Thumb Code     0  startup_stm32h723xx.o(.text)
    OCTOSPI1_IRQHandler                      0x080003bf   Thumb Code     0  startup_stm32h723xx.o(.text)
    OCTOSPI2_IRQHandler                      0x080003bf   Thumb Code     0  startup_stm32h723xx.o(.text)
    OTG_HS_EP1_IN_IRQHandler                 0x080003bf   Thumb Code     0  startup_stm32h723xx.o(.text)
    OTG_HS_EP1_OUT_IRQHandler                0x080003bf   Thumb Code     0  startup_stm32h723xx.o(.text)
    OTG_HS_IRQHandler                        0x080003bf   Thumb Code     0  startup_stm32h723xx.o(.text)
    OTG_HS_WKUP_IRQHandler                   0x080003bf   Thumb Code     0  startup_stm32h723xx.o(.text)
    PVD_AVD_IRQHandler                       0x080003bf   Thumb Code     0  startup_stm32h723xx.o(.text)
    RCC_IRQHandler                           0x080003bf   Thumb Code     0  startup_stm32h723xx.o(.text)
    RNG_IRQHandler                           0x080003bf   Thumb Code     0  startup_stm32h723xx.o(.text)
    RTC_Alarm_IRQHandler                     0x080003bf   Thumb Code     0  startup_stm32h723xx.o(.text)
    RTC_WKUP_IRQHandler                      0x080003bf   Thumb Code     0  startup_stm32h723xx.o(.text)
    SAI1_IRQHandler                          0x080003bf   Thumb Code     0  startup_stm32h723xx.o(.text)
    SAI4_IRQHandler                          0x080003bf   Thumb Code     0  startup_stm32h723xx.o(.text)
    SDMMC1_IRQHandler                        0x080003bf   Thumb Code     0  startup_stm32h723xx.o(.text)
    SDMMC2_IRQHandler                        0x080003bf   Thumb Code     0  startup_stm32h723xx.o(.text)
    SPDIF_RX_IRQHandler                      0x080003bf   Thumb Code     0  startup_stm32h723xx.o(.text)
    SPI1_IRQHandler                          0x080003bf   Thumb Code     0  startup_stm32h723xx.o(.text)
    SPI2_IRQHandler                          0x080003bf   Thumb Code     0  startup_stm32h723xx.o(.text)
    SPI3_IRQHandler                          0x080003bf   Thumb Code     0  startup_stm32h723xx.o(.text)
    SPI4_IRQHandler                          0x080003bf   Thumb Code     0  startup_stm32h723xx.o(.text)
    SPI5_IRQHandler                          0x080003bf   Thumb Code     0  startup_stm32h723xx.o(.text)
    SPI6_IRQHandler                          0x080003bf   Thumb Code     0  startup_stm32h723xx.o(.text)
    SWPMI1_IRQHandler                        0x080003bf   Thumb Code     0  startup_stm32h723xx.o(.text)
    TAMP_STAMP_IRQHandler                    0x080003bf   Thumb Code     0  startup_stm32h723xx.o(.text)
    TIM15_IRQHandler                         0x080003bf   Thumb Code     0  startup_stm32h723xx.o(.text)
    TIM16_IRQHandler                         0x080003bf   Thumb Code     0  startup_stm32h723xx.o(.text)
    TIM17_IRQHandler                         0x080003bf   Thumb Code     0  startup_stm32h723xx.o(.text)
    TIM1_BRK_IRQHandler                      0x080003bf   Thumb Code     0  startup_stm32h723xx.o(.text)
    TIM1_CC_IRQHandler                       0x080003bf   Thumb Code     0  startup_stm32h723xx.o(.text)
    TIM1_TRG_COM_IRQHandler                  0x080003bf   Thumb Code     0  startup_stm32h723xx.o(.text)
    TIM23_IRQHandler                         0x080003bf   Thumb Code     0  startup_stm32h723xx.o(.text)
    TIM24_IRQHandler                         0x080003bf   Thumb Code     0  startup_stm32h723xx.o(.text)
    TIM2_IRQHandler                          0x080003bf   Thumb Code     0  startup_stm32h723xx.o(.text)
    TIM3_IRQHandler                          0x080003bf   Thumb Code     0  startup_stm32h723xx.o(.text)
    TIM4_IRQHandler                          0x080003bf   Thumb Code     0  startup_stm32h723xx.o(.text)
    TIM5_IRQHandler                          0x080003bf   Thumb Code     0  startup_stm32h723xx.o(.text)
    TIM7_IRQHandler                          0x080003bf   Thumb Code     0  startup_stm32h723xx.o(.text)
    TIM8_BRK_TIM12_IRQHandler                0x080003bf   Thumb Code     0  startup_stm32h723xx.o(.text)
    TIM8_CC_IRQHandler                       0x080003bf   Thumb Code     0  startup_stm32h723xx.o(.text)
    TIM8_TRG_COM_TIM14_IRQHandler            0x080003bf   Thumb Code     0  startup_stm32h723xx.o(.text)
    TIM8_UP_TIM13_IRQHandler                 0x080003bf   Thumb Code     0  startup_stm32h723xx.o(.text)
    UART4_IRQHandler                         0x080003bf   Thumb Code     0  startup_stm32h723xx.o(.text)
    UART5_IRQHandler                         0x080003bf   Thumb Code     0  startup_stm32h723xx.o(.text)
    UART8_IRQHandler                         0x080003bf   Thumb Code     0  startup_stm32h723xx.o(.text)
    UART9_IRQHandler                         0x080003bf   Thumb Code     0  startup_stm32h723xx.o(.text)
    USART10_IRQHandler                       0x080003bf   Thumb Code     0  startup_stm32h723xx.o(.text)
    USART1_IRQHandler                        0x080003bf   Thumb Code     0  startup_stm32h723xx.o(.text)
    USART6_IRQHandler                        0x080003bf   Thumb Code     0  startup_stm32h723xx.o(.text)
    WAKEUP_PIN_IRQHandler                    0x080003bf   Thumb Code     0  startup_stm32h723xx.o(.text)
    WWDG_IRQHandler                          0x080003bf   Thumb Code     0  startup_stm32h723xx.o(.text)
    __aeabi_uldivmod                         0x080003c9   Thumb Code    98  uldiv.o(.text)
    __aeabi_memcpy                           0x0800042b   Thumb Code    36  memcpya.o(.text)
    __aeabi_memcpy4                          0x0800042b   Thumb Code     0  memcpya.o(.text)
    __aeabi_memcpy8                          0x0800042b   Thumb Code     0  memcpya.o(.text)
    __aeabi_memset                           0x0800044f   Thumb Code    14  memseta.o(.text)
    __aeabi_memset4                          0x0800044f   Thumb Code     0  memseta.o(.text)
    __aeabi_memset8                          0x0800044f   Thumb Code     0  memseta.o(.text)
    __aeabi_memclr                           0x0800045d   Thumb Code     4  memseta.o(.text)
    __aeabi_memclr4                          0x0800045d   Thumb Code     0  memseta.o(.text)
    __aeabi_memclr8                          0x0800045d   Thumb Code     0  memseta.o(.text)
    memset                                   0x08000461   Thumb Code    18  memseta.o(.text)
    __aeabi_llsl                             0x08000473   Thumb Code    30  llshl.o(.text)
    _ll_shift_l                              0x08000473   Thumb Code     0  llshl.o(.text)
    __aeabi_llsr                             0x08000491   Thumb Code    32  llushr.o(.text)
    _ll_ushift_r                             0x08000491   Thumb Code     0  llushr.o(.text)
    __ARM_scalbn                             0x080004b1   Thumb Code    46  dscalb.o(.text)
    __I$use$fp                               0x080004b1   Thumb Code     0  iusefp.o(.text)
    scalbn                                   0x080004b1   Thumb Code     0  dscalb.o(.text)
    __scatterload                            0x080004e1   Thumb Code    28  init.o(.text)
    __scatterload_rt2                        0x080004e1   Thumb Code     0  init.o(.text)
    __decompress                             0x08000505   Thumb Code     0  __dczerorl2.o(.text)
    __decompress1                            0x08000505   Thumb Code    86  __dczerorl2.o(.text)
    BusFault_Handler                         0x0800055b   Thumb Code     2  stm32h7xx_it.o(i.BusFault_Handler)
    CAN_CMD_MOTOR_DJI                        0x0800055d   Thumb Code    90  bsp_fdcan.o(i.CAN_CMD_MOTOR_DJI)
    DMA1_Stream0_IRQHandler                  0x08000645   Thumb Code     6  stm32h7xx_it.o(i.DMA1_Stream0_IRQHandler)
    DMA1_Stream1_IRQHandler                  0x08000651   Thumb Code     6  stm32h7xx_it.o(i.DMA1_Stream1_IRQHandler)
    DMA1_Stream2_IRQHandler                  0x0800065d   Thumb Code     6  stm32h7xx_it.o(i.DMA1_Stream2_IRQHandler)
    DMA1_Stream3_IRQHandler                  0x08000669   Thumb Code     6  stm32h7xx_it.o(i.DMA1_Stream3_IRQHandler)
    DMA1_Stream4_IRQHandler                  0x08000675   Thumb Code     6  stm32h7xx_it.o(i.DMA1_Stream4_IRQHandler)
    DMA1_Stream5_IRQHandler                  0x08000681   Thumb Code     6  stm32h7xx_it.o(i.DMA1_Stream5_IRQHandler)
    DebugMon_Handler                         0x080008a5   Thumb Code     2  stm32h7xx_it.o(i.DebugMon_Handler)
    Error_Handler                            0x080008a7   Thumb Code     4  main.o(i.Error_Handler)
    FDCAN1_IT0_IRQHandler                    0x080008ad   Thumb Code     6  stm32h7xx_it.o(i.FDCAN1_IT0_IRQHandler)
    FDCAN2_IT0_IRQHandler                    0x080008b9   Thumb Code     6  stm32h7xx_it.o(i.FDCAN2_IT0_IRQHandler)
    FDCAN2_IT1_IRQHandler                    0x080008c5   Thumb Code     6  stm32h7xx_it.o(i.FDCAN2_IT1_IRQHandler)
    FDCAN3_IT0_IRQHandler                    0x080008d1   Thumb Code     6  stm32h7xx_it.o(i.FDCAN3_IT0_IRQHandler)
    FDCAN3_IT1_IRQHandler                    0x080008dd   Thumb Code     6  stm32h7xx_it.o(i.FDCAN3_IT1_IRQHandler)
    FDCAN_CAL_IRQHandler                     0x080008e9   Thumb Code    18  stm32h7xx_it.o(i.FDCAN_CAL_IRQHandler)
    HAL_DMA_Abort                            0x08000b4d   Thumb Code   836  stm32h7xx_hal_dma.o(i.HAL_DMA_Abort)
    HAL_DMA_Abort_IT                         0x08000ead   Thumb Code   602  stm32h7xx_hal_dma.o(i.HAL_DMA_Abort_IT)
    HAL_DMA_IRQHandler                       0x08001131   Thumb Code  1756  stm32h7xx_hal_dma.o(i.HAL_DMA_IRQHandler)
    HAL_DMA_Init                             0x08001819   Thumb Code   922  stm32h7xx_hal_dma.o(i.HAL_DMA_Init)
    HAL_FDCAN_ActivateNotification           0x08001bd5   Thumb Code   126  stm32h7xx_hal_fdcan.o(i.HAL_FDCAN_ActivateNotification)
    HAL_FDCAN_AddMessageToTxFifoQ            0x08001c5d   Thumb Code   102  stm32h7xx_hal_fdcan.o(i.HAL_FDCAN_AddMessageToTxFifoQ)
    HAL_FDCAN_ClockCalibrationCallback       0x08001cc3   Thumb Code     2  stm32h7xx_hal_fdcan.o(i.HAL_FDCAN_ClockCalibrationCallback)
    HAL_FDCAN_ConfigFifoWatermark            0x08001cc5   Thumb Code    90  stm32h7xx_hal_fdcan.o(i.HAL_FDCAN_ConfigFifoWatermark)
    HAL_FDCAN_ConfigFilter                   0x08001d1f   Thumb Code   126  stm32h7xx_hal_fdcan.o(i.HAL_FDCAN_ConfigFilter)
    HAL_FDCAN_ConfigGlobalFilter             0x08001d9d   Thumb Code    50  stm32h7xx_hal_fdcan.o(i.HAL_FDCAN_ConfigGlobalFilter)
    HAL_FDCAN_ErrorCallback                  0x08001dcf   Thumb Code     2  stm32h7xx_hal_fdcan.o(i.HAL_FDCAN_ErrorCallback)
    HAL_FDCAN_ErrorStatusCallback            0x08001dd1   Thumb Code     2  stm32h7xx_hal_fdcan.o(i.HAL_FDCAN_ErrorStatusCallback)
    HAL_FDCAN_GetRxMessage                   0x08001dd5   Thumb Code   400  stm32h7xx_hal_fdcan.o(i.HAL_FDCAN_GetRxMessage)
    HAL_FDCAN_HighPriorityMessageCallback    0x08001f69   Thumb Code     2  stm32h7xx_hal_fdcan.o(i.HAL_FDCAN_HighPriorityMessageCallback)
    HAL_FDCAN_IRQHandler                     0x08001f6d   Thumb Code   788  stm32h7xx_hal_fdcan.o(i.HAL_FDCAN_IRQHandler)
    HAL_FDCAN_Init                           0x0800228d   Thumb Code   572  stm32h7xx_hal_fdcan.o(i.HAL_FDCAN_Init)
    HAL_FDCAN_MspInit                        0x080024d1   Thumb Code   426  fdcan.o(i.HAL_FDCAN_MspInit)
    HAL_FDCAN_RxBufferNewMessageCallback     0x0800269d   Thumb Code     2  stm32h7xx_hal_fdcan.o(i.HAL_FDCAN_RxBufferNewMessageCallback)
    HAL_FDCAN_RxFifo0Callback                0x080026a1   Thumb Code    36  bsp_fdcan.o(i.HAL_FDCAN_RxFifo0Callback)
    HAL_FDCAN_RxFifo1Callback                0x080026d1   Thumb Code     2  stm32h7xx_hal_fdcan.o(i.HAL_FDCAN_RxFifo1Callback)
    HAL_FDCAN_Start                          0x080026d3   Thumb Code    50  stm32h7xx_hal_fdcan.o(i.HAL_FDCAN_Start)
    HAL_FDCAN_TT_GlobalTimeCallback          0x08002705   Thumb Code     2  stm32h7xx_hal_fdcan.o(i.HAL_FDCAN_TT_GlobalTimeCallback)
    HAL_FDCAN_TT_ScheduleSyncCallback        0x08002707   Thumb Code     2  stm32h7xx_hal_fdcan.o(i.HAL_FDCAN_TT_ScheduleSyncCallback)
    HAL_FDCAN_TT_StopWatchCallback           0x08002709   Thumb Code     2  stm32h7xx_hal_fdcan.o(i.HAL_FDCAN_TT_StopWatchCallback)
    HAL_FDCAN_TT_TimeMarkCallback            0x0800270b   Thumb Code     2  stm32h7xx_hal_fdcan.o(i.HAL_FDCAN_TT_TimeMarkCallback)
    HAL_FDCAN_TimeoutOccurredCallback        0x0800270d   Thumb Code     2  stm32h7xx_hal_fdcan.o(i.HAL_FDCAN_TimeoutOccurredCallback)
    HAL_FDCAN_TimestampWraparoundCallback    0x0800270f   Thumb Code     2  stm32h7xx_hal_fdcan.o(i.HAL_FDCAN_TimestampWraparoundCallback)
    HAL_FDCAN_TxBufferAbortCallback          0x08002711   Thumb Code     2  stm32h7xx_hal_fdcan.o(i.HAL_FDCAN_TxBufferAbortCallback)
    HAL_FDCAN_TxBufferCompleteCallback       0x08002713   Thumb Code     2  stm32h7xx_hal_fdcan.o(i.HAL_FDCAN_TxBufferCompleteCallback)
    HAL_FDCAN_TxEventFifoCallback            0x08002715   Thumb Code     2  stm32h7xx_hal_fdcan.o(i.HAL_FDCAN_TxEventFifoCallback)
    HAL_FDCAN_TxFifoEmptyCallback            0x08002717   Thumb Code     2  stm32h7xx_hal_fdcan.o(i.HAL_FDCAN_TxFifoEmptyCallback)
    HAL_GPIO_Init                            0x08002719   Thumb Code   496  stm32h7xx_hal_gpio.o(i.HAL_GPIO_Init)
    HAL_GPIO_TogglePin                       0x08002935   Thumb Code    16  stm32h7xx_hal_gpio.o(i.HAL_GPIO_TogglePin)
    HAL_GPIO_WritePin                        0x08002945   Thumb Code    10  stm32h7xx_hal_gpio.o(i.HAL_GPIO_WritePin)
    HAL_GetTick                              0x08002951   Thumb Code     6  stm32h7xx_hal.o(i.HAL_GetTick)
    HAL_IWDG_Init                            0x0800295d   Thumb Code   102  stm32h7xx_hal_iwdg.o(i.HAL_IWDG_Init)
    HAL_IWDG_Refresh                         0x080029c3   Thumb Code    12  stm32h7xx_hal_iwdg.o(i.HAL_IWDG_Refresh)
    HAL_IncTick                              0x080029d1   Thumb Code    12  stm32h7xx_hal.o(i.HAL_IncTick)
    HAL_Init                                 0x080029e1   Thumb Code    74  stm32h7xx_hal.o(i.HAL_Init)
    HAL_InitTick                             0x08002a3d   Thumb Code   110  stm32h7xx_hal_timebase_tim.o(i.HAL_InitTick)
    HAL_MPU_ConfigRegion                     0x08002ac1   Thumb Code    86  stm32h7xx_hal_cortex.o(i.HAL_MPU_ConfigRegion)
    HAL_MPU_Disable                          0x08002b1d   Thumb Code    24  stm32h7xx_hal_cortex.o(i.HAL_MPU_Disable)
    HAL_MPU_Enable                           0x08002b39   Thumb Code    30  stm32h7xx_hal_cortex.o(i.HAL_MPU_Enable)
    HAL_MspInit                              0x08002b5d   Thumb Code    32  stm32h7xx_hal_msp.o(i.HAL_MspInit)
    HAL_NVIC_EnableIRQ                       0x08002b81   Thumb Code    26  stm32h7xx_hal_cortex.o(i.HAL_NVIC_EnableIRQ)
    HAL_NVIC_SetPriority                     0x08002b9d   Thumb Code    60  stm32h7xx_hal_cortex.o(i.HAL_NVIC_SetPriority)
    HAL_NVIC_SetPriorityGrouping             0x08002bdd   Thumb Code    28  stm32h7xx_hal_cortex.o(i.HAL_NVIC_SetPriorityGrouping)
    HAL_PWREx_ConfigSupply                   0x08002c01   Thumb Code    78  stm32h7xx_hal_pwr_ex.o(i.HAL_PWREx_ConfigSupply)
    HAL_RCCEx_GetD3PCLK1Freq                 0x08002c55   Thumb Code    26  stm32h7xx_hal_rcc_ex.o(i.HAL_RCCEx_GetD3PCLK1Freq)
    HAL_RCCEx_GetPLL2ClockFreq               0x08002c79   Thumb Code   296  stm32h7xx_hal_rcc_ex.o(i.HAL_RCCEx_GetPLL2ClockFreq)
    HAL_RCCEx_GetPLL3ClockFreq               0x08002dbd   Thumb Code   296  stm32h7xx_hal_rcc_ex.o(i.HAL_RCCEx_GetPLL3ClockFreq)
    HAL_RCCEx_PeriphCLKConfig                0x08002f01   Thumb Code  2362  stm32h7xx_hal_rcc_ex.o(i.HAL_RCCEx_PeriphCLKConfig)
    HAL_RCC_ClockConfig                      0x0800383d   Thumb Code   580  stm32h7xx_hal_rcc.o(i.HAL_RCC_ClockConfig)
    HAL_RCC_GetClockConfig                   0x08003a99   Thumb Code    84  stm32h7xx_hal_rcc.o(i.HAL_RCC_GetClockConfig)
    HAL_RCC_GetHCLKFreq                      0x08003af5   Thumb Code    52  stm32h7xx_hal_rcc.o(i.HAL_RCC_GetHCLKFreq)
    HAL_RCC_GetPCLK1Freq                     0x08003b39   Thumb Code    26  stm32h7xx_hal_rcc.o(i.HAL_RCC_GetPCLK1Freq)
    HAL_RCC_GetPCLK2Freq                     0x08003b5d   Thumb Code    26  stm32h7xx_hal_rcc.o(i.HAL_RCC_GetPCLK2Freq)
    HAL_RCC_GetSysClockFreq                  0x08003b81   Thumb Code   278  stm32h7xx_hal_rcc.o(i.HAL_RCC_GetSysClockFreq)
    HAL_RCC_OscConfig                        0x08003cb9   Thumb Code  1318  stm32h7xx_hal_rcc.o(i.HAL_RCC_OscConfig)
    HAL_TIMEx_Break2Callback                 0x080041df   Thumb Code     2  stm32h7xx_hal_tim_ex.o(i.HAL_TIMEx_Break2Callback)
    HAL_TIMEx_BreakCallback                  0x080041e1   Thumb Code     2  stm32h7xx_hal_tim_ex.o(i.HAL_TIMEx_BreakCallback)
    HAL_TIMEx_CommutCallback                 0x080041e3   Thumb Code     2  stm32h7xx_hal_tim_ex.o(i.HAL_TIMEx_CommutCallback)
    HAL_TIMEx_MasterConfigSynchronization    0x080041e5   Thumb Code   146  stm32h7xx_hal_tim_ex.o(i.HAL_TIMEx_MasterConfigSynchronization)
    HAL_TIM_Base_Init                        0x0800429d   Thumb Code    98  stm32h7xx_hal_tim.o(i.HAL_TIM_Base_Init)
    HAL_TIM_Base_MspInit                     0x08004301   Thumb Code    50  tim.o(i.HAL_TIM_Base_MspInit)
    HAL_TIM_Base_Start_IT                    0x0800433d   Thumb Code   118  stm32h7xx_hal_tim.o(i.HAL_TIM_Base_Start_IT)
    HAL_TIM_IC_CaptureCallback               0x080043dd   Thumb Code     2  stm32h7xx_hal_tim.o(i.HAL_TIM_IC_CaptureCallback)
    HAL_TIM_IRQHandler                       0x080043df   Thumb Code   386  stm32h7xx_hal_tim.o(i.HAL_TIM_IRQHandler)
    HAL_TIM_OC_DelayElapsedCallback          0x08004561   Thumb Code     2  stm32h7xx_hal_tim.o(i.HAL_TIM_OC_DelayElapsedCallback)
    HAL_TIM_PWM_PulseFinishedCallback        0x08004563   Thumb Code     2  stm32h7xx_hal_tim.o(i.HAL_TIM_PWM_PulseFinishedCallback)
    HAL_TIM_PeriodElapsedCallback            0x08004565   Thumb Code    88  main.o(i.HAL_TIM_PeriodElapsedCallback)
    HAL_TIM_TriggerCallback                  0x080045d1   Thumb Code     2  stm32h7xx_hal_tim.o(i.HAL_TIM_TriggerCallback)
    HAL_UARTEx_DisableFifoMode               0x080045d3   Thumb Code    64  stm32h7xx_hal_uart_ex.o(i.HAL_UARTEx_DisableFifoMode)
    HAL_UARTEx_RxEventCallback               0x08004613   Thumb Code     2  stm32h7xx_hal_uart.o(i.HAL_UARTEx_RxEventCallback)
    HAL_UARTEx_RxFifoFullCallback            0x08004615   Thumb Code     2  stm32h7xx_hal_uart_ex.o(i.HAL_UARTEx_RxFifoFullCallback)
    HAL_UARTEx_SetRxFifoThreshold            0x08004617   Thumb Code    76  stm32h7xx_hal_uart_ex.o(i.HAL_UARTEx_SetRxFifoThreshold)
    HAL_UARTEx_SetTxFifoThreshold            0x08004663   Thumb Code    76  stm32h7xx_hal_uart_ex.o(i.HAL_UARTEx_SetTxFifoThreshold)
    HAL_UARTEx_TxFifoEmptyCallback           0x080046af   Thumb Code     2  stm32h7xx_hal_uart_ex.o(i.HAL_UARTEx_TxFifoEmptyCallback)
    HAL_UARTEx_WakeupCallback                0x080046b1   Thumb Code     2  stm32h7xx_hal_uart_ex.o(i.HAL_UARTEx_WakeupCallback)
    HAL_UART_ErrorCallback                   0x080046b5   Thumb Code    48  main.o(i.HAL_UART_ErrorCallback)
    HAL_UART_IRQHandler                      0x080046f9   Thumb Code   878  stm32h7xx_hal_uart.o(i.HAL_UART_IRQHandler)
    HAL_UART_Init                            0x08004a81   Thumb Code   106  stm32h7xx_hal_uart.o(i.HAL_UART_Init)
    HAL_UART_MspInit                         0x08004aed   Thumb Code   676  usart.o(i.HAL_UART_MspInit)
    HAL_UART_Receive_IT                      0x08004db9   Thumb Code    66  stm32h7xx_hal_uart.o(i.HAL_UART_Receive_IT)
    HAL_UART_RxCpltCallback                  0x08004e01   Thumb Code   172  main.o(i.HAL_UART_RxCpltCallback)
    HAL_UART_TxCpltCallback                  0x08004ec9   Thumb Code     2  stm32h7xx_hal_uart.o(i.HAL_UART_TxCpltCallback)
    HardFault_Handler                        0x08004ecb   Thumb Code     2  stm32h7xx_it.o(i.HardFault_Handler)
    MX_DMA_Init                              0x08004ecd   Thumb Code   120  dma.o(i.MX_DMA_Init)
    MX_FDCAN1_Init                           0x08004f49   Thumb Code    96  fdcan.o(i.MX_FDCAN1_Init)
    MX_FDCAN2_Init                           0x08004fb1   Thumb Code    96  fdcan.o(i.MX_FDCAN2_Init)
    MX_FDCAN3_Init                           0x08005019   Thumb Code    96  fdcan.o(i.MX_FDCAN3_Init)
    MX_FREERTOS_Init                         0x08005081   Thumb Code    46  freertos.o(i.MX_FREERTOS_Init)
    MX_GPIO_Init                             0x080050c5   Thumb Code   228  gpio.o(i.MX_GPIO_Init)
    MX_IWDG1_Init                            0x080051b9   Thumb Code    36  iwdg.o(i.MX_IWDG1_Init)
    MX_TIM6_Init                             0x080051e5   Thumb Code    62  tim.o(i.MX_TIM6_Init)
    MX_UART7_Init                            0x0800522d   Thumb Code    92  usart.o(i.MX_UART7_Init)
    MX_USART2_UART_Init                      0x08005295   Thumb Code    94  usart.o(i.MX_USART2_UART_Init)
    MX_USART3_UART_Init                      0x080052fd   Thumb Code    94  usart.o(i.MX_USART3_UART_Init)
    MemManage_Handler                        0x08005365   Thumb Code     2  stm32h7xx_it.o(i.MemManage_Handler)
    NMI_Handler                              0x08005367   Thumb Code     2  stm32h7xx_it.o(i.NMI_Handler)
    PID_Angle_A_Para_Init                    0x08005369   Thumb Code   370  motorctrl.o(i.PID_Angle_A_Para_Init)
    PID_Angle_S_Para_Init                    0x080054e1   Thumb Code   370  motorctrl.o(i.PID_Angle_S_Para_Init)
    PID_MODEL_initialize                     0x08005659   Thumb Code   450  pid_model.o(i.PID_MODEL_initialize)
    PID_MODEL_step                           0x08005825   Thumb Code 18276  pid_model.o(i.PID_MODEL_step)
    PID_Speed_Para_Init                      0x08009f91   Thumb Code   370  motorctrl.o(i.PID_Speed_Para_Init)
    Reach_TGT                                0x0800a349   Thumb Code   726  upper_location.o(i.Reach_TGT)
    Receive                                  0x0800a66d   Thumb Code    74  upper_location.o(i.Receive)
    Set_6020_Mode                            0x0800a6c5   Thumb Code     6  bsp_fdcan.o(i.Set_6020_Mode)
    SysTick_Handler                          0x0800a6d1   Thumb Code    26  cmsis_os2.o(i.SysTick_Handler)
    SystemClock_Config                       0x0800a6ed   Thumb Code   150  main.o(i.SystemClock_Config)
    SystemInit                               0x0800a789   Thumb Code   158  system_stm32h7xx.o(i.SystemInit)
    TIM1_UP_IRQHandler                       0x0800a849   Thumb Code     6  stm32h7xx_it.o(i.TIM1_UP_IRQHandler)
    TIM6_DAC_IRQHandler                      0x0800a855   Thumb Code     6  stm32h7xx_it.o(i.TIM6_DAC_IRQHandler)
    TIM_Base_SetConfig                       0x0800a861   Thumb Code   174  stm32h7xx_hal_tim.o(i.TIM_Base_SetConfig)
    UART7_IRQHandler                         0x0800a939   Thumb Code     6  stm32h7xx_it.o(i.UART7_IRQHandler)
    UART_AdvFeatureConfig                    0x0800a989   Thumb Code   200  stm32h7xx_hal_uart.o(i.UART_AdvFeatureConfig)
    UART_CheckIdleState                      0x0800aa51   Thumb Code   170  stm32h7xx_hal_uart.o(i.UART_CheckIdleState)
    UART_SetConfig                           0x0800b035   Thumb Code   914  stm32h7xx_hal_uart.o(i.UART_SetConfig)
    UART_Start_Receive_IT                    0x0800b411   Thumb Code   256  stm32h7xx_hal_uart.o(i.UART_Start_Receive_IT)
    UART_WaitOnFlagUntilTimeout              0x0800b521   Thumb Code   140  stm32h7xx_hal_uart.o(i.UART_WaitOnFlagUntilTimeout)
    USART2_IRQHandler                        0x0800b5ad   Thumb Code     6  stm32h7xx_it.o(i.USART2_IRQHandler)
    USART3_IRQHandler                        0x0800b5b9   Thumb Code     6  stm32h7xx_it.o(i.USART3_IRQHandler)
    UsageFault_Handler                       0x0800b5c5   Thumb Code     2  stm32h7xx_it.o(i.UsageFault_Handler)
    __ARM_fpclassify                         0x0800b5c7   Thumb Code    48  fpclassify.o(i.__ARM_fpclassify)
    __hardfp_atan                            0x0800b619   Thumb Code   402  atan.o(i.__hardfp_atan)
    __hardfp_atan2                           0x0800b819   Thumb Code   392  atan2.o(i.__hardfp_atan2)
    __hardfp_cos                             0x0800b9e1   Thumb Code   158  cos.o(i.__hardfp_cos)
    __hardfp_pow                             0x0800ba91   Thumb Code  2140  pow.o(i.__hardfp_pow)
    __hardfp_sin                             0x0800c389   Thumb Code   158  sin.o(i.__hardfp_sin)
    __hardfp_sqrt                            0x0800c439   Thumb Code   102  sqrt.o(i.__hardfp_sqrt)
    __ieee754_rem_pio2                       0x0800c4a1   Thumb Code   646  rred.o(i.__ieee754_rem_pio2)
    __kernel_cos                             0x0800c7b1   Thumb Code   182  cos_i.o(i.__kernel_cos)
    __kernel_poly                            0x0800c891   Thumb Code   112  poly.o(i.__kernel_poly)
    __kernel_sin                             0x0800c901   Thumb Code   144  sin_i.o(i.__kernel_sin)
    __mathlib_dbl_divzero                    0x0800c9a9   Thumb Code    14  dunder.o(i.__mathlib_dbl_divzero)
    __mathlib_dbl_infnan                     0x0800c9c9   Thumb Code     6  dunder.o(i.__mathlib_dbl_infnan)
    __mathlib_dbl_infnan2                    0x0800c9cf   Thumb Code     6  dunder.o(i.__mathlib_dbl_infnan2)
    __mathlib_dbl_invalid                    0x0800c9d9   Thumb Code    10  dunder.o(i.__mathlib_dbl_invalid)
    __mathlib_dbl_overflow                   0x0800c9f1   Thumb Code    10  dunder.o(i.__mathlib_dbl_overflow)
    __mathlib_dbl_underflow                  0x0800ca09   Thumb Code    10  dunder.o(i.__mathlib_dbl_underflow)
    __scatterload_copy                       0x0800ca21   Thumb Code    14  handlers.o(i.__scatterload_copy)
    __scatterload_null                       0x0800ca2f   Thumb Code     2  handlers.o(i.__scatterload_null)
    __scatterload_zeroinit                   0x0800ca31   Thumb Code    14  handlers.o(i.__scatterload_zeroinit)
    __set_errno                              0x0800ca41   Thumb Code     6  errno.o(i.__set_errno)
    assign_output                            0x0800ca4d   Thumb Code  1016  motorctrl.o(i.assign_output)
    atan                                     0x0800ce45   Thumb Code    16  atan.o(i.atan)
    bsp_can_init                             0x0800ce55   Thumb Code    58  bsp_fdcan.o(i.bsp_can_init)
    cala_d                                   0x0800ce9d   Thumb Code   372  motorctrl.o(i.cala_d)
    can_filter_init                          0x0800d02d   Thumb Code   122  bsp_fdcan.o(i.can_filter_init)
    circle_cc                                0x0800d0b5   Thumb Code    38  dm_motor_ctrl.o(i.circle_cc)
    control_chassis                          0x0800d0dd   Thumb Code   472  upper_location.o(i.control_chassis)
    ctrlmotor                                0x0800d2d1   Thumb Code  1824  motorctrl.o(i.ctrlmotor)
    dm_motor_fbdata                          0x0800d9f9   Thumb Code   142  dm_motor_drv.o(i.dm_motor_fbdata)
    dribbling                                0x0800da89   Thumb Code    82  r1_dribble.o(i.dribbling)
    fabs                                     0x0800daed   Thumb Code    24  fabs.o(i.fabs)
    fdcan1_rx_callback                       0x0800db05   Thumb Code   176  dm_motor_ctrl.o(i.fdcan1_rx_callback)
    fdcan2_rx_callback                       0x0800dbcd   Thumb Code   176  dm_motor_ctrl.o(i.fdcan2_rx_callback)
    fdcan3_rx_callback                       0x0800dc95   Thumb Code   176  dm_motor_ctrl.o(i.fdcan3_rx_callback)
    fdcanx_receive                           0x0800dd5d   Thumb Code    98  bsp_fdcan.o(i.fdcanx_receive)
    get_msgn                                 0x0800ddc1   Thumb Code  1290  motorctrl.o(i.get_msgn)
    going_up                                 0x0800e2cd   Thumb Code    68  r1_dribble.o(i.going_up)
    main                                     0x0800e31d   Thumb Code  1204  main.o(i.main)
    motor_state_update                       0x0800e7d1   Thumb Code   106  bsp_fdcan.o(i.motor_state_update)
    osDelay                                  0x0800e841   Thumb Code    28  cmsis_os2.o(i.osDelay)
    osKernelInitialize                       0x0800e85d   Thumb Code    32  cmsis_os2.o(i.osKernelInitialize)
    osKernelStart                            0x0800e881   Thumb Code    48  cmsis_os2.o(i.osKernelStart)
    osThreadNew                              0x0800e8b9   Thumb Code   144  cmsis_os2.o(i.osThreadNew)
    pvPortMalloc                             0x0800f0e1   Thumb Code   216  heap_4.o(i.pvPortMalloc)
    pxPortInitialiseStack                    0x0800f1bd   Thumb Code    42  port.o(i.pxPortInitialiseStack)
    receive_motor_data                       0x0800f1ed   Thumb Code   478  dm_motor_ctrl.o(i.receive_motor_data)
    set_mode                                 0x0800f3cd   Thumb Code   264  motorctrl.o(i.set_mode)
    set_reset_status                         0x0800f4d9   Thumb Code  1574  motorctrl.o(i.set_reset_status)
    set_target                               0x0800fb05   Thumb Code   536  motorctrl.o(i.set_target)
    sqrt                                     0x0800fd2d   Thumb Code   106  sqrt.o(i.sqrt)
    start_chassis_control                    0x0800fd97   Thumb Code     6  freertos.o(i.start_chassis_control)
    start_run_ball                           0x0800fd9d   Thumb Code    42  freertos.o(i.start_run_ball)
    start_shoot_ball                         0x0800fdcd   Thumb Code    34  freertos.o(i.start_shoot_ball)
    uint_to_float                            0x0800fdf5   Thumb Code    40  dm_motor_drv.o(i.uint_to_float)
    update_sbus                              0x0800fe1d   Thumb Code   286  sbus.o(i.update_sbus)
    uxListRemove                             0x0800ff41   Thumb Code    38  list.o(i.uxListRemove)
    vApplicationGetIdleTaskMemory            0x0800ff69   Thumb Code    18  cmsis_os2.o(i.vApplicationGetIdleTaskMemory)
    vApplicationGetTimerTaskMemory           0x0800ff81   Thumb Code    20  cmsis_os2.o(i.vApplicationGetTimerTaskMemory)
    vListInitialise                          0x0800ff99   Thumb Code    22  list.o(i.vListInitialise)
    vListInitialiseItem                      0x0800ffaf   Thumb Code     6  list.o(i.vListInitialiseItem)
    vListInsert                              0x0800ffb5   Thumb Code    48  list.o(i.vListInsert)
    vListInsertEnd                           0x0800ffe5   Thumb Code    24  list.o(i.vListInsertEnd)
    vPortEnterCritical                       0x0800fffd   Thumb Code    54  port.o(i.vPortEnterCritical)
    vPortExitCritical                        0x0801003d   Thumb Code    34  port.o(i.vPortExitCritical)
    vPortFree                                0x08010065   Thumb Code    94  heap_4.o(i.vPortFree)
    vPortSetupTimerInterrupt                 0x080100c9   Thumb Code    32  port.o(i.vPortSetupTimerInterrupt)
    vPortValidateInterruptPriority           0x080100ed   Thumb Code    74  port.o(i.vPortValidateInterruptPriority)
    vQueueAddToRegistry                      0x08010141   Thumb Code    34  queue.o(i.vQueueAddToRegistry)
    vQueueWaitForMessageRestricted           0x08010169   Thumb Code    68  queue.o(i.vQueueWaitForMessageRestricted)
    vTaskDelay                               0x080101ad   Thumb Code    66  tasks.o(i.vTaskDelay)
    vTaskDelayUntil                          0x080101f9   Thumb Code   132  tasks.o(i.vTaskDelayUntil)
    vTaskInternalSetTimeOutState             0x08010285   Thumb Code    12  tasks.o(i.vTaskInternalSetTimeOutState)
    vTaskMissedYield                         0x08010295   Thumb Code     8  tasks.o(i.vTaskMissedYield)
    vTaskPlaceOnEventList                    0x080102a1   Thumb Code    44  tasks.o(i.vTaskPlaceOnEventList)
    vTaskPlaceOnEventListRestricted          0x080102d1   Thumb Code    52  tasks.o(i.vTaskPlaceOnEventListRestricted)
    vTaskStartScheduler                      0x08010309   Thumb Code   118  tasks.o(i.vTaskStartScheduler)
    vTaskSuspendAll                          0x08010391   Thumb Code    10  tasks.o(i.vTaskSuspendAll)
    vTaskSwitchContext                       0x080103a1   Thumb Code    90  tasks.o(i.vTaskSwitchContext)
    xPortStartScheduler                      0x08010405   Thumb Code   222  port.o(i.xPortStartScheduler)
    xPortSysTickHandler                      0x080104f9   Thumb Code    38  port.o(i.xPortSysTickHandler)
    xQueueGenericCreateStatic                0x08010525   Thumb Code   102  queue.o(i.xQueueGenericCreateStatic)
    xQueueGenericReset                       0x0801058d   Thumb Code   144  queue.o(i.xQueueGenericReset)
    xQueueGenericSend                        0x08010621   Thumb Code   346  queue.o(i.xQueueGenericSend)
    xQueueGenericSendFromISR                 0x08010781   Thumb Code   190  queue.o(i.xQueueGenericSendFromISR)
    xQueueReceive                            0x08010841   Thumb Code   310  queue.o(i.xQueueReceive)
    xTaskCheckForTimeOut                     0x0801097d   Thumb Code   116  tasks.o(i.xTaskCheckForTimeOut)
    xTaskCreate                              0x080109f5   Thumb Code    90  tasks.o(i.xTaskCreate)
    xTaskCreateStatic                        0x08010a4f   Thumb Code    86  tasks.o(i.xTaskCreateStatic)
    xTaskGetSchedulerState                   0x08010aa5   Thumb Code    22  tasks.o(i.xTaskGetSchedulerState)
    xTaskGetTickCount                        0x08010ac1   Thumb Code     6  tasks.o(i.xTaskGetTickCount)
    xTaskIncrementTick                       0x08010acd   Thumb Code   192  tasks.o(i.xTaskIncrementTick)
    xTaskPriorityDisinherit                  0x08010b95   Thumb Code   116  tasks.o(i.xTaskPriorityDisinherit)
    xTaskRemoveFromEventList                 0x08010c11   Thumb Code   100  tasks.o(i.xTaskRemoveFromEventList)
    xTaskResumeAll                           0x08010c81   Thumb Code   184  tasks.o(i.xTaskResumeAll)
    xTimerCreateTimerTask                    0x08010d45   Thumb Code    78  timers.o(i.xTimerCreateTimerTask)
    xTimerGenericCommand                     0x08010da5   Thumb Code    98  timers.o(i.xTimerGenericCommand)
    chassis_control_attributes               0x08010e0c   Data          36  freertos.o(.constdata)
    run_ball_attributes                      0x08010e30   Data          36  freertos.o(.constdata)
    shoot_ball_attributes                    0x08010e54   Data          36  freertos.o(.constdata)
    UARTPrescTable                           0x08010edc   Data          24  stm32h7xx_hal_uart.o(.constdata)
    D1CorePrescTable                         0x08010f04   Data          16  system_stm32h7xx.o(.constdata)
    __mathlib_zero                           0x08011068   Data           8  qnan.o(.constdata)
    Region$$Table$$Base                      0x08011188   Number         0  anon$$obj.o(Region$$Table)
    Region$$Table$$Limit                     0x080111a8   Number         0  anon$$obj.o(Region$$Table)
    uart_index                               0x24000000   Data           2  main.o(.data)
    chassis_controlHandle                    0x24000004   Data           4  freertos.o(.data)
    run_ballHandle                           0x24000008   Data           4  freertos.o(.data)
    shoot_ballHandle                         0x2400000c   Data           4  freertos.o(.data)
    key_sig                                  0x24000010   Data          10  freertos.o(.data)
    uwTickFreq                               0x24000020   Data           1  stm32h7xx_hal.o(.data)
    uwTickPrio                               0x24000024   Data           4  stm32h7xx_hal.o(.data)
    uwTick                                   0x24000028   Data           4  stm32h7xx_hal.o(.data)
    SystemCoreClock                          0x2400002c   Data           4  system_stm32h7xx.o(.data)
    SystemD2Clock                            0x24000030   Data           4  system_stm32h7xx.o(.data)
    mode_6020                                0x24000034   Data           1  bsp_fdcan.o(.data)
    mult                                     0x24000040   Data           8  motorctrl.o(.data)
    rtP                                      0x24000048   Data        1036  pid_model_data.o(.data)
    deadband                                 0x24000458   Data           8  upper_location.o(.data)
    TC                                       0x24000460   Data           8  upper_location.o(.data)
    Vel_Deadband                             0x24000468   Data          12  upper_location.o(.data)
    PID                                      0x24000478   Data          48  upper_location.o(.data)
    pxCurrentTCB                             0x240004a8   Data           4  tasks.o(.data)
    buffer                                   0x2400052c   Data         100  main.o(.bss)
    UART2_TX_BUF                             0x24000590   Data         100  main.o(.bss)
    UART7_RX_BUF                             0x240005f4   Data         100  main.o(.bss)
    UART2_RX_BUF                             0x24000658   Data         100  main.o(.bss)
    cnt                                      0x240006bc   Data          40  main.o(.bss)
    hfdcan1                                  0x240006e4   Data         160  fdcan.o(.bss)
    hfdcan2                                  0x24000784   Data         160  fdcan.o(.bss)
    hfdcan3                                  0x24000824   Data         160  fdcan.o(.bss)
    hiwdg1                                   0x240008c4   Data          16  iwdg.o(.bss)
    htim6                                    0x240008d4   Data          76  tim.o(.bss)
    huart7                                   0x24000920   Data         148  usart.o(.bss)
    huart2                                   0x240009b4   Data         148  usart.o(.bss)
    huart3                                   0x24000a48   Data         148  usart.o(.bss)
    hdma_uart7_rx                            0x24000adc   Data         120  usart.o(.bss)
    hdma_uart7_tx                            0x24000b54   Data         120  usart.o(.bss)
    hdma_usart2_rx                           0x24000bcc   Data         120  usart.o(.bss)
    hdma_usart2_tx                           0x24000c44   Data         120  usart.o(.bss)
    hdma_usart3_rx                           0x24000cbc   Data         120  usart.o(.bss)
    hdma_usart3_tx                           0x24000d34   Data         120  usart.o(.bss)
    htim1                                    0x24000dac   Data          76  stm32h7xx_hal_timebase_tim.o(.bss)
    can_message                              0x24000df8   Data          36  bsp_fdcan.o(.bss)
    pTxHeader                                0x24000e1c   Data          36  bsp_fdcan.o(.bss)
    can1_motor                               0x24000e40   Data         128  bsp_fdcan.o(.bss)
    can2_motor                               0x24000ec0   Data         128  bsp_fdcan.o(.bss)
    can3_motor                               0x24000f40   Data         128  bsp_fdcan.o(.bss)
    motor_data_can1                          0x24000fc0   Data          32  bsp_fdcan.o(.bss)
    motor_data_can2                          0x24000fe0   Data          32  bsp_fdcan.o(.bss)
    motor_data_can3                          0x24001000   Data          32  bsp_fdcan.o(.bss)
    motor                                    0x24001020   Data        2720  dm_motor_ctrl.o(.bss)
    tor_output                               0x24001ac0   Data         192  motorctrl.o(.bss)
    MotorSignal                              0x24001b80   Data         240  motorctrl.o(.bss)
    rtDW                                     0x24001c70   Data         736  pid_model.o(.bss)
    rtU                                      0x24001f50   Data         604  pid_model.o(.bss)
    rtY                                      0x240021ac   Data         260  pid_model.o(.bss)
    vehicle_test                             0x240022b0   Data          32  upper_location.o(.bss)
    RC                                       0x240022d0   Data          36  upper_location.o(.bss)
    SBUS_CH                                  0x240022f4   Data          84  sbus.o(.bss)
    xQueueRegistry                           0x24002348   Data          64  queue.o(.bss)
    __initial_sp                             0x24007020   Data           0  startup_stm32h723xx.o(STACK)



==============================================================================

Memory Map of the image

  Image Entry point : 0x080002cd

  Load Region LR_IROM1 (Base: 0x08000000, Size: 0x000116d4, Max: 0x00100000, ABSOLUTE, COMPRESSED[0x000111f8])

    Execution Region ER_IROM1 (Exec base: 0x08000000, Load base: 0x08000000, Size: 0x000111a8, Max: 0x00100000, ABSOLUTE)

    Exec Addr    Load Addr    Size         Type   Attr      Idx    E Section Name        Object

    0x08000000   0x08000000   0x000002cc   Data   RO            3    RESET               startup_stm32h723xx.o
    0x080002cc   0x080002cc   0x00000000   Code   RO         7920  * .ARM.Collect$$$$00000000  mc_w.l(entry.o)
    0x080002cc   0x080002cc   0x00000004   Code   RO         7986    .ARM.Collect$$$$00000001  mc_w.l(entry2.o)
    0x080002d0   0x080002d0   0x00000004   Code   RO         7989    .ARM.Collect$$$$00000004  mc_w.l(entry5.o)
    0x080002d4   0x080002d4   0x00000000   Code   RO         7991    .ARM.Collect$$$$00000008  mc_w.l(entry7b.o)
    0x080002d4   0x080002d4   0x00000000   Code   RO         7993    .ARM.Collect$$$$0000000A  mc_w.l(entry8b.o)
    0x080002d4   0x080002d4   0x00000008   Code   RO         7994    .ARM.Collect$$$$0000000B  mc_w.l(entry9a.o)
    0x080002dc   0x080002dc   0x00000004   Code   RO         8001    .ARM.Collect$$$$0000000E  mc_w.l(entry12b.o)
    0x080002e0   0x080002e0   0x00000000   Code   RO         7996    .ARM.Collect$$$$0000000F  mc_w.l(entry10a.o)
    0x080002e0   0x080002e0   0x00000000   Code   RO         7998    .ARM.Collect$$$$00000011  mc_w.l(entry11a.o)
    0x080002e0   0x080002e0   0x00000004   Code   RO         7987    .ARM.Collect$$$$00002712  mc_w.l(entry2.o)
    0x080002e4   0x080002e4   0x000000be   Code   RO         7781    .emb_text           port.o
    0x080003a2   0x080003a2   0x00000002   PAD
    0x080003a4   0x080003a4   0x00000024   Code   RO            4    .text               startup_stm32h723xx.o
    0x080003c8   0x080003c8   0x00000062   Code   RO         7923    .text               mc_w.l(uldiv.o)
    0x0800042a   0x0800042a   0x00000024   Code   RO         7925    .text               mc_w.l(memcpya.o)
    0x0800044e   0x0800044e   0x00000024   Code   RO         7929    .text               mc_w.l(memseta.o)
    0x08000472   0x08000472   0x0000001e   Code   RO         8002    .text               mc_w.l(llshl.o)
    0x08000490   0x08000490   0x00000020   Code   RO         8004    .text               mc_w.l(llushr.o)
    0x080004b0   0x080004b0   0x00000000   Code   RO         8013    .text               mc_w.l(iusefp.o)
    0x080004b0   0x080004b0   0x0000002e   Code   RO         8014    .text               mf_w.l(dscalb.o)
    0x080004de   0x080004de   0x00000002   PAD
    0x080004e0   0x080004e0   0x00000024   Code   RO         8016    .text               mc_w.l(init.o)
    0x08000504   0x08000504   0x00000056   Code   RO         8026    .text               mc_w.l(__dczerorl2.o)
    0x0800055a   0x0800055a   0x00000002   Code   RO          578    i.BusFault_Handler  stm32h7xx_it.o
    0x0800055c   0x0800055c   0x00000064   Code   RO         5445    i.CAN_CMD_MOTOR_DJI  bsp_fdcan.o
    0x080005c0   0x080005c0   0x00000084   Code   RO         5908    i.Chart1            pid_model.o
    0x08000644   0x08000644   0x0000000c   Code   RO          579    i.DMA1_Stream0_IRQHandler  stm32h7xx_it.o
    0x08000650   0x08000650   0x0000000c   Code   RO          580    i.DMA1_Stream1_IRQHandler  stm32h7xx_it.o
    0x0800065c   0x0800065c   0x0000000c   Code   RO          581    i.DMA1_Stream2_IRQHandler  stm32h7xx_it.o
    0x08000668   0x08000668   0x0000000c   Code   RO          582    i.DMA1_Stream3_IRQHandler  stm32h7xx_it.o
    0x08000674   0x08000674   0x0000000c   Code   RO          583    i.DMA1_Stream4_IRQHandler  stm32h7xx_it.o
    0x08000680   0x08000680   0x0000000c   Code   RO          584    i.DMA1_Stream5_IRQHandler  stm32h7xx_it.o
    0x0800068c   0x0800068c   0x000000b4   Code   RO         1562    i.DMA_CalcBaseAndBitshift  stm32h7xx_hal_dma.o
    0x08000740   0x08000740   0x0000009c   Code   RO         1563    i.DMA_CalcDMAMUXChannelBaseAndMask  stm32h7xx_hal_dma.o
    0x080007dc   0x080007dc   0x00000074   Code   RO         1564    i.DMA_CalcDMAMUXRequestGenBaseAndMask  stm32h7xx_hal_dma.o
    0x08000850   0x08000850   0x00000054   Code   RO         1565    i.DMA_CheckFifoParam  stm32h7xx_hal_dma.o
    0x080008a4   0x080008a4   0x00000002   Code   RO          585    i.DebugMon_Handler  stm32h7xx_it.o
    0x080008a6   0x080008a6   0x00000004   Code   RO           13    i.Error_Handler     main.o
    0x080008aa   0x080008aa   0x00000002   PAD
    0x080008ac   0x080008ac   0x0000000c   Code   RO          586    i.FDCAN1_IT0_IRQHandler  stm32h7xx_it.o
    0x080008b8   0x080008b8   0x0000000c   Code   RO          587    i.FDCAN2_IT0_IRQHandler  stm32h7xx_it.o
    0x080008c4   0x080008c4   0x0000000c   Code   RO          588    i.FDCAN2_IT1_IRQHandler  stm32h7xx_it.o
    0x080008d0   0x080008d0   0x0000000c   Code   RO          589    i.FDCAN3_IT0_IRQHandler  stm32h7xx_it.o
    0x080008dc   0x080008dc   0x0000000c   Code   RO          590    i.FDCAN3_IT1_IRQHandler  stm32h7xx_it.o
    0x080008e8   0x080008e8   0x0000001c   Code   RO          591    i.FDCAN_CAL_IRQHandler  stm32h7xx_it.o
    0x08000904   0x08000904   0x000001c8   Code   RO         3203    i.FDCAN_CalcultateRamBlockAddresses  stm32h7xx_hal_fdcan.o
    0x08000acc   0x08000acc   0x00000080   Code   RO         3204    i.FDCAN_CopyMessageToRAM  stm32h7xx_hal_fdcan.o
    0x08000b4c   0x08000b4c   0x00000360   Code   RO         1567    i.HAL_DMA_Abort     stm32h7xx_hal_dma.o
    0x08000eac   0x08000eac   0x00000284   Code   RO         1568    i.HAL_DMA_Abort_IT  stm32h7xx_hal_dma.o
    0x08001130   0x08001130   0x000006e8   Code   RO         1572    i.HAL_DMA_IRQHandler  stm32h7xx_hal_dma.o
    0x08001818   0x08001818   0x000003bc   Code   RO         1573    i.HAL_DMA_Init      stm32h7xx_hal_dma.o
    0x08001bd4   0x08001bd4   0x00000088   Code   RO         3206    i.HAL_FDCAN_ActivateNotification  stm32h7xx_hal_fdcan.o
    0x08001c5c   0x08001c5c   0x00000066   Code   RO         3208    i.HAL_FDCAN_AddMessageToTxFifoQ  stm32h7xx_hal_fdcan.o
    0x08001cc2   0x08001cc2   0x00000002   Code   RO         3209    i.HAL_FDCAN_ClockCalibrationCallback  stm32h7xx_hal_fdcan.o
    0x08001cc4   0x08001cc4   0x0000005a   Code   RO         3212    i.HAL_FDCAN_ConfigFifoWatermark  stm32h7xx_hal_fdcan.o
    0x08001d1e   0x08001d1e   0x0000007e   Code   RO         3213    i.HAL_FDCAN_ConfigFilter  stm32h7xx_hal_fdcan.o
    0x08001d9c   0x08001d9c   0x00000032   Code   RO         3214    i.HAL_FDCAN_ConfigGlobalFilter  stm32h7xx_hal_fdcan.o
    0x08001dce   0x08001dce   0x00000002   Code   RO         3235    i.HAL_FDCAN_ErrorCallback  stm32h7xx_hal_fdcan.o
    0x08001dd0   0x08001dd0   0x00000002   Code   RO         3236    i.HAL_FDCAN_ErrorStatusCallback  stm32h7xx_hal_fdcan.o
    0x08001dd2   0x08001dd2   0x00000002   PAD
    0x08001dd4   0x08001dd4   0x00000194   Code   RO         3247    i.HAL_FDCAN_GetRxMessage  stm32h7xx_hal_fdcan.o
    0x08001f68   0x08001f68   0x00000002   Code   RO         3253    i.HAL_FDCAN_HighPriorityMessageCallback  stm32h7xx_hal_fdcan.o
    0x08001f6a   0x08001f6a   0x00000002   PAD
    0x08001f6c   0x08001f6c   0x00000320   Code   RO         3254    i.HAL_FDCAN_IRQHandler  stm32h7xx_hal_fdcan.o
    0x0800228c   0x0800228c   0x00000244   Code   RO         3255    i.HAL_FDCAN_Init    stm32h7xx_hal_fdcan.o
    0x080024d0   0x080024d0   0x000001cc   Code   RO          398    i.HAL_FDCAN_MspInit  fdcan.o
    0x0800269c   0x0800269c   0x00000002   Code   RO         3264    i.HAL_FDCAN_RxBufferNewMessageCallback  stm32h7xx_hal_fdcan.o
    0x0800269e   0x0800269e   0x00000002   PAD
    0x080026a0   0x080026a0   0x00000030   Code   RO         5446    i.HAL_FDCAN_RxFifo0Callback  bsp_fdcan.o
    0x080026d0   0x080026d0   0x00000002   Code   RO         3266    i.HAL_FDCAN_RxFifo1Callback  stm32h7xx_hal_fdcan.o
    0x080026d2   0x080026d2   0x00000032   Code   RO         3267    i.HAL_FDCAN_Start   stm32h7xx_hal_fdcan.o
    0x08002704   0x08002704   0x00000002   Code   RO         3289    i.HAL_FDCAN_TT_GlobalTimeCallback  stm32h7xx_hal_fdcan.o
    0x08002706   0x08002706   0x00000002   Code   RO         3290    i.HAL_FDCAN_TT_ScheduleSyncCallback  stm32h7xx_hal_fdcan.o
    0x08002708   0x08002708   0x00000002   Code   RO         3295    i.HAL_FDCAN_TT_StopWatchCallback  stm32h7xx_hal_fdcan.o
    0x0800270a   0x0800270a   0x00000002   Code   RO         3296    i.HAL_FDCAN_TT_TimeMarkCallback  stm32h7xx_hal_fdcan.o
    0x0800270c   0x0800270c   0x00000002   Code   RO         3297    i.HAL_FDCAN_TimeoutOccurredCallback  stm32h7xx_hal_fdcan.o
    0x0800270e   0x0800270e   0x00000002   Code   RO         3298    i.HAL_FDCAN_TimestampWraparoundCallback  stm32h7xx_hal_fdcan.o
    0x08002710   0x08002710   0x00000002   Code   RO         3299    i.HAL_FDCAN_TxBufferAbortCallback  stm32h7xx_hal_fdcan.o
    0x08002712   0x08002712   0x00000002   Code   RO         3300    i.HAL_FDCAN_TxBufferCompleteCallback  stm32h7xx_hal_fdcan.o
    0x08002714   0x08002714   0x00000002   Code   RO         3301    i.HAL_FDCAN_TxEventFifoCallback  stm32h7xx_hal_fdcan.o
    0x08002716   0x08002716   0x00000002   Code   RO         3302    i.HAL_FDCAN_TxFifoEmptyCallback  stm32h7xx_hal_fdcan.o
    0x08002718   0x08002718   0x0000021c   Code   RO         1415    i.HAL_GPIO_Init     stm32h7xx_hal_gpio.o
    0x08002934   0x08002934   0x00000010   Code   RO         1418    i.HAL_GPIO_TogglePin  stm32h7xx_hal_gpio.o
    0x08002944   0x08002944   0x0000000a   Code   RO         1419    i.HAL_GPIO_WritePin  stm32h7xx_hal_gpio.o
    0x0800294e   0x0800294e   0x00000002   PAD
    0x08002950   0x08002950   0x0000000c   Code   RO         2280    i.HAL_GetTick       stm32h7xx_hal.o
    0x0800295c   0x0800295c   0x00000066   Code   RO         3821    i.HAL_IWDG_Init     stm32h7xx_hal_iwdg.o
    0x080029c2   0x080029c2   0x0000000c   Code   RO         3822    i.HAL_IWDG_Refresh  stm32h7xx_hal_iwdg.o
    0x080029ce   0x080029ce   0x00000002   PAD
    0x080029d0   0x080029d0   0x00000010   Code   RO         2286    i.HAL_IncTick       stm32h7xx_hal.o
    0x080029e0   0x080029e0   0x0000005c   Code   RO         2287    i.HAL_Init          stm32h7xx_hal.o
    0x08002a3c   0x08002a3c   0x00000084   Code   RO          762    i.HAL_InitTick      stm32h7xx_hal_timebase_tim.o
    0x08002ac0   0x08002ac0   0x0000005c   Code   RO          802    i.HAL_MPU_ConfigRegion  stm32h7xx_hal_cortex.o
    0x08002b1c   0x08002b1c   0x0000001c   Code   RO          803    i.HAL_MPU_Disable   stm32h7xx_hal_cortex.o
    0x08002b38   0x08002b38   0x00000024   Code   RO          804    i.HAL_MPU_Enable    stm32h7xx_hal_cortex.o
    0x08002b5c   0x08002b5c   0x00000024   Code   RO          738    i.HAL_MspInit       stm32h7xx_hal_msp.o
    0x08002b80   0x08002b80   0x0000001a   Code   RO          807    i.HAL_NVIC_EnableIRQ  stm32h7xx_hal_cortex.o
    0x08002b9a   0x08002b9a   0x00000002   PAD
    0x08002b9c   0x08002b9c   0x00000040   Code   RO          813    i.HAL_NVIC_SetPriority  stm32h7xx_hal_cortex.o
    0x08002bdc   0x08002bdc   0x00000024   Code   RO          814    i.HAL_NVIC_SetPriorityGrouping  stm32h7xx_hal_cortex.o
    0x08002c00   0x08002c00   0x00000054   Code   RO         2016    i.HAL_PWREx_ConfigSupply  stm32h7xx_hal_pwr_ex.o
    0x08002c54   0x08002c54   0x00000024   Code   RO         1058    i.HAL_RCCEx_GetD3PCLK1Freq  stm32h7xx_hal_rcc_ex.o
    0x08002c78   0x08002c78   0x00000144   Code   RO         1060    i.HAL_RCCEx_GetPLL2ClockFreq  stm32h7xx_hal_rcc_ex.o
    0x08002dbc   0x08002dbc   0x00000144   Code   RO         1061    i.HAL_RCCEx_GetPLL3ClockFreq  stm32h7xx_hal_rcc_ex.o
    0x08002f00   0x08002f00   0x0000093a   Code   RO         1067    i.HAL_RCCEx_PeriphCLKConfig  stm32h7xx_hal_rcc_ex.o
    0x0800383a   0x0800383a   0x00000002   PAD
    0x0800383c   0x0800383c   0x0000025c   Code   RO          943    i.HAL_RCC_ClockConfig  stm32h7xx_hal_rcc.o
    0x08003a98   0x08003a98   0x0000005c   Code   RO          947    i.HAL_RCC_GetClockConfig  stm32h7xx_hal_rcc.o
    0x08003af4   0x08003af4   0x00000044   Code   RO          948    i.HAL_RCC_GetHCLKFreq  stm32h7xx_hal_rcc.o
    0x08003b38   0x08003b38   0x00000024   Code   RO          950    i.HAL_RCC_GetPCLK1Freq  stm32h7xx_hal_rcc.o
    0x08003b5c   0x08003b5c   0x00000024   Code   RO          951    i.HAL_RCC_GetPCLK2Freq  stm32h7xx_hal_rcc.o
    0x08003b80   0x08003b80   0x00000138   Code   RO          952    i.HAL_RCC_GetSysClockFreq  stm32h7xx_hal_rcc.o
    0x08003cb8   0x08003cb8   0x00000526   Code   RO          955    i.HAL_RCC_OscConfig  stm32h7xx_hal_rcc.o
    0x080041de   0x080041de   0x00000002   Code   RO         4567    i.HAL_TIMEx_Break2Callback  stm32h7xx_hal_tim_ex.o
    0x080041e0   0x080041e0   0x00000002   Code   RO         4568    i.HAL_TIMEx_BreakCallback  stm32h7xx_hal_tim_ex.o
    0x080041e2   0x080041e2   0x00000002   Code   RO         4569    i.HAL_TIMEx_CommutCallback  stm32h7xx_hal_tim_ex.o
    0x080041e4   0x080041e4   0x000000b8   Code   RO         4590    i.HAL_TIMEx_MasterConfigSynchronization  stm32h7xx_hal_tim_ex.o
    0x0800429c   0x0800429c   0x00000062   Code   RO         3853    i.HAL_TIM_Base_Init  stm32h7xx_hal_tim.o
    0x080042fe   0x080042fe   0x00000002   PAD
    0x08004300   0x08004300   0x0000003c   Code   RO          483    i.HAL_TIM_Base_MspInit  tim.o
    0x0800433c   0x0800433c   0x000000a0   Code   RO         3858    i.HAL_TIM_Base_Start_IT  stm32h7xx_hal_tim.o
    0x080043dc   0x080043dc   0x00000002   Code   RO         3887    i.HAL_TIM_IC_CaptureCallback  stm32h7xx_hal_tim.o
    0x080043de   0x080043de   0x00000182   Code   RO         3901    i.HAL_TIM_IRQHandler  stm32h7xx_hal_tim.o
    0x08004560   0x08004560   0x00000002   Code   RO         3904    i.HAL_TIM_OC_DelayElapsedCallback  stm32h7xx_hal_tim.o
    0x08004562   0x08004562   0x00000002   Code   RO         3931    i.HAL_TIM_PWM_PulseFinishedCallback  stm32h7xx_hal_tim.o
    0x08004564   0x08004564   0x0000006c   Code   RO           14    i.HAL_TIM_PeriodElapsedCallback  main.o
    0x080045d0   0x080045d0   0x00000002   Code   RO         3944    i.HAL_TIM_TriggerCallback  stm32h7xx_hal_tim.o
    0x080045d2   0x080045d2   0x00000040   Code   RO         5290    i.HAL_UARTEx_DisableFifoMode  stm32h7xx_hal_uart_ex.o
    0x08004612   0x08004612   0x00000002   Code   RO         4879    i.HAL_UARTEx_RxEventCallback  stm32h7xx_hal_uart.o
    0x08004614   0x08004614   0x00000002   Code   RO         5298    i.HAL_UARTEx_RxFifoFullCallback  stm32h7xx_hal_uart_ex.o
    0x08004616   0x08004616   0x0000004c   Code   RO         5299    i.HAL_UARTEx_SetRxFifoThreshold  stm32h7xx_hal_uart_ex.o
    0x08004662   0x08004662   0x0000004c   Code   RO         5300    i.HAL_UARTEx_SetTxFifoThreshold  stm32h7xx_hal_uart_ex.o
    0x080046ae   0x080046ae   0x00000002   Code   RO         5302    i.HAL_UARTEx_TxFifoEmptyCallback  stm32h7xx_hal_uart_ex.o
    0x080046b0   0x080046b0   0x00000002   Code   RO         5303    i.HAL_UARTEx_WakeupCallback  stm32h7xx_hal_uart_ex.o
    0x080046b2   0x080046b2   0x00000002   PAD
    0x080046b4   0x080046b4   0x00000044   Code   RO           15    i.HAL_UART_ErrorCallback  main.o
    0x080046f8   0x080046f8   0x00000388   Code   RO         4898    i.HAL_UART_IRQHandler  stm32h7xx_hal_uart.o
    0x08004a80   0x08004a80   0x0000006a   Code   RO         4899    i.HAL_UART_Init     stm32h7xx_hal_uart.o
    0x08004aea   0x08004aea   0x00000002   PAD
    0x08004aec   0x08004aec   0x000002cc   Code   RO          525    i.HAL_UART_MspInit  usart.o
    0x08004db8   0x08004db8   0x00000048   Code   RO         4904    i.HAL_UART_Receive_IT  stm32h7xx_hal_uart.o
    0x08004e00   0x08004e00   0x000000c8   Code   RO           16    i.HAL_UART_RxCpltCallback  main.o
    0x08004ec8   0x08004ec8   0x00000002   Code   RO         4911    i.HAL_UART_TxCpltCallback  stm32h7xx_hal_uart.o
    0x08004eca   0x08004eca   0x00000002   Code   RO          592    i.HardFault_Handler  stm32h7xx_it.o
    0x08004ecc   0x08004ecc   0x0000007c   Code   RO          373    i.MX_DMA_Init       dma.o
    0x08004f48   0x08004f48   0x00000068   Code   RO          399    i.MX_FDCAN1_Init    fdcan.o
    0x08004fb0   0x08004fb0   0x00000068   Code   RO          400    i.MX_FDCAN2_Init    fdcan.o
    0x08005018   0x08005018   0x00000068   Code   RO          401    i.MX_FDCAN3_Init    fdcan.o
    0x08005080   0x08005080   0x00000044   Code   RO          311    i.MX_FREERTOS_Init  freertos.o
    0x080050c4   0x080050c4   0x000000f4   Code   RO          287    i.MX_GPIO_Init      gpio.o
    0x080051b8   0x080051b8   0x0000002c   Code   RO          452    i.MX_IWDG1_Init     iwdg.o
    0x080051e4   0x080051e4   0x00000048   Code   RO          484    i.MX_TIM6_Init      tim.o
    0x0800522c   0x0800522c   0x00000068   Code   RO          526    i.MX_UART7_Init     usart.o
    0x08005294   0x08005294   0x00000068   Code   RO          527    i.MX_USART2_UART_Init  usart.o
    0x080052fc   0x080052fc   0x00000068   Code   RO          528    i.MX_USART3_UART_Init  usart.o
    0x08005364   0x08005364   0x00000002   Code   RO          593    i.MemManage_Handler  stm32h7xx_it.o
    0x08005366   0x08005366   0x00000002   Code   RO          594    i.NMI_Handler       stm32h7xx_it.o
    0x08005368   0x08005368   0x00000178   Code   RO         5805    i.PID_Angle_A_Para_Init  motorctrl.o
    0x080054e0   0x080054e0   0x00000178   Code   RO         5806    i.PID_Angle_S_Para_Init  motorctrl.o
    0x08005658   0x08005658   0x000001cc   Code   RO         5909    i.PID_MODEL_initialize  pid_model.o
    0x08005824   0x08005824   0x0000476c   Code   RO         5910    i.PID_MODEL_step    pid_model.o
    0x08009f90   0x08009f90   0x00000178   Code   RO         5807    i.PID_Speed_Para_Init  motorctrl.o
    0x0800a108   0x0800a108   0x00000120   Code   RO         1070    i.RCCEx_PLL2_Config  stm32h7xx_hal_rcc_ex.o
    0x0800a228   0x0800a228   0x00000120   Code   RO         1071    i.RCCEx_PLL3_Config  stm32h7xx_hal_rcc_ex.o
    0x0800a348   0x0800a348   0x00000324   Code   RO         5956    i.Reach_TGT         upper_location.o
    0x0800a66c   0x0800a66c   0x00000058   Code   RO         5957    i.Receive           upper_location.o
    0x0800a6c4   0x0800a6c4   0x0000000c   Code   RO         5447    i.Set_6020_Mode     bsp_fdcan.o
    0x0800a6d0   0x0800a6d0   0x0000001a   Code   RO         7213    i.SysTick_Handler   cmsis_os2.o
    0x0800a6ea   0x0800a6ea   0x00000002   PAD
    0x0800a6ec   0x0800a6ec   0x0000009c   Code   RO           17    i.SystemClock_Config  main.o
    0x0800a788   0x0800a788   0x000000c0   Code   RO         5409    i.SystemInit        system_stm32h7xx.o
    0x0800a848   0x0800a848   0x0000000c   Code   RO          595    i.TIM1_UP_IRQHandler  stm32h7xx_it.o
    0x0800a854   0x0800a854   0x0000000c   Code   RO          596    i.TIM6_DAC_IRQHandler  stm32h7xx_it.o
    0x0800a860   0x0800a860   0x000000d8   Code   RO         3946    i.TIM_Base_SetConfig  stm32h7xx_hal_tim.o
    0x0800a938   0x0800a938   0x0000000c   Code   RO          597    i.UART7_IRQHandler  stm32h7xx_it.o
    0x0800a944   0x0800a944   0x00000044   Code   RO         5304    i.UARTEx_SetNbDataToProcess  stm32h7xx_hal_uart_ex.o
    0x0800a988   0x0800a988   0x000000c8   Code   RO         4913    i.UART_AdvFeatureConfig  stm32h7xx_hal_uart.o
    0x0800aa50   0x0800aa50   0x000000aa   Code   RO         4914    i.UART_CheckIdleState  stm32h7xx_hal_uart.o
    0x0800aafa   0x0800aafa   0x00000014   Code   RO         4915    i.UART_DMAAbortOnError  stm32h7xx_hal_uart.o
    0x0800ab0e   0x0800ab0e   0x00000002   PAD
    0x0800ab10   0x0800ab10   0x00000054   Code   RO         4925    i.UART_EndRxTransfer  stm32h7xx_hal_uart.o
    0x0800ab64   0x0800ab64   0x000000c8   Code   RO         4927    i.UART_RxISR_16BIT  stm32h7xx_hal_uart.o
    0x0800ac2c   0x0800ac2c   0x000001a0   Code   RO         4928    i.UART_RxISR_16BIT_FIFOEN  stm32h7xx_hal_uart.o
    0x0800adcc   0x0800adcc   0x000000c8   Code   RO         4929    i.UART_RxISR_8BIT   stm32h7xx_hal_uart.o
    0x0800ae94   0x0800ae94   0x000001a0   Code   RO         4930    i.UART_RxISR_8BIT_FIFOEN  stm32h7xx_hal_uart.o
    0x0800b034   0x0800b034   0x000003dc   Code   RO         4931    i.UART_SetConfig    stm32h7xx_hal_uart.o
    0x0800b410   0x0800b410   0x00000110   Code   RO         4933    i.UART_Start_Receive_IT  stm32h7xx_hal_uart.o
    0x0800b520   0x0800b520   0x0000008c   Code   RO         4938    i.UART_WaitOnFlagUntilTimeout  stm32h7xx_hal_uart.o
    0x0800b5ac   0x0800b5ac   0x0000000c   Code   RO          598    i.USART2_IRQHandler  stm32h7xx_it.o
    0x0800b5b8   0x0800b5b8   0x0000000c   Code   RO          599    i.USART3_IRQHandler  stm32h7xx_it.o
    0x0800b5c4   0x0800b5c4   0x00000002   Code   RO          600    i.UsageFault_Handler  stm32h7xx_it.o
    0x0800b5c6   0x0800b5c6   0x00000030   Code   RO         7970    i.__ARM_fpclassify  m_wv.l(fpclassify.o)
    0x0800b5f6   0x0800b5f6   0x00000022   Code   RO          820    i.__NVIC_SetPriority  stm32h7xx_hal_cortex.o
    0x0800b618   0x0800b618   0x00000200   Code   RO         7933    i.__hardfp_atan     m_wv.l(atan.o)
    0x0800b818   0x0800b818   0x000001c8   Code   RO         7858    i.__hardfp_atan2    m_wv.l(atan2.o)
    0x0800b9e0   0x0800b9e0   0x000000b0   Code   RO         7870    i.__hardfp_cos      m_wv.l(cos.o)
    0x0800ba90   0x0800ba90   0x000008f8   Code   RO         7882    i.__hardfp_pow      m_wv.l(pow.o)
    0x0800c388   0x0800c388   0x000000b0   Code   RO         7896    i.__hardfp_sin      m_wv.l(sin.o)
    0x0800c438   0x0800c438   0x00000066   Code   RO         7908    i.__hardfp_sqrt     m_wv.l(sqrt.o)
    0x0800c49e   0x0800c49e   0x00000002   PAD
    0x0800c4a0   0x0800c4a0   0x00000310   Code   RO         7975    i.__ieee754_rem_pio2  m_wv.l(rred.o)
    0x0800c7b0   0x0800c7b0   0x000000e0   Code   RO         7947    i.__kernel_cos      m_wv.l(cos_i.o)
    0x0800c890   0x0800c890   0x00000070   Code   RO         7972    i.__kernel_poly     m_wv.l(poly.o)
    0x0800c900   0x0800c900   0x000000a8   Code   RO         7980    i.__kernel_sin      m_wv.l(sin_i.o)
    0x0800c9a8   0x0800c9a8   0x00000020   Code   RO         7950    i.__mathlib_dbl_divzero  m_wv.l(dunder.o)
    0x0800c9c8   0x0800c9c8   0x00000006   Code   RO         7951    i.__mathlib_dbl_infnan  m_wv.l(dunder.o)
    0x0800c9ce   0x0800c9ce   0x00000006   Code   RO         7952    i.__mathlib_dbl_infnan2  m_wv.l(dunder.o)
    0x0800c9d4   0x0800c9d4   0x00000004   PAD
    0x0800c9d8   0x0800c9d8   0x00000018   Code   RO         7953    i.__mathlib_dbl_invalid  m_wv.l(dunder.o)
    0x0800c9f0   0x0800c9f0   0x00000018   Code   RO         7954    i.__mathlib_dbl_overflow  m_wv.l(dunder.o)
    0x0800ca08   0x0800ca08   0x00000018   Code   RO         7956    i.__mathlib_dbl_underflow  m_wv.l(dunder.o)
    0x0800ca20   0x0800ca20   0x0000000e   Code   RO         8020    i.__scatterload_copy  mc_w.l(handlers.o)
    0x0800ca2e   0x0800ca2e   0x00000002   Code   RO         8021    i.__scatterload_null  mc_w.l(handlers.o)
    0x0800ca30   0x0800ca30   0x0000000e   Code   RO         8022    i.__scatterload_zeroinit  mc_w.l(handlers.o)
    0x0800ca3e   0x0800ca3e   0x00000002   PAD
    0x0800ca40   0x0800ca40   0x0000000c   Code   RO         8008    i.__set_errno       mc_w.l(errno.o)
    0x0800ca4c   0x0800ca4c   0x000003f8   Code   RO         5808    i.assign_output     motorctrl.o
    0x0800ce44   0x0800ce44   0x00000010   Code   RO         7935    i.atan              m_wv.l(atan.o)
    0x0800ce54   0x0800ce54   0x00000048   Code   RO         5448    i.bsp_can_init      bsp_fdcan.o
    0x0800ce9c   0x0800ce9c   0x00000190   Code   RO         5809    i.cala_d            motorctrl.o
    0x0800d02c   0x0800d02c   0x00000088   Code   RO         5449    i.can_filter_init   bsp_fdcan.o
    0x0800d0b4   0x0800d0b4   0x00000026   Code   RO         5594    i.circle_cc         dm_motor_ctrl.o
    0x0800d0da   0x0800d0da   0x00000002   PAD
    0x0800d0dc   0x0800d0dc   0x000001f4   Code   RO         5958    i.control_chassis   upper_location.o
    0x0800d2d0   0x0800d2d0   0x00000728   Code   RO         5810    i.ctrlmotor         motorctrl.o
    0x0800d9f8   0x0800d9f8   0x0000008e   Code   RO         5675    i.dm_motor_fbdata   dm_motor_drv.o
    0x0800da86   0x0800da86   0x00000002   PAD
    0x0800da88   0x0800da88   0x00000064   Code   RO         6053    i.dribbling         r1_dribble.o
    0x0800daec   0x0800daec   0x00000018   Code   RO         7966    i.fabs              m_wv.l(fabs.o)
    0x0800db04   0x0800db04   0x000000c8   Code   RO         5596    i.fdcan1_rx_callback  dm_motor_ctrl.o
    0x0800dbcc   0x0800dbcc   0x000000c8   Code   RO         5597    i.fdcan2_rx_callback  dm_motor_ctrl.o
    0x0800dc94   0x0800dc94   0x000000c8   Code   RO         5598    i.fdcan3_rx_callback  dm_motor_ctrl.o
    0x0800dd5c   0x0800dd5c   0x00000062   Code   RO         5453    i.fdcanx_receive    bsp_fdcan.o
    0x0800ddbe   0x0800ddbe   0x00000002   PAD
    0x0800ddc0   0x0800ddc0   0x0000050a   Code   RO         5811    i.get_msgn          motorctrl.o
    0x0800e2ca   0x0800e2ca   0x00000002   PAD
    0x0800e2cc   0x0800e2cc   0x00000050   Code   RO         6055    i.going_up          r1_dribble.o
    0x0800e31c   0x0800e31c   0x000004b4   Code   RO           18    i.main              main.o
    0x0800e7d0   0x0800e7d0   0x00000070   Code   RO         5458    i.motor_state_update  bsp_fdcan.o
    0x0800e840   0x0800e840   0x0000001c   Code   RO         7215    i.osDelay           cmsis_os2.o
    0x0800e85c   0x0800e85c   0x00000024   Code   RO         7229    i.osKernelInitialize  cmsis_os2.o
    0x0800e880   0x0800e880   0x00000038   Code   RO         7232    i.osKernelStart     cmsis_os2.o
    0x0800e8b8   0x0800e8b8   0x00000090   Code   RO         7274    i.osThreadNew       cmsis_os2.o
    0x0800e948   0x0800e948   0x0000005c   Code   RO         6674    i.prvAddCurrentTaskToDelayedList  tasks.o
    0x0800e9a4   0x0800e9a4   0x000000d0   Code   RO         6675    i.prvAddNewTaskToReadyList  tasks.o
    0x0800ea74   0x0800ea74   0x00000058   Code   RO         7039    i.prvCheckForValidListAndQueue  timers.o
    0x0800eacc   0x0800eacc   0x00000026   Code   RO         6271    i.prvCopyDataFromQueue  queue.o
    0x0800eaf2   0x0800eaf2   0x0000006c   Code   RO         6272    i.prvCopyDataToQueue  queue.o
    0x0800eb5e   0x0800eb5e   0x00000034   Code   RO         6676    i.prvDeleteTCB      tasks.o
    0x0800eb92   0x0800eb92   0x00000002   PAD
    0x0800eb94   0x0800eb94   0x00000050   Code   RO         7726    i.prvHeapInit       heap_4.o
    0x0800ebe4   0x0800ebe4   0x00000060   Code   RO         6677    i.prvIdleTask       tasks.o
    0x0800ec44   0x0800ec44   0x00000022   Code   RO         6274    i.prvInitialiseNewQueue  queue.o
    0x0800ec66   0x0800ec66   0x000000b0   Code   RO         6678    i.prvInitialiseNewTask  tasks.o
    0x0800ed16   0x0800ed16   0x00000002   PAD
    0x0800ed18   0x0800ed18   0x0000004c   Code   RO         7727    i.prvInsertBlockIntoFreeList  heap_4.o
    0x0800ed64   0x0800ed64   0x0000003c   Code   RO         7041    i.prvInsertTimerInActiveList  timers.o
    0x0800eda0   0x0800eda0   0x0000001c   Code   RO         6275    i.prvIsQueueEmpty   queue.o
    0x0800edbc   0x0800edbc   0x000000f8   Code   RO         7042    i.prvProcessReceivedCommands  timers.o
    0x0800eeb4   0x0800eeb4   0x000000c0   Code   RO         7043    i.prvProcessTimerOrBlockTask  timers.o
    0x0800ef74   0x0800ef74   0x00000020   Code   RO         6680    i.prvResetNextTaskUnblockTime  tasks.o
    0x0800ef94   0x0800ef94   0x00000028   Code   RO         7044    i.prvSampleTimeNow  timers.o
    0x0800efbc   0x0800efbc   0x0000006c   Code   RO         7045    i.prvSwitchTimerLists  timers.o
    0x0800f028   0x0800f028   0x00000028   Code   RO         7782    i.prvTaskExitError  port.o
    0x0800f050   0x0800f050   0x00000024   Code   RO         7046    i.prvTimerTask      timers.o
    0x0800f074   0x0800f074   0x0000006a   Code   RO         6276    i.prvUnlockQueue    queue.o
    0x0800f0de   0x0800f0de   0x00000002   PAD
    0x0800f0e0   0x0800f0e0   0x000000dc   Code   RO         7728    i.pvPortMalloc      heap_4.o
    0x0800f1bc   0x0800f1bc   0x00000030   Code   RO         7783    i.pxPortInitialiseStack  port.o
    0x0800f1ec   0x0800f1ec   0x000001de   Code   RO         5600    i.receive_motor_data  dm_motor_ctrl.o
    0x0800f3ca   0x0800f3ca   0x00000002   PAD
    0x0800f3cc   0x0800f3cc   0x0000010c   Code   RO         5812    i.set_mode          motorctrl.o
    0x0800f4d8   0x0800f4d8   0x0000062c   Code   RO         5813    i.set_reset_status  motorctrl.o
    0x0800fb04   0x0800fb04   0x00000228   Code   RO         5814    i.set_target        motorctrl.o
    0x0800fd2c   0x0800fd2c   0x0000006a   Code   RO         7910    i.sqrt              m_wv.l(sqrt.o)
    0x0800fd96   0x0800fd96   0x00000006   Code   RO          312    i.start_chassis_control  freertos.o
    0x0800fd9c   0x0800fd9c   0x00000030   Code   RO          313    i.start_run_ball    freertos.o
    0x0800fdcc   0x0800fdcc   0x00000028   Code   RO          314    i.start_shoot_ball  freertos.o
    0x0800fdf4   0x0800fdf4   0x00000028   Code   RO         5686    i.uint_to_float     dm_motor_drv.o
    0x0800fe1c   0x0800fe1c   0x00000124   Code   RO         6017    i.update_sbus       sbus.o
    0x0800ff40   0x0800ff40   0x00000026   Code   RO         6231    i.uxListRemove      list.o
    0x0800ff66   0x0800ff66   0x00000002   PAD
    0x0800ff68   0x0800ff68   0x00000018   Code   RO         7286    i.vApplicationGetIdleTaskMemory  cmsis_os2.o
    0x0800ff80   0x0800ff80   0x00000018   Code   RO         7287    i.vApplicationGetTimerTaskMemory  cmsis_os2.o
    0x0800ff98   0x0800ff98   0x00000016   Code   RO         6232    i.vListInitialise   list.o
    0x0800ffae   0x0800ffae   0x00000006   Code   RO         6233    i.vListInitialiseItem  list.o
    0x0800ffb4   0x0800ffb4   0x00000030   Code   RO         6234    i.vListInsert       list.o
    0x0800ffe4   0x0800ffe4   0x00000018   Code   RO         6235    i.vListInsertEnd    list.o
    0x0800fffc   0x0800fffc   0x00000040   Code   RO         7785    i.vPortEnterCritical  port.o
    0x0801003c   0x0801003c   0x00000028   Code   RO         7786    i.vPortExitCritical  port.o
    0x08010064   0x08010064   0x00000064   Code   RO         7729    i.vPortFree         heap_4.o
    0x080100c8   0x080100c8   0x00000024   Code   RO         7787    i.vPortSetupTimerInterrupt  port.o
    0x080100ec   0x080100ec   0x00000054   Code   RO         7788    i.vPortValidateInterruptPriority  port.o
    0x08010140   0x08010140   0x00000028   Code   RO         6282    i.vQueueAddToRegistry  queue.o
    0x08010168   0x08010168   0x00000044   Code   RO         6286    i.vQueueWaitForMessageRestricted  queue.o
    0x080101ac   0x080101ac   0x0000004c   Code   RO         6693    i.vTaskDelay        tasks.o
    0x080101f8   0x080101f8   0x0000008c   Code   RO         6694    i.vTaskDelayUntil   tasks.o
    0x08010284   0x08010284   0x00000010   Code   RO         6698    i.vTaskInternalSetTimeOutState  tasks.o
    0x08010294   0x08010294   0x0000000c   Code   RO         6699    i.vTaskMissedYield  tasks.o
    0x080102a0   0x080102a0   0x00000030   Code   RO         6701    i.vTaskPlaceOnEventList  tasks.o
    0x080102d0   0x080102d0   0x00000038   Code   RO         6702    i.vTaskPlaceOnEventListRestricted  tasks.o
    0x08010308   0x08010308   0x00000088   Code   RO         6710    i.vTaskStartScheduler  tasks.o
    0x08010390   0x08010390   0x00000010   Code   RO         6712    i.vTaskSuspendAll   tasks.o
    0x080103a0   0x080103a0   0x00000064   Code   RO         6713    i.vTaskSwitchContext  tasks.o
    0x08010404   0x08010404   0x000000f4   Code   RO         7789    i.xPortStartScheduler  port.o
    0x080104f8   0x080104f8   0x0000002c   Code   RO         7790    i.xPortSysTickHandler  port.o
    0x08010524   0x08010524   0x00000066   Code   RO         6292    i.xQueueGenericCreateStatic  queue.o
    0x0801058a   0x0801058a   0x00000002   PAD
    0x0801058c   0x0801058c   0x00000094   Code   RO         6293    i.xQueueGenericReset  queue.o
    0x08010620   0x08010620   0x00000160   Code   RO         6294    i.xQueueGenericSend  queue.o
    0x08010780   0x08010780   0x000000be   Code   RO         6295    i.xQueueGenericSendFromISR  queue.o
    0x0801083e   0x0801083e   0x00000002   PAD
    0x08010840   0x08010840   0x0000013c   Code   RO         6304    i.xQueueReceive     queue.o
    0x0801097c   0x0801097c   0x00000078   Code   RO         6715    i.xTaskCheckForTimeOut  tasks.o
    0x080109f4   0x080109f4   0x0000005a   Code   RO         6716    i.xTaskCreate       tasks.o
    0x08010a4e   0x08010a4e   0x00000056   Code   RO         6717    i.xTaskCreateStatic  tasks.o
    0x08010aa4   0x08010aa4   0x0000001c   Code   RO         6721    i.xTaskGetSchedulerState  tasks.o
    0x08010ac0   0x08010ac0   0x0000000c   Code   RO         6722    i.xTaskGetTickCount  tasks.o
    0x08010acc   0x08010acc   0x000000c8   Code   RO         6724    i.xTaskIncrementTick  tasks.o
    0x08010b94   0x08010b94   0x0000007c   Code   RO         6727    i.xTaskPriorityDisinherit  tasks.o
    0x08010c10   0x08010c10   0x00000070   Code   RO         6729    i.xTaskRemoveFromEventList  tasks.o
    0x08010c80   0x08010c80   0x000000c4   Code   RO         6730    i.xTaskResumeAll    tasks.o
    0x08010d44   0x08010d44   0x00000060   Code   RO         7055    i.xTimerCreateTimerTask  timers.o
    0x08010da4   0x08010da4   0x00000068   Code   RO         7056    i.xTimerGenericCommand  timers.o
    0x08010e0c   0x08010e0c   0x0000006c   Data   RO          315    .constdata          freertos.o
    0x08010e78   0x08010e78   0x00000008   Data   RO         1579    .constdata          stm32h7xx_hal_dma.o
    0x08010e80   0x08010e80   0x0000005c   Data   RO         3303    .constdata          stm32h7xx_hal_fdcan.o
    0x08010edc   0x08010edc   0x00000018   Data   RO         4939    .constdata          stm32h7xx_hal_uart.o
    0x08010ef4   0x08010ef4   0x00000010   Data   RO         5305    .constdata          stm32h7xx_hal_uart_ex.o
    0x08010f04   0x08010f04   0x00000010   Data   RO         5410    .constdata          system_stm32h7xx.o
    0x08010f14   0x08010f14   0x00000004   PAD
    0x08010f18   0x08010f18   0x00000088   Data   RO         7885    .constdata          m_wv.l(pow.o)
    0x08010fa0   0x08010fa0   0x00000098   Data   RO         7936    .constdata          m_wv.l(atan.o)
    0x08011038   0x08011038   0x00000030   Data   RO         7948    .constdata          m_wv.l(cos_i.o)
    0x08011068   0x08011068   0x00000008   Data   RO         7974    .constdata          m_wv.l(qnan.o)
    0x08011070   0x08011070   0x000000c8   Data   RO         7977    .constdata          m_wv.l(rred.o)
    0x08011138   0x08011138   0x00000028   Data   RO         7981    .constdata          m_wv.l(sin_i.o)
    0x08011160   0x08011160   0x00000028   Data   RO          316    .conststring        freertos.o
    0x08011188   0x08011188   0x00000020   Data   RO         8018    Region$$Table       anon$$obj.o


    Execution Region RW_IRAM1 (Exec base: 0x20000000, Load base: 0x080111a8, Size: 0x00000000, Max: 0x00020000, ABSOLUTE)

    **** No section assigned to this execution region ****


    Execution Region RW_IRAM2 (Exec base: 0x24000000, Load base: 0x080111a8, Size: 0x00007020, Max: 0x00050000, ABSOLUTE, COMPRESSED[0x00000050])

    Exec Addr    Load Addr    Size         Type   Attr      Idx    E Section Name        Object

    0x24000000   COMPRESSED   0x00000002   Data   RW           22    .data               main.o
    0x24000002   COMPRESSED   0x00000002   PAD
    0x24000004   COMPRESSED   0x00000016   Data   RW          317    .data               freertos.o
    0x2400001a   COMPRESSED   0x00000002   PAD
    0x2400001c   COMPRESSED   0x00000004   Data   RW          403    .data               fdcan.o
    0x24000020   COMPRESSED   0x0000000c   Data   RW         2311    .data               stm32h7xx_hal.o
    0x2400002c   COMPRESSED   0x00000008   Data   RW         5411    .data               system_stm32h7xx.o
    0x24000034   COMPRESSED   0x00000009   Data   RW         5460    .data               bsp_fdcan.o
    0x2400003d   COMPRESSED   0x00000003   Data   RW         5602    .data               dm_motor_ctrl.o
    0x24000040   COMPRESSED   0x00000008   Data   RW         5817    .data               motorctrl.o
    0x24000048   COMPRESSED   0x0000040c   Data   RW         5940    .data               pid_model_data.o
    0x24000454   COMPRESSED   0x00000004   PAD
    0x24000458   COMPRESSED   0x00000050   Data   RW         5964    .data               upper_location.o
    0x240004a8   COMPRESSED   0x0000003c   Data   RW         6733    .data               tasks.o
    0x240004e4   COMPRESSED   0x00000014   Data   RW         7064    .data               timers.o
    0x240004f8   COMPRESSED   0x00000004   Data   RW         7289    .data               cmsis_os2.o
    0x240004fc   COMPRESSED   0x00000020   Data   RW         7735    .data               heap_4.o
    0x2400051c   COMPRESSED   0x0000000c   Data   RW         7791    .data               port.o
    0x24000528   COMPRESSED   0x00000004   Data   RW         8009    .data               mc_w.l(errno.o)
    0x2400052c        -       0x000001b8   Zero   RW           21    .bss                main.o
    0x240006e4        -       0x000001e0   Zero   RW          402    .bss                fdcan.o
    0x240008c4        -       0x00000010   Zero   RW          453    .bss                iwdg.o
    0x240008d4        -       0x0000004c   Zero   RW          485    .bss                tim.o
    0x24000920        -       0x0000048c   Zero   RW          529    .bss                usart.o
    0x24000dac        -       0x0000004c   Zero   RW          765    .bss                stm32h7xx_hal_timebase_tim.o
    0x24000df8        -       0x00000228   Zero   RW         5459    .bss                bsp_fdcan.o
    0x24001020        -       0x00000aa0   Zero   RW         5601    .bss                dm_motor_ctrl.o
    0x24001ac0        -       0x000001b0   Zero   RW         5815    .bss                motorctrl.o
    0x24001c70        -       0x00000640   Zero   RW         5911    .bss                pid_model.o
    0x240022b0        -       0x00000044   Zero   RW         5959    .bss                upper_location.o
    0x240022f4        -       0x00000054   Zero   RW         6018    .bss                sbus.o
    0x24002348        -       0x00000040   Zero   RW         6308    .bss                queue.o
    0x24002388        -       0x000004c4   Zero   RW         6732    .bss                tasks.o
    0x2400284c        -       0x00000118   Zero   RW         7063    .bss                timers.o
    0x24002964        -       0x000006b8   Zero   RW         7288    .bss                cmsis_os2.o
    0x2400301c        -       0x00003c00   Zero   RW         7734    .bss                heap_4.o
    0x24006c1c   COMPRESSED   0x00000004   PAD
    0x24006c20        -       0x00000400   Zero   RW            1    STACK               startup_stm32h723xx.o


==============================================================================

Image component sizes


      Code (inc. data)   RO Data    RW Data    ZI Data      Debug   Object Name

       578         62          0          9        552       7513   bsp_fdcan.o
       338         22          0          4       1720      71359   cmsis_os2.o
      1116        172          0          3       2720       7292   dm_motor_ctrl.o
       182          0          0          0          0       2033   dm_motor_drv.o
       124          4          0          0          0        950   dma.o
         0          0          0          0          0      19476   event_groups.o
       772         58          0          4        480       3625   fdcan.o
       162         34        148         22          0       3588   freertos.o
       244         16          0          0          0       1203   gpio.o
       476         24          0         32      15360       5083   heap_4.o
        44          8          0          0         16        745   iwdg.o
       138          0          0          0          0       3770   list.o
      1740        142          0          2        440    1242580   main.o
      8066        376          0          8        432      14929   motorctrl.o
     18876        204          0          0       1600      49521   pid_model.o
         0          0          0       1036          0      19833   pid_model_data.o
       790         84          0         12          0      11837   port.o
      1530         22          0          0         64      17856   queue.o
       180         30          0          0          0       1139   r1_dribble.o
       292          6          0          0         84       2222   sbus.o
        36          8        716          0       1024        852   startup_stm32h723xx.o
       120         28          0         12          0      22450   stm32h7xx_hal.o
       316         28          0          0          0      41260   stm32h7xx_hal_cortex.o
      4768        176          8          0          0      10071   stm32h7xx_hal_dma.o
      2954         50         92          0          0      23752   stm32h7xx_hal_fdcan.o
       566         44          0          0          0       3025   stm32h7xx_hal_gpio.o
       114          0          0          0          0       2091   stm32h7xx_hal_iwdg.o
        36          4          0          0          0        958   stm32h7xx_hal_msp.o
        84          6          0          0          0        805   stm32h7xx_hal_pwr_ex.o
      2466        110          0          0          0       7985   stm32h7xx_hal_rcc.o
      3622        112          0          0          0       7933   stm32h7xx_hal_rcc_ex.o
       868         84          0          0          0       7185   stm32h7xx_hal_tim.o
       190         38          0          0          0       3364   stm32h7xx_hal_tim_ex.o
       132         22          0          0         76       1611   stm32h7xx_hal_timebase_tim.o
      4192        202         24          0          0      36201   stm32h7xx_hal_uart.o
       290          6         16          0          0       5650   stm32h7xx_hal_uart_ex.o
       232        106          0          0          0      11090   stm32h7xx_it.o
         0          0          0          0          0        384   stream_buffer.o
       192         34         16          8          0       1522   system_stm32h7xx.o
      2224        170          0         60       1220      28654   tasks.o
       132         20          0          0         76       1778   tim.o
       972         84          0         20        280      32495   timers.o
      1392        120          0         80         68       4503   upper_location.o
      1028         72          0          0       1164       4154   usart.o

    ----------------------------------------------------------------------
     62624       2788       1056       1320      27380    1746327   Object Totals
         0          0         32          0          0          0   (incl. Generated)
        50          0          4          8          4          0   (incl. Padding)

    ----------------------------------------------------------------------

      Code (inc. data)   RO Data    RW Data    ZI Data      Debug   Library Member Name

       528        110        152          0          0        348   atan.o
       456         64          0          0          0        188   atan2.o
       176         18          0          0          0        156   cos.o
       224         42         48          0          0        184   cos_i.o
       116         60          0          0          0        696   dunder.o
        24          0          0          0          0        124   fabs.o
        48          0          0          0          0        124   fpclassify.o
       112          0          0          0          0        116   poly.o
      2296        304        136          0          0        320   pow.o
         0          0          8          0          0          0   qnan.o
       784        138        200          0          0        172   rred.o
       176         18          0          0          0        160   sin.o
       168         24         40          0          0        196   sin_i.o
       208          0          0          0          0        280   sqrt.o
        86          0          0          0          0          0   __dczerorl2.o
         0          0          0          0          0          0   entry.o
         0          0          0          0          0          0   entry10a.o
         0          0          0          0          0          0   entry11a.o
         4          0          0          0          0          0   entry12b.o
         8          4          0          0          0          0   entry2.o
         4          0          0          0          0          0   entry5.o
         0          0          0          0          0          0   entry7b.o
         0          0          0          0          0          0   entry8b.o
         8          4          0          0          0          0   entry9a.o
        12          6          0          4          0         68   errno.o
        30          0          0          0          0          0   handlers.o
        36          8          0          0          0         68   init.o
         0          0          0          0          0          0   iusefp.o
        30          0          0          0          0         68   llshl.o
        32          0          0          0          0         68   llushr.o
        36          0          0          0          0         68   memcpya.o
        36          0          0          0          0        108   memseta.o
        98          0          0          0          0         92   uldiv.o
        46          0          0          0          0         80   dscalb.o

    ----------------------------------------------------------------------
      5792        800        584          4          0       3684   Library Totals
        10          0          0          0          0          0   (incl. Padding)

    ----------------------------------------------------------------------

      Code (inc. data)   RO Data    RW Data    ZI Data      Debug   Library Name

      5316        778        584          0          0       3064   m_wv.l
       420         22          0          4          0        540   mc_w.l
        46          0          0          0          0         80   mf_w.l

    ----------------------------------------------------------------------
      5792        800        584          4          0       3684   Library Totals

    ----------------------------------------------------------------------

==============================================================================


      Code (inc. data)   RO Data    RW Data    ZI Data      Debug   

     68416       3588       1640       1324      27380    1724587   Grand Totals
     68416       3588       1640         80      27380    1724587   ELF Image Totals (compressed)
     68416       3588       1640         80          0          0   ROM Totals

==============================================================================

    Total RO  Size (Code + RO Data)                70056 (  68.41kB)
    Total RW  Size (RW Data + ZI Data)             28704 (  28.03kB)
    Total ROM Size (Code + RO Data + RW Data)      70136 (  68.49kB)

==============================================================================

