Component: ARM Compiler 5.06 update 7 (build 960) Tool: armlink [4d3601]

==============================================================================

Section Cross References

    startup_stm32h723xx.o(RESET) refers to startup_stm32h723xx.o(STACK) for __initial_sp
    startup_stm32h723xx.o(RESET) refers to startup_stm32h723xx.o(.text) for Reset_Handler
    startup_stm32h723xx.o(RESET) refers to stm32h7xx_it.o(i.NMI_Handler) for NMI_Handler
    startup_stm32h723xx.o(RESET) refers to stm32h7xx_it.o(i.HardFault_Handler) for HardFault_Handler
    startup_stm32h723xx.o(RESET) refers to stm32h7xx_it.o(i.MemManage_Handler) for MemManage_Handler
    startup_stm32h723xx.o(RESET) refers to stm32h7xx_it.o(i.BusFault_Handler) for BusFault_Handler
    startup_stm32h723xx.o(RESET) refers to stm32h7xx_it.o(i.UsageFault_Handler) for UsageFault_Handler
    startup_stm32h723xx.o(RESET) refers to port.o(.emb_text) for SVC_Handler
    startup_stm32h723xx.o(RESET) refers to stm32h7xx_it.o(i.DebugMon_Handler) for DebugMon_Handler
    startup_stm32h723xx.o(RESET) refers to cmsis_os2.o(i.SysTick_Handler) for SysTick_Handler
    startup_stm32h723xx.o(RESET) refers to stm32h7xx_it.o(i.DMA1_Stream0_IRQHandler) for DMA1_Stream0_IRQHandler
    startup_stm32h723xx.o(RESET) refers to stm32h7xx_it.o(i.DMA1_Stream1_IRQHandler) for DMA1_Stream1_IRQHandler
    startup_stm32h723xx.o(RESET) refers to stm32h7xx_it.o(i.DMA1_Stream2_IRQHandler) for DMA1_Stream2_IRQHandler
    startup_stm32h723xx.o(RESET) refers to stm32h7xx_it.o(i.DMA1_Stream3_IRQHandler) for DMA1_Stream3_IRQHandler
    startup_stm32h723xx.o(RESET) refers to stm32h7xx_it.o(i.DMA1_Stream4_IRQHandler) for DMA1_Stream4_IRQHandler
    startup_stm32h723xx.o(RESET) refers to stm32h7xx_it.o(i.DMA1_Stream5_IRQHandler) for DMA1_Stream5_IRQHandler
    startup_stm32h723xx.o(RESET) refers to stm32h7xx_it.o(i.FDCAN1_IT0_IRQHandler) for FDCAN1_IT0_IRQHandler
    startup_stm32h723xx.o(RESET) refers to stm32h7xx_it.o(i.FDCAN2_IT0_IRQHandler) for FDCAN2_IT0_IRQHandler
    startup_stm32h723xx.o(RESET) refers to stm32h7xx_it.o(i.FDCAN2_IT1_IRQHandler) for FDCAN2_IT1_IRQHandler
    startup_stm32h723xx.o(RESET) refers to stm32h7xx_it.o(i.TIM1_UP_IRQHandler) for TIM1_UP_IRQHandler
    startup_stm32h723xx.o(RESET) refers to stm32h7xx_it.o(i.USART2_IRQHandler) for USART2_IRQHandler
    startup_stm32h723xx.o(RESET) refers to stm32h7xx_it.o(i.USART3_IRQHandler) for USART3_IRQHandler
    startup_stm32h723xx.o(RESET) refers to stm32h7xx_it.o(i.TIM6_DAC_IRQHandler) for TIM6_DAC_IRQHandler
    startup_stm32h723xx.o(RESET) refers to stm32h7xx_it.o(i.FDCAN_CAL_IRQHandler) for FDCAN_CAL_IRQHandler
    startup_stm32h723xx.o(RESET) refers to stm32h7xx_it.o(i.UART7_IRQHandler) for UART7_IRQHandler
    startup_stm32h723xx.o(RESET) refers to stm32h7xx_it.o(i.FDCAN3_IT0_IRQHandler) for FDCAN3_IT0_IRQHandler
    startup_stm32h723xx.o(RESET) refers to stm32h7xx_it.o(i.FDCAN3_IT1_IRQHandler) for FDCAN3_IT1_IRQHandler
    startup_stm32h723xx.o(.text) refers to system_stm32h7xx.o(i.SystemInit) for SystemInit
    startup_stm32h723xx.o(.text) refers to entry.o(.ARM.Collect$$$$00000000) for __main
    main.o(i.HAL_TIM_PeriodElapsedCallback) refers to stm32h7xx_hal.o(i.HAL_IncTick) for HAL_IncTick
    main.o(i.HAL_TIM_PeriodElapsedCallback) refers to stm32h7xx_hal_iwdg.o(i.HAL_IWDG_Refresh) for HAL_IWDG_Refresh
    main.o(i.HAL_TIM_PeriodElapsedCallback) refers to upper_location.o(i.Reach_TGT) for Reach_TGT
    main.o(i.HAL_TIM_PeriodElapsedCallback) refers to motorctrl.o(i.get_msgn) for get_msgn
    main.o(i.HAL_TIM_PeriodElapsedCallback) refers to motorctrl.o(i.assign_output) for assign_output
    main.o(i.HAL_TIM_PeriodElapsedCallback) refers to bsp_fdcan.o(i.motor_state_update) for motor_state_update
    main.o(i.HAL_TIM_PeriodElapsedCallback) refers to motorctrl.o(i.set_reset_status) for set_reset_status
    main.o(i.HAL_TIM_PeriodElapsedCallback) refers to pid_model.o(i.PID_MODEL_step) for PID_MODEL_step
    main.o(i.HAL_TIM_PeriodElapsedCallback) refers to stm32h7xx_hal_gpio.o(i.HAL_GPIO_TogglePin) for HAL_GPIO_TogglePin
    main.o(i.HAL_TIM_PeriodElapsedCallback) refers to main.o(.bss) for .bss
    main.o(i.HAL_TIM_PeriodElapsedCallback) refers to iwdg.o(.bss) for hiwdg1
    main.o(i.HAL_UART_ErrorCallback) refers to stm32h7xx_hal_uart.o(i.HAL_UART_Receive_IT) for HAL_UART_Receive_IT
    main.o(i.HAL_UART_ErrorCallback) refers to main.o(.bss) for .bss
    main.o(i.HAL_UART_ErrorCallback) refers to usart.o(.bss) for huart7
    main.o(i.HAL_UART_RxCpltCallback) refers to stm32h7xx_hal_uart.o(i.HAL_UART_Receive_IT) for HAL_UART_Receive_IT
    main.o(i.HAL_UART_RxCpltCallback) refers to upper_location.o(i.Receive) for Receive
    main.o(i.HAL_UART_RxCpltCallback) refers to sbus.o(i.update_sbus) for update_sbus
    main.o(i.HAL_UART_RxCpltCallback) refers to main.o(.bss) for .bss
    main.o(i.HAL_UART_RxCpltCallback) refers to main.o(.data) for .data
[...]
    DTS_IRQHandler                           0x080003bf   Thumb Code     0  startup_stm32h723xx.o(.text)
    ECC_IRQHandler                           0x080003bf   Thumb Code     0  startup_stm32h723xx.o(.text)
    ETH_IRQHandler                           0x080003bf   Thumb Code     0  startup_stm32h723xx.o(.text)
    ETH_WKUP_IRQHandler                      0x080003bf   Thumb Code     0  startup_stm32h723xx.o(.text)
    EXTI0_IRQHandler                         0x080003bf   Thumb Code     0  startup_stm32h723xx.o(.text)
    EXTI15_10_IRQHandler                     0x080003bf   Thumb Code     0  startup_stm32h723xx.o(.text)
    EXTI1_IRQHandler                         0x080003bf   Thumb Code     0  startup_stm32h723xx.o(.text)
    EXTI2_IRQHandler                         0x080003bf   Thumb Code     0  startup_stm32h723xx.o(.text)
    EXTI3_IRQHandler                         0x080003bf   Thumb Code     0  startup_stm32h723xx.o(.text)
    EXTI4_IRQHandler                         0x080003bf   Thumb Code     0  startup_stm32h723xx.o(.text)
    EXTI9_5_IRQHandler                       0x080003bf   Thumb Code     0  startup_stm32h723xx.o(.text)
    FDCAN1_IT1_IRQHandler                    0x080003bf   Thumb Code     0  startup_stm32h723xx.o(.text)
    FLASH_IRQHandler                         0x080003bf   Thumb Code     0  startup_stm32h723xx.o(.text)
    FMAC_IRQHandler                          0x080003bf   Thumb Code     0  startup_stm32h723xx.o(.text)
    FMC_IRQHandler                           0x080003bf   Thumb Code     0  startup_stm32h723xx.o(.text)
    FPU_IRQHandler                           0x080003bf   Thumb Code     0  startup_stm32h723xx.o(.text)
    HSEM1_IRQHandler                         0x080003bf   Thumb Code     0  startup_stm32h723xx.o(.text)
    I2C1_ER_IRQHandler                       0x080003bf   Thumb Code     0  startup_stm32h723xx.o(.text)
    I2C1_EV_IRQHandler                       0x080003bf   Thumb Code     0  startup_stm32h723xx.o(.text)
    I2C2_ER_IRQHandler                       0x080003bf   Thumb Code     0  startup_stm32h723xx.o(.text)
    I2C2_EV_IRQHandler                       0x080003bf   Thumb Code     0  startup_stm32h723xx.o(.text)
    I2C3_ER_IRQHandler                       0x080003bf   Thumb Code     0  startup_stm32h723xx.o(.text)
    I2C3_EV_IRQHandler                       0x080003bf   Thumb Code     0  startup_stm32h723xx.o(.text)
    I2C4_ER_IRQHandler                       0x080003bf   Thumb Code     0  startup_stm32h723xx.o(.text)
    I2C4_EV_IRQHandler                       0x080003bf   Thumb Code     0  startup_stm32h723xx.o(.text)
    I2C5_ER_IRQHandler                       0x080003bf   Thumb Code     0  startup_stm32h723xx.o(.text)
    I2C5_EV_IRQHandler                       0x080003bf   Thumb Code     0  startup_stm32h723xx.o(.text)
    LPTIM1_IRQHandler                        0x080003bf   Thumb Code     0  startup_stm32h723xx.o(.text)
    LPTIM2_IRQHandler                        0x080003bf   Thumb Code     0  startup_stm32h723xx.o(.text)
    LPTIM3_IRQHandler                        0x080003bf   Thumb Code     0  startup_stm32h723xx.o(.text)
    LPTIM4_IRQHandler                        0x080003bf   Thumb Code     0  startup_stm32h723xx.o(.text)
    LPTIM5_IRQHandler                        0x080003bf   Thumb Code     0  startup_stm32h723xx.o(.text)
    LPUART1_IRQHandler                       0x080003bf   Thumb Code     0  startup_stm32h723xx.o(.text)
    LTDC_ER_IRQHandler                       0x080003bf   Thumb Code     0  startup_stm32h723xx.o(.text)
    LTDC_IRQHandler                          0x080003bf   Thumb Code     0  startup_stm32h723xx.o(.text)
    MDIOS_IRQHandler                         0x080003bf   Thumb Code     0  startup_stm32h723xx.o(.text)
    MDIOS_WKUP_IRQHandler                    0x080003bf   Thumb Code     0  startup_stm32h723xx.o(.text)
    MDMA_IRQHandler                          0x080003bf   Thumb Code     0  startup_stm32h723xx.o(.text)
    OCTOSPI1_IRQHandler                      0x080003bf   Thumb Code     0  startup_stm32h723xx.o(.text)
    OCTOSPI2_IRQHandler                      0x080003bf   Thumb Code     0  startup_stm32h723xx.o(.text)
    OTG_HS_EP1_IN_IRQHandler                 0x080003bf   Thumb Code     0  startup_stm32h723xx.o(.text)
    OTG_HS_EP1_OUT_IRQHandler                0x080003bf   Thumb Code     0  startup_stm32h723xx.o(.text)
    OTG_HS_IRQHandler                        0x080003bf   Thumb Code     0  startup_stm32h723xx.o(.text)
    OTG_HS_WKUP_IRQHandler                   0x080003bf   Thumb Code     0  startup_stm32h723xx.o(.text)
    PVD_AVD_IRQHandler                       0x080003bf   Thumb Code     0  startup_stm32h723xx.o(.text)
    RCC_IRQHandler                           0x080003bf   Thumb Code     0  startup_stm32h723xx.o(.text)
    RNG_IRQHandler                           0x080003bf   Thumb Code     0  startup_stm32h723xx.o(.text)
    RTC_Alarm_IRQHandler                     0x080003bf   Thumb Code     0  startup_stm32h723xx.o(.text)
    RTC_WKUP_IRQHandler                      0x080003bf   Thumb Code     0  startup_stm32h723xx.o(.text)
    SAI1_IRQHandler                          0x080003bf   Thumb Code     0  startup_stm32h723xx.o(.text)
    SAI4_IRQHandler                          0x080003bf   Thumb Code     0  startup_stm32h723xx.o(.text)
    SDMMC1_IRQHandler                        0x080003bf   Thumb Code     0  startup_stm32h723xx.o(.text)
    SDMMC2_IRQHandler                        0x080003bf   Thumb Code     0  startup_stm32h723xx.o(.text)
    SPDIF_RX_IRQHandler                      0x080003bf   Thumb Code     0  startup_stm32h723xx.o(.text)
    SPI1_IRQHandler                          0x080003bf   Thumb Code     0  startup_stm32h723xx.o(.text)
    SPI2_IRQHandler                          0x080003bf   Thumb Code     0  startup_stm32h723xx.o(.text)
    SPI3_IRQHandler                          0x080003bf   Thumb Code     0  startup_stm32h723xx.o(.text)
    SPI4_IRQHandler                          0x080003bf   Thumb Code     0  startup_stm32h723xx.o(.text)
    SPI5_IRQHandler                          0x080003bf   Thumb Code     0  startup_stm32h723xx.o(.text)
    SPI6_IRQHandler                          0x080003bf   Thumb Code     0  startup_stm32h723xx.o(.text)
    SWPMI1_IRQHandler                        0x080003bf   Thumb Code     0  startup_stm32h723xx.o(.text)
    TAMP_STAMP_IRQHandler                    0x080003bf   Thumb Code     0  startup_stm32h723xx.o(.text)
    TIM15_IRQHandler                         0x080003bf   Thumb Code     0  startup_stm32h723xx.o(.text)
    TIM16_IRQHandler                         0x080003bf   Thumb Code     0  startup_stm32h723xx.o(.text)
    TIM17_IRQHandler                         0x080003bf   Thumb Code     0  startup_stm32h723xx.o(.text)
    TIM1_BRK_IRQHandler                      0x080003bf   Thumb Code     0  startup_stm32h723xx.o(.text)
    TIM1_CC_IRQHandler                       0x080003bf   Thumb Code     0  startup_stm32h723xx.o(.text)
    TIM1_TRG_COM_IRQHandler                  0x080003bf   Thumb Code     0  startup_stm32h723xx.o(.text)
    TIM23_IRQHandler                         0x080003bf   Thumb Code     0  startup_stm32h723xx.o(.text)
    TIM24_IRQHandler                         0x080003bf   Thumb Code     0  startup_stm32h723xx.o(.text)
    TIM2_IRQHandler                          0x080003bf   Thumb Code     0  startup_stm32h723xx.o(.text)
    TIM3_IRQHandler                          0x080003bf   Thumb Code     0  startup_stm32h723xx.o(.text)
    TIM4_IRQHandler                          0x080003bf   Thumb Code     0  startup_stm32h723xx.o(.text)
    TIM5_IRQHandler                          0x080003bf   Thumb Code     0  startup_stm32h723xx.o(.text)
    TIM7_IRQHandler                          0x080003bf   Thumb Code     0  startup_stm32h723xx.o(.text)
    TIM8_BRK_TIM12_IRQHandler                0x080003bf   Thumb Code     0  startup_stm32h723xx.o(.text)
    TIM8_CC_IRQHandler                       0x080003bf   Thumb Code     0  startup_stm32h723xx.o(.text)
    TIM8_TRG_COM_TIM14_IRQHandler            0x080003bf   Thumb Code     0  startup_stm32h723xx.o(.text)
    TIM8_UP_TIM13_IRQHandler                 0x080003bf   Thumb Code     0  startup_stm32h723xx.o(.text)
    UART4_IRQHandler                         0x080003bf   Thumb Code     0  startup_stm32h723xx.o(.text)
    UART5_IRQHandler                         0x080003bf   Thumb Code     0  startup_stm32h723xx.o(.text)
    UART8_IRQHandler                         0x080003bf   Thumb Code     0  startup_stm32h723xx.o(.text)
    UART9_IRQHandler                         0x080003bf   Thumb Code     0  startup_stm32h723xx.o(.text)
    USART10_IRQHandler                       0x080003bf   Thumb Code     0  startup_stm32h723xx.o(.text)
    USART1_IRQHandler                        0x080003bf   Thumb Code     0  startup_stm32h723xx.o(.text)
    USART6_IRQHandler                        0x080003bf   Thumb Code     0  startup_stm32h723xx.o(.text)
    WAKEUP_PIN_IRQHandler                    0x080003bf   Thumb Code     0  startup_stm32h723xx.o(.text)
    WWDG_IRQHandler                          0x080003bf   Thumb Code     0  startup_stm32h723xx.o(.text)
    __aeabi_uldivmod                         0x080003c9   Thumb Code    98  uldiv.o(.text)
    __aeabi_memcpy                           0x0800042b   Thumb Code    36  memcpya.o(.text)
    __aeabi_memcpy4                          0x0800042b   Thumb Code     0  memcpya.o(.text)
    __aeabi_memcpy8                          0x0800042b   Thumb Code     0  memcpya.o(.text)
    __aeabi_memset                           0x0800044f   Thumb Code    14  memseta.o(.text)
    __aeabi_memset4                          0x0800044f   Thumb Code     0  memseta.o(.text)
    __aeabi_memset8                          0x0800044f   Thumb Code     0  memseta.o(.text)
    __aeabi_memclr                           0x0800045d   Thumb Code     4  memseta.o(.text)
    __aeabi_memclr4                          0x0800045d   Thumb Code     0  memseta.o(.text)
    __aeabi_memclr8                          0x0800045d   Thumb Code     0  memseta.o(.text)
    memset                                   0x08000461   Thumb Code    18  memseta.o(.text)
    __aeabi_llsl                             0x08000473   Thumb Code    30  llshl.o(.text)
    _ll_shift_l                              0x08000473   Thumb Code     0  llshl.o(.text)
    __aeabi_llsr                             0x08000491   Thumb Code    32  llushr.o(.text)
    _ll_ushift_r                             0x08000491   Thumb Code     0  llushr.o(.text)
    __ARM_scalbn                             0x080004b1   Thumb Code    46  dscalb.o(.text)
    __I$use$fp                               0x080004b1   Thumb Code     0  iusefp.o(.text)
    scalbn                                   0x080004b1   Thumb Code     0  dscalb.o(.text)
    __scatterload                            0x080004e1   Thumb Code    28  init.o(.text)
    __scatterload_rt2                        0x080004e1   Thumb Code     0  init.o(.text)
    __decompress                             0x08000505   Thumb Code     0  __dczerorl2.o(.text)
    __decompress1                            0x08000505   Thumb Code    86  __dczerorl2.o(.text)
    BusFault_Handler                         0x0800055b   Thumb Code     2  stm32h7xx_it.o(i.BusFault_Handler)
    CAN_CMD_MOTOR_DJI                        0x0800055d   Thumb Code    90  bsp_fdcan.o(i.CAN_CMD_MOTOR_DJI)
    DMA1_Stream0_IRQHandler                  0x08000645   Thumb Code     6  stm32h7xx_it.o(i.DMA1_Stream0_IRQHandler)
    DMA1_Stream1_IRQHandler                  0x08000651   Thumb Code     6  stm32h7xx_it.o(i.DMA1_Stream1_IRQHandler)
    DMA1_Stream2_IRQHandler                  0x0800065d   Thumb Code     6  stm32h7xx_it.o(i.DMA1_Stream2_IRQHandler)
    DMA1_Stream3_IRQHandler                  0x08000669   Thumb Code     6  stm32h7xx_it.o(i.DMA1_Stream3_IRQHandler)
    DMA1_Stream4_IRQHandler                  0x08000675   Thumb Code     6  stm32h7xx_it.o(i.DMA1_Stream4_IRQHandler)
    DMA1_Stream5_IRQHandler                  0x08000681   Thumb Code     6  stm32h7xx_it.o(i.DMA1_Stream5_IRQHandler)
    DebugMon_Handler                         0x080008a5   Thumb Code     2  stm32h7xx_it.o(i.DebugMon_Handler)
    Dribble_test                             0x080008a9   Thumb Code    80  r1_dribble.o(i.Dribble_test)
    Error_Handler                            0x08000901   Thumb Code     4  main.o(i.Error_Handler)
    FDCAN1_IT0_IRQHandler                    0x08000905   Thumb Code     6  stm32h7xx_it.o(i.FDCAN1_IT0_IRQHandler)
    FDCAN2_IT0_IRQHandler                    0x08000911   Thumb Code     6  stm32h7xx_it.o(i.FDCAN2_IT0_IRQHandler)
    FDCAN2_IT1_IRQHandler                    0x0800091d   Thumb Code     6  stm32h7xx_it.o(i.FDCAN2_IT1_IRQHandler)
    FDCAN3_IT0_IRQHandler                    0x08000929   Thumb Code     6  stm32h7xx_it.o(i.FDCAN3_IT0_IRQHandler)
    FDCAN3_IT1_IRQHandler                    0x08000935   Thumb Code     6  stm32h7xx_it.o(i.FDCAN3_IT1_IRQHandler)
    FDCAN_CAL_IRQHandler                     0x08000941   Thumb Code    18  stm32h7xx_it.o(i.FDCAN_CAL_IRQHandler)
    HAL_DMA_Abort                            0x08000ba5   Thumb Code   836  stm32h7xx_hal_dma.o(i.HAL_DMA_Abort)
    HAL_DMA_Abort_IT                         0x08000f05   Thumb Code   602  stm32h7xx_hal_dma.o(i.HAL_DMA_Abort_IT)
    HAL_DMA_IRQHandler                       0x08001189   Thumb Code  1756  stm32h7xx_hal_dma.o(i.HAL_DMA_IRQHandler)
    HAL_DMA_Init                             0x08001871   Thumb Code   922  stm32h7xx_hal_dma.o(i.HAL_DMA_Init)
    HAL_FDCAN_ActivateNotification           0x08001c2d   Thumb Code   126  stm32h7xx_hal_fdcan.o(i.HAL_FDCAN_ActivateNotification)
    HAL_FDCAN_AddMessageToTxFifoQ            0x08001cb5   Thumb Code   102  stm32h7xx_hal_fdcan.o(i.HAL_FDCAN_AddMessageToTxFifoQ)
    HAL_FDCAN_ClockCalibrationCallback       0x08001d1b   Thumb Code     2  stm32h7xx_hal_fdcan.o(i.HAL_FDCAN_ClockCalibrationCallback)
    HAL_FDCAN_ConfigFifoWatermark            0x08001d1d   Thumb Code    90  stm32h7xx_hal_fdcan.o(i.HAL_FDCAN_ConfigFifoWatermark)
    HAL_FDCAN_ConfigFilter                   0x08001d77   Thumb Code   126  stm32h7xx_hal_fdcan.o(i.HAL_FDCAN_ConfigFilter)
    HAL_FDCAN_ConfigGlobalFilter             0x08001df5   Thumb Code    50  stm32h7xx_hal_fdcan.o(i.HAL_FDCAN_ConfigGlobalFilter)
    HAL_FDCAN_ErrorCallback                  0x08001e27   Thumb Code     2  stm32h7xx_hal_fdcan.o(i.HAL_FDCAN_ErrorCallback)
    HAL_FDCAN_ErrorStatusCallback            0x08001e29   Thumb Code     2  stm32h7xx_hal_fdcan.o(i.HAL_FDCAN_ErrorStatusCallback)
    HAL_FDCAN_GetRxMessage                   0x08001e2d   Thumb Code   400  stm32h7xx_hal_fdcan.o(i.HAL_FDCAN_GetRxMessage)
    HAL_FDCAN_HighPriorityMessageCallback    0x08001fc1   Thumb Code     2  stm32h7xx_hal_fdcan.o(i.HAL_FDCAN_HighPriorityMessageCallback)
    HAL_FDCAN_IRQHandler                     0x08001fc5   Thumb Code   788  stm32h7xx_hal_fdcan.o(i.HAL_FDCAN_IRQHandler)
    HAL_FDCAN_Init                           0x080022e5   Thumb Code   572  stm32h7xx_hal_fdcan.o(i.HAL_FDCAN_Init)
    HAL_FDCAN_MspInit                        0x08002529   Thumb Code   426  fdcan.o(i.HAL_FDCAN_MspInit)
    HAL_FDCAN_RxBufferNewMessageCallback     0x080026f5   Thumb Code     2  stm32h7xx_hal_fdcan.o(i.HAL_FDCAN_RxBufferNewMessageCallback)
    HAL_FDCAN_RxFifo0Callback                0x080026f9   Thumb Code    36  bsp_fdcan.o(i.HAL_FDCAN_RxFifo0Callback)
    HAL_FDCAN_RxFifo1Callback                0x08002729   Thumb Code     2  stm32h7xx_hal_fdcan.o(i.HAL_FDCAN_RxFifo1Callback)
    HAL_FDCAN_Start                          0x0800272b   Thumb Code    50  stm32h7xx_hal_fdcan.o(i.HAL_FDCAN_Start)
    HAL_FDCAN_TT_GlobalTimeCallback          0x0800275d   Thumb Code     2  stm32h7xx_hal_fdcan.o(i.HAL_FDCAN_TT_GlobalTimeCallback)
    HAL_FDCAN_TT_ScheduleSyncCallback        0x0800275f   Thumb Code     2  stm32h7xx_hal_fdcan.o(i.HAL_FDCAN_TT_ScheduleSyncCallback)
    HAL_FDCAN_TT_StopWatchCallback           0x08002761   Thumb Code     2  stm32h7xx_hal_fdcan.o(i.HAL_FDCAN_TT_StopWatchCallback)
    HAL_FDCAN_TT_TimeMarkCallback            0x08002763   Thumb Code     2  stm32h7xx_hal_fdcan.o(i.HAL_FDCAN_TT_TimeMarkCallback)
    HAL_FDCAN_TimeoutOccurredCallback        0x08002765   Thumb Code     2  stm32h7xx_hal_fdcan.o(i.HAL_FDCAN_TimeoutOccurredCallback)
    HAL_FDCAN_TimestampWraparoundCallback    0x08002767   Thumb Code     2  stm32h7xx_hal_fdcan.o(i.HAL_FDCAN_TimestampWraparoundCallback)
    HAL_FDCAN_TxBufferAbortCallback          0x08002769   Thumb Code     2  stm32h7xx_hal_fdcan.o(i.HAL_FDCAN_TxBufferAbortCallback)
    HAL_FDCAN_TxBufferCompleteCallback       0x0800276b   Thumb Code     2  stm32h7xx_hal_fdcan.o(i.HAL_FDCAN_TxBufferCompleteCallback)
    HAL_FDCAN_TxEventFifoCallback            0x0800276d   Thumb Code     2  stm32h7xx_hal_fdcan.o(i.HAL_FDCAN_TxEventFifoCallback)
    HAL_FDCAN_TxFifoEmptyCallback            0x0800276f   Thumb Code     2  stm32h7xx_hal_fdcan.o(i.HAL_FDCAN_TxFifoEmptyCallback)
    HAL_GPIO_Init                            0x08002771   Thumb Code   496  stm32h7xx_hal_gpio.o(i.HAL_GPIO_Init)
    HAL_GPIO_TogglePin                       0x0800298d   Thumb Code    16  stm32h7xx_hal_gpio.o(i.HAL_GPIO_TogglePin)
    HAL_GPIO_WritePin                        0x0800299d   Thumb Code    10  stm32h7xx_hal_gpio.o(i.HAL_GPIO_WritePin)
    HAL_GetTick                              0x080029a9   Thumb Code     6  stm32h7xx_hal.o(i.HAL_GetTick)
    HAL_IWDG_Refresh                         0x080029b5   Thumb Code    12  stm32h7xx_hal_iwdg.o(i.HAL_IWDG_Refresh)
    HAL_IncTick                              0x080029c1   Thumb Code    12  stm32h7xx_hal.o(i.HAL_IncTick)
    HAL_Init                                 0x080029d1   Thumb Code    74  stm32h7xx_hal.o(i.HAL_Init)
    HAL_InitTick                             0x08002a2d   Thumb Code   110  stm32h7xx_hal_timebase_tim.o(i.HAL_InitTick)
    HAL_MPU_ConfigRegion                     0x08002ab1   Thumb Code    86  stm32h7xx_hal_cortex.o(i.HAL_MPU_ConfigRegion)
    HAL_MPU_Disable                          0x08002b0d   Thumb Code    24  stm32h7xx_hal_cortex.o(i.HAL_MPU_Disable)
    HAL_MPU_Enable                           0x08002b29   Thumb Code    30  stm32h7xx_hal_cortex.o(i.HAL_MPU_Enable)
    HAL_MspInit                              0x08002b4d   Thumb Code    32  stm32h7xx_hal_msp.o(i.HAL_MspInit)
    HAL_NVIC_EnableIRQ                       0x08002b71   Thumb Code    26  stm32h7xx_hal_cortex.o(i.HAL_NVIC_EnableIRQ)
    HAL_NVIC_SetPriority                     0x08002b8d   Thumb Code    60  stm32h7xx_hal_cortex.o(i.HAL_NVIC_SetPriority)
    HAL_NVIC_SetPriorityGrouping             0x08002bcd   Thumb Code    28  stm32h7xx_hal_cortex.o(i.HAL_NVIC_SetPriorityGrouping)
    HAL_PWREx_ConfigSupply                   0x08002bf1   Thumb Code    78  stm32h7xx_hal_pwr_ex.o(i.HAL_PWREx_ConfigSupply)
    HAL_RCCEx_GetD3PCLK1Freq                 0x08002c45   Thumb Code    26  stm32h7xx_hal_rcc_ex.o(i.HAL_RCCEx_GetD3PCLK1Freq)
    HAL_RCCEx_GetPLL2ClockFreq               0x08002c69   Thumb Code   296  stm32h7xx_hal_rcc_ex.o(i.HAL_RCCEx_GetPLL2ClockFreq)
    HAL_RCCEx_GetPLL3ClockFreq               0x08002dad   Thumb Code   296  stm32h7xx_hal_rcc_ex.o(i.HAL_RCCEx_GetPLL3ClockFreq)
    HAL_RCCEx_PeriphCLKConfig                0x08002ef1   Thumb Code  2362  stm32h7xx_hal_rcc_ex.o(i.HAL_RCCEx_PeriphCLKConfig)
    HAL_RCC_ClockConfig                      0x0800382d   Thumb Code   580  stm32h7xx_hal_rcc.o(i.HAL_RCC_ClockConfig)
    HAL_RCC_GetClockConfig                   0x08003a89   Thumb Code    84  stm32h7xx_hal_rcc.o(i.HAL_RCC_GetClockConfig)
    HAL_RCC_GetHCLKFreq                      0x08003ae5   Thumb Code    52  stm32h7xx_hal_rcc.o(i.HAL_RCC_GetHCLKFreq)
    HAL_RCC_GetPCLK1Freq                     0x08003b29   Thumb Code    26  stm32h7xx_hal_rcc.o(i.HAL_RCC_GetPCLK1Freq)
    HAL_RCC_GetPCLK2Freq                     0x08003b4d   Thumb Code    26  stm32h7xx_hal_rcc.o(i.HAL_RCC_GetPCLK2Freq)
    HAL_RCC_GetSysClockFreq                  0x08003b71   Thumb Code   278  stm32h7xx_hal_rcc.o(i.HAL_RCC_GetSysClockFreq)
    HAL_RCC_OscConfig                        0x08003ca9   Thumb Code  1318  stm32h7xx_hal_rcc.o(i.HAL_RCC_OscConfig)
    HAL_TIMEx_Break2Callback                 0x080041cf   Thumb Code     2  stm32h7xx_hal_tim_ex.o(i.HAL_TIMEx_Break2Callback)
    HAL_TIMEx_BreakCallback                  0x080041d1   Thumb Code     2  stm32h7xx_hal_tim_ex.o(i.HAL_TIMEx_BreakCallback)
    HAL_TIMEx_CommutCallback                 0x080041d3   Thumb Code     2  stm32h7xx_hal_tim_ex.o(i.HAL_TIMEx_CommutCallback)
    HAL_TIMEx_MasterConfigSynchronization    0x080041d5   Thumb Code   146  stm32h7xx_hal_tim_ex.o(i.HAL_TIMEx_MasterConfigSynchronization)
    HAL_TIM_Base_Init                        0x0800428d   Thumb Code    98  stm32h7xx_hal_tim.o(i.HAL_TIM_Base_Init)
    HAL_TIM_Base_MspInit                     0x080042f1   Thumb Code    50  tim.o(i.HAL_TIM_Base_MspInit)
    HAL_TIM_Base_Start_IT                    0x0800432d   Thumb Code   118  stm32h7xx_hal_tim.o(i.HAL_TIM_Base_Start_IT)
    HAL_TIM_IC_CaptureCallback               0x080043cd   Thumb Code     2  stm32h7xx_hal_tim.o(i.HAL_TIM_IC_CaptureCallback)
    HAL_TIM_IRQHandler                       0x080043cf   Thumb Code   386  stm32h7xx_hal_tim.o(i.HAL_TIM_IRQHandler)
    HAL_TIM_MspPostInit                      0x08004551   Thumb Code    70  tim.o(i.HAL_TIM_MspPostInit)
    HAL_TIM_OC_DelayElapsedCallback          0x080045a5   Thumb Code     2  stm32h7xx_hal_tim.o(i.HAL_TIM_OC_DelayElapsedCallback)
    HAL_TIM_PWM_ConfigChannel                0x080045a7   Thumb Code   292  stm32h7xx_hal_tim.o(i.HAL_TIM_PWM_ConfigChannel)
    HAL_TIM_PWM_Init                         0x080046cb   Thumb Code    98  stm32h7xx_hal_tim.o(i.HAL_TIM_PWM_Init)
    HAL_TIM_PWM_MspInit                      0x0800472d   Thumb Code    30  tim.o(i.HAL_TIM_PWM_MspInit)
    HAL_TIM_PWM_PulseFinishedCallback        0x08004755   Thumb Code     2  stm32h7xx_hal_tim.o(i.HAL_TIM_PWM_PulseFinishedCallback)
    HAL_TIM_PWM_Start                        0x08004759   Thumb Code   244  stm32h7xx_hal_tim.o(i.HAL_TIM_PWM_Start)
    HAL_TIM_PeriodElapsedCallback            0x0800487d   Thumb Code    88  main.o(i.HAL_TIM_PeriodElapsedCallback)
    HAL_TIM_TriggerCallback                  0x080048e9   Thumb Code     2  stm32h7xx_hal_tim.o(i.HAL_TIM_TriggerCallback)
    HAL_UARTEx_DisableFifoMode               0x080048eb   Thumb Code    64  stm32h7xx_hal_uart_ex.o(i.HAL_UARTEx_DisableFifoMode)
    HAL_UARTEx_RxEventCallback               0x0800492b   Thumb Code     2  stm32h7xx_hal_uart.o(i.HAL_UARTEx_RxEventCallback)
    HAL_UARTEx_RxFifoFullCallback            0x0800492d   Thumb Code     2  stm32h7xx_hal_uart_ex.o(i.HAL_UARTEx_RxFifoFullCallback)
    HAL_UARTEx_SetRxFifoThreshold            0x0800492f   Thumb Code    76  stm32h7xx_hal_uart_ex.o(i.HAL_UARTEx_SetRxFifoThreshold)
    HAL_UARTEx_SetTxFifoThreshold            0x0800497b   Thumb Code    76  stm32h7xx_hal_uart_ex.o(i.HAL_UARTEx_SetTxFifoThreshold)
    HAL_UARTEx_TxFifoEmptyCallback           0x080049c7   Thumb Code     2  stm32h7xx_hal_uart_ex.o(i.HAL_UARTEx_TxFifoEmptyCallback)
    HAL_UARTEx_WakeupCallback                0x080049c9   Thumb Code     2  stm32h7xx_hal_uart_ex.o(i.HAL_UARTEx_WakeupCallback)
    HAL_UART_ErrorCallback                   0x080049cd   Thumb Code    48  main.o(i.HAL_UART_ErrorCallback)
    HAL_UART_IRQHandler                      0x08004a11   Thumb Code   878  stm32h7xx_hal_uart.o(i.HAL_UART_IRQHandler)
    HAL_UART_Init                            0x08004d99   Thumb Code   106  stm32h7xx_hal_uart.o(i.HAL_UART_Init)
    HAL_UART_MspInit                         0x08004e05   Thumb Code   676  usart.o(i.HAL_UART_MspInit)
    HAL_UART_Receive_IT                      0x080050d1   Thumb Code    66  stm32h7xx_hal_uart.o(i.HAL_UART_Receive_IT)
    HAL_UART_RxCpltCallback                  0x08005119   Thumb Code   172  main.o(i.HAL_UART_RxCpltCallback)
    HAL_UART_TxCpltCallback                  0x080051e1   Thumb Code     2  stm32h7xx_hal_uart.o(i.HAL_UART_TxCpltCallback)
    HardFault_Handler                        0x080051e3   Thumb Code     2  stm32h7xx_it.o(i.HardFault_Handler)
    MX_DMA_Init                              0x080051e5   Thumb Code   120  dma.o(i.MX_DMA_Init)
    MX_FDCAN1_Init                           0x08005261   Thumb Code   100  fdcan.o(i.MX_FDCAN1_Init)
    MX_FDCAN2_Init                           0x080052cd   Thumb Code   106  fdcan.o(i.MX_FDCAN2_Init)
    MX_FDCAN3_Init                           0x08005341   Thumb Code   106  fdcan.o(i.MX_FDCAN3_Init)
    MX_FREERTOS_Init                         0x080053b5   Thumb Code    32  freertos.o(i.MX_FREERTOS_Init)
    MX_GPIO_Init                             0x080053e5   Thumb Code   228  gpio.o(i.MX_GPIO_Init)
    MX_TIM4_Init                             0x080054d9   Thumb Code   122  tim.o(i.MX_TIM4_Init)
    MX_TIM6_Init                             0x0800555d   Thumb Code    62  tim.o(i.MX_TIM6_Init)
    MX_UART7_Init                            0x080055a5   Thumb Code    92  usart.o(i.MX_UART7_Init)
    MX_USART2_UART_Init                      0x0800560d   Thumb Code    94  usart.o(i.MX_USART2_UART_Init)
    MX_USART3_UART_Init                      0x08005675   Thumb Code    94  usart.o(i.MX_USART3_UART_Init)
    MemManage_Handler                        0x080056dd   Thumb Code     2  stm32h7xx_it.o(i.MemManage_Handler)
    NMI_Handler                              0x080056df   Thumb Code     2  stm32h7xx_it.o(i.NMI_Handler)
    PID_Angle_A_Para_Init                    0x080056e1   Thumb Code   370  motorctrl.o(i.PID_Angle_A_Para_Init)
    PID_Angle_S_Para_Init                    0x08005859   Thumb Code   370  motorctrl.o(i.PID_Angle_S_Para_Init)
    PID_MODEL_initialize                     0x080059d1   Thumb Code   450  pid_model.o(i.PID_MODEL_initialize)
    PID_MODEL_step                           0x08005b9d   Thumb Code 18276  pid_model.o(i.PID_MODEL_step)
    PID_Speed_Para_Init                      0x0800a309   Thumb Code   370  motorctrl.o(i.PID_Speed_Para_Init)
    Reach_TGT                                0x0800a6c1   Thumb Code   726  upper_location.o(i.Reach_TGT)
    Receive                                  0x0800a9e5   Thumb Code    74  upper_location.o(i.Receive)
    Set_6020_Mode                            0x0800aa3d   Thumb Code     6  bsp_fdcan.o(i.Set_6020_Mode)
    StartDefaultTask                         0x0800aa49   Thumb Code    22  freertos.o(i.StartDefaultTask)
    StartTask02                              0x0800aa5f   Thumb Code    18  freertos.o(i.StartTask02)
    Stop                                     0x0800aa71   Thumb Code    20  r1_dribble.o(i.Stop)
    SysTick_Handler                          0x0800aa8d   Thumb Code    26  cmsis_os2.o(i.SysTick_Handler)
    SystemClock_Config                       0x0800aaa9   Thumb Code   150  main.o(i.SystemClock_Config)
    SystemInit                               0x0800ab45   Thumb Code   158  system_stm32h7xx.o(i.SystemInit)
    TIM1_UP_IRQHandler                       0x0800ac05   Thumb Code     6  stm32h7xx_it.o(i.TIM1_UP_IRQHandler)
    TIM6_DAC_IRQHandler                      0x0800ac11   Thumb Code     6  stm32h7xx_it.o(i.TIM6_DAC_IRQHandler)
    TIM_Base_SetConfig                       0x0800ac1d   Thumb Code   174  stm32h7xx_hal_tim.o(i.TIM_Base_SetConfig)
    TIM_CCxChannelCmd                        0x0800acf5   Thumb Code    26  stm32h7xx_hal_tim.o(i.TIM_CCxChannelCmd)
    TIM_OC2_SetConfig                        0x0800adb9   Thumb Code   126  stm32h7xx_hal_tim.o(i.TIM_OC2_SetConfig)
    UART7_IRQHandler                         0x0800b049   Thumb Code     6  stm32h7xx_it.o(i.UART7_IRQHandler)
    UART_AdvFeatureConfig                    0x0800b099   Thumb Code   200  stm32h7xx_hal_uart.o(i.UART_AdvFeatureConfig)
    UART_CheckIdleState                      0x0800b161   Thumb Code   170  stm32h7xx_hal_uart.o(i.UART_CheckIdleState)
    UART_SetConfig                           0x0800b745   Thumb Code   914  stm32h7xx_hal_uart.o(i.UART_SetConfig)
    UART_Start_Receive_IT                    0x0800bb21   Thumb Code   256  stm32h7xx_hal_uart.o(i.UART_Start_Receive_IT)
    UART_WaitOnFlagUntilTimeout              0x0800bc31   Thumb Code   140  stm32h7xx_hal_uart.o(i.UART_WaitOnFlagUntilTimeout)
    USART2_IRQHandler                        0x0800bcbd   Thumb Code     6  stm32h7xx_it.o(i.USART2_IRQHandler)
    USART3_IRQHandler                        0x0800bcc9   Thumb Code     6  stm32h7xx_it.o(i.USART3_IRQHandler)
    UsageFault_Handler                       0x0800bcd5   Thumb Code     2  stm32h7xx_it.o(i.UsageFault_Handler)
    __ARM_fpclassify                         0x0800bcd7   Thumb Code    48  fpclassify.o(i.__ARM_fpclassify)
    __hardfp_atan                            0x0800bd29   Thumb Code   402  atan.o(i.__hardfp_atan)
    __hardfp_atan2                           0x0800bf29   Thumb Code   392  atan2.o(i.__hardfp_atan2)
    __hardfp_cos                             0x0800c0f1   Thumb Code   158  cos.o(i.__hardfp_cos)
    __hardfp_pow                             0x0800c1a1   Thumb Code  2140  pow.o(i.__hardfp_pow)
    __hardfp_sin                             0x0800ca99   Thumb Code   158  sin.o(i.__hardfp_sin)
    __hardfp_sqrt                            0x0800cb49   Thumb Code   102  sqrt.o(i.__hardfp_sqrt)
    __ieee754_rem_pio2                       0x0800cbb1   Thumb Code   646  rred.o(i.__ieee754_rem_pio2)
    __kernel_cos                             0x0800cec1   Thumb Code   182  cos_i.o(i.__kernel_cos)
    __kernel_poly                            0x0800cfa1   Thumb Code   112  poly.o(i.__kernel_poly)
    __kernel_sin                             0x0800d011   Thumb Code   144  sin_i.o(i.__kernel_sin)
    __mathlib_dbl_divzero                    0x0800d0b9   Thumb Code    14  dunder.o(i.__mathlib_dbl_divzero)
    __mathlib_dbl_infnan                     0x0800d0d9   Thumb Code     6  dunder.o(i.__mathlib_dbl_infnan)
    __mathlib_dbl_infnan2                    0x0800d0df   Thumb Code     6  dunder.o(i.__mathlib_dbl_infnan2)
    __mathlib_dbl_invalid                    0x0800d0e9   Thumb Code    10  dunder.o(i.__mathlib_dbl_invalid)
    __mathlib_dbl_overflow                   0x0800d101   Thumb Code    10  dunder.o(i.__mathlib_dbl_overflow)
    __mathlib_dbl_underflow                  0x0800d119   Thumb Code    10  dunder.o(i.__mathlib_dbl_underflow)
    __scatterload_copy                       0x0800d131   Thumb Code    14  handlers.o(i.__scatterload_copy)
    __scatterload_null                       0x0800d13f   Thumb Code     2  handlers.o(i.__scatterload_null)
    __scatterload_zeroinit                   0x0800d141   Thumb Code    14  handlers.o(i.__scatterload_zeroinit)
    __set_errno                              0x0800d151   Thumb Code     6  errno.o(i.__set_errno)
    assign_output                            0x0800d15d   Thumb Code  1016  motorctrl.o(i.assign_output)
    atan                                     0x0800d555   Thumb Code    16  atan.o(i.atan)
    bsp_can_init                             0x0800d565   Thumb Code    58  bsp_fdcan.o(i.bsp_can_init)
    cala_d                                   0x0800d5ad   Thumb Code   372  motorctrl.o(i.cala_d)
    can_filter_init                          0x0800d73d   Thumb Code   122  bsp_fdcan.o(i.can_filter_init)
    circle_cc                                0x0800d7c5   Thumb Code    38  dm_motor_ctrl.o(i.circle_cc)
    control_chassis                          0x0800d7ed   Thumb Code   474  upper_location.o(i.control_chassis)
    ctrl_chassis_accer_zone                  0x0800d9e5   Thumb Code   474  motorctrl.o(i.ctrl_chassis_accer_zone)
    ctrlmotor                                0x0800dbf9   Thumb Code  1724  motorctrl.o(i.ctrlmotor)
    dm_motor_fbdata                          0x0800e2b5   Thumb Code   142  dm_motor_drv.o(i.dm_motor_fbdata)
    dribbling                                0x0800e345   Thumb Code    86  r1_dribble.o(i.dribbling)
    fabs                                     0x0800e3a9   Thumb Code    24  fabs.o(i.fabs)
    fdcan1_rx_callback                       0x0800e3c1   Thumb Code   176  dm_motor_ctrl.o(i.fdcan1_rx_callback)
    fdcan2_rx_callback                       0x0800e489   Thumb Code   176  dm_motor_ctrl.o(i.fdcan2_rx_callback)
    fdcan3_rx_callback                       0x0800e551   Thumb Code   176  dm_motor_ctrl.o(i.fdcan3_rx_callback)
    fdcanx_receive                           0x0800e619   Thumb Code    98  bsp_fdcan.o(i.fdcanx_receive)
    get_msgn                                 0x0800e67d   Thumb Code  1290  motorctrl.o(i.get_msgn)
    going_up                                 0x0800eb89   Thumb Code    48  r1_dribble.o(i.going_up)
    main                                     0x0800ebc1   Thumb Code  1352  main.o(i.main)
    motor_state_update                       0x0800f121   Thumb Code   106  bsp_fdcan.o(i.motor_state_update)
    osDelay                                  0x0800f191   Thumb Code    28  cmsis_os2.o(i.osDelay)
    osKernelInitialize                       0x0800f1ad   Thumb Code    32  cmsis_os2.o(i.osKernelInitialize)
    osKernelStart                            0x0800f1d1   Thumb Code    48  cmsis_os2.o(i.osKernelStart)
    osThreadNew                              0x0800f209   Thumb Code   144  cmsis_os2.o(i.osThreadNew)
    pvPortMalloc                             0x0800fa31   Thumb Code   216  heap_4.o(i.pvPortMalloc)
    pxPortInitialiseStack                    0x0800fb0d   Thumb Code    42  port.o(i.pxPortInitialiseStack)
    receive_motor_data                       0x0800fb3d   Thumb Code   478  dm_motor_ctrl.o(i.receive_motor_data)
    set_mode                                 0x0800fd1d   Thumb Code   264  motorctrl.o(i.set_mode)
    set_reset_status                         0x0800fe29   Thumb Code  1574  motorctrl.o(i.set_reset_status)
    set_target                               0x08010455   Thumb Code   536  motorctrl.o(i.set_target)
    sqrt                                     0x0801067d   Thumb Code   106  sqrt.o(i.sqrt)
    uint_to_float                            0x080106e7   Thumb Code    40  dm_motor_drv.o(i.uint_to_float)
    update_sbus                              0x08010711   Thumb Code   286  sbus.o(i.update_sbus)
    uxListRemove                             0x08010835   Thumb Code    38  list.o(i.uxListRemove)
    vApplicationGetIdleTaskMemory            0x0801085d   Thumb Code    18  cmsis_os2.o(i.vApplicationGetIdleTaskMemory)
    vApplicationGetTimerTaskMemory           0x08010875   Thumb Code    20  cmsis_os2.o(i.vApplicationGetTimerTaskMemory)
    vListInitialise                          0x0801088d   Thumb Code    22  list.o(i.vListInitialise)
    vListInitialiseItem                      0x080108a3   Thumb Code     6  list.o(i.vListInitialiseItem)
    vListInsert                              0x080108a9   Thumb Code    48  list.o(i.vListInsert)
    vListInsertEnd                           0x080108d9   Thumb Code    24  list.o(i.vListInsertEnd)
    vPortEnterCritical                       0x080108f1   Thumb Code    54  port.o(i.vPortEnterCritical)
    vPortExitCritical                        0x08010931   Thumb Code    34  port.o(i.vPortExitCritical)
    vPortFree                                0x08010959   Thumb Code    94  heap_4.o(i.vPortFree)
    vPortSetupTimerInterrupt                 0x080109bd   Thumb Code    32  port.o(i.vPortSetupTimerInterrupt)
    vPortValidateInterruptPriority           0x080109e1   Thumb Code    74  port.o(i.vPortValidateInterruptPriority)
    vQueueAddToRegistry                      0x08010a35   Thumb Code    34  queue.o(i.vQueueAddToRegistry)
    vQueueWaitForMessageRestricted           0x08010a5d   Thumb Code    68  queue.o(i.vQueueWaitForMessageRestricted)
    vTaskDelay                               0x08010aa1   Thumb Code    66  tasks.o(i.vTaskDelay)
    vTaskDelayUntil                          0x08010aed   Thumb Code   132  tasks.o(i.vTaskDelayUntil)
    vTaskInternalSetTimeOutState             0x08010b79   Thumb Code    12  tasks.o(i.vTaskInternalSetTimeOutState)
    vTaskMissedYield                         0x08010b89   Thumb Code     8  tasks.o(i.vTaskMissedYield)
    vTaskPlaceOnEventList                    0x08010b95   Thumb Code    44  tasks.o(i.vTaskPlaceOnEventList)
    vTaskPlaceOnEventListRestricted          0x08010bc5   Thumb Code    52  tasks.o(i.vTaskPlaceOnEventListRestricted)
    vTaskStartScheduler                      0x08010bfd   Thumb Code   118  tasks.o(i.vTaskStartScheduler)
    vTaskSuspendAll                          0x08010c85   Thumb Code    10  tasks.o(i.vTaskSuspendAll)
    vTaskSwitchContext                       0x08010c95   Thumb Code    90  tasks.o(i.vTaskSwitchContext)
    xPortStartScheduler                      0x08010cf9   Thumb Code   222  port.o(i.xPortStartScheduler)
    xPortSysTickHandler                      0x08010ded   Thumb Code    38  port.o(i.xPortSysTickHandler)
    xQueueGenericCreateStatic                0x08010e19   Thumb Code   102  queue.o(i.xQueueGenericCreateStatic)
    xQueueGenericReset                       0x08010e81   Thumb Code   144  queue.o(i.xQueueGenericReset)
    xQueueGenericSend                        0x08010f15   Thumb Code   346  queue.o(i.xQueueGenericSend)
    xQueueGenericSendFromISR                 0x08011075   Thumb Code   190  queue.o(i.xQueueGenericSendFromISR)
    xQueueReceive                            0x08011135   Thumb Code   310  queue.o(i.xQueueReceive)
    xTaskCheckForTimeOut                     0x08011271   Thumb Code   116  tasks.o(i.xTaskCheckForTimeOut)
    xTaskCreate                              0x080112e9   Thumb Code    90  tasks.o(i.xTaskCreate)
    xTaskCreateStatic                        0x08011343   Thumb Code    86  tasks.o(i.xTaskCreateStatic)
    xTaskGetSchedulerState                   0x08011399   Thumb Code    22  tasks.o(i.xTaskGetSchedulerState)
    xTaskGetTickCount                        0x080113b5   Thumb Code     6  tasks.o(i.xTaskGetTickCount)
    xTaskIncrementTick                       0x080113c1   Thumb Code   192  tasks.o(i.xTaskIncrementTick)
    xTaskPriorityDisinherit                  0x08011489   Thumb Code   116  tasks.o(i.xTaskPriorityDisinherit)
    xTaskRemoveFromEventList                 0x08011505   Thumb Code   100  tasks.o(i.xTaskRemoveFromEventList)
    xTaskResumeAll                           0x08011575   Thumb Code   184  tasks.o(i.xTaskResumeAll)
    xTimerCreateTimerTask                    0x08011639   Thumb Code    78  timers.o(i.xTimerCreateTimerTask)
    xTimerGenericCommand                     0x08011699   Thumb Code    98  timers.o(i.xTimerGenericCommand)
    defaultTask_attributes                   0x08011700   Data          36  freertos.o(.constdata)
    myTask02_attributes                      0x08011724   Data          36  freertos.o(.constdata)
    UARTPrescTable                           0x080117ac   Data          24  stm32h7xx_hal_uart.o(.constdata)
    D1CorePrescTable                         0x080117d4   Data          16  system_stm32h7xx.o(.constdata)
    __mathlib_zero                           0x08011938   Data           8  qnan.o(.constdata)
    Region$$Table$$Base                      0x08011a48   Number         0  anon$$obj.o(Region$$Table)
    Region$$Table$$Limit                     0x08011a68   Number         0  anon$$obj.o(Region$$Table)
    uart_index                               0x24000000   Data           2  main.o(.data)
    defaultTaskHandle                        0x24000004   Data           4  freertos.o(.data)
    myTask02Handle                           0x24000008   Data           4  freertos.o(.data)
    uwTickFreq                               0x24000010   Data           1  stm32h7xx_hal.o(.data)
    uwTickPrio                               0x24000014   Data           4  stm32h7xx_hal.o(.data)
    uwTick                                   0x24000018   Data           4  stm32h7xx_hal.o(.data)
    SystemCoreClock                          0x2400001c   Data           4  system_stm32h7xx.o(.data)
    SystemD2Clock                            0x24000020   Data           4  system_stm32h7xx.o(.data)
    mode_6020                                0x24000024   Data           1  bsp_fdcan.o(.data)
    mult                                     0x24000030   Data           8  motorctrl.o(.data)
    rtP                                      0x24000038   Data        1036  pid_model_data.o(.data)
    deadband                                 0x24000448   Data           8  upper_location.o(.data)
    TC                                       0x24000450   Data           8  upper_location.o(.data)
    Vel_Deadband                             0x24000458   Data          12  upper_location.o(.data)
    PID                                      0x24000468   Data          48  upper_location.o(.data)
    DribblingStatus                          0x24000498   Data           1  r1_dribble.o(.data)
    pxCurrentTCB                             0x2400049c   Data           4  tasks.o(.data)
    active_can                               0x24000520   Data          10  main.o(.bss)
    buffer                                   0x2400052a   Data         100  main.o(.bss)
    UART2_TX_BUF                             0x2400058e   Data         100  main.o(.bss)
    UART7_RX_BUF                             0x240005f2   Data         100  main.o(.bss)
    UART2_RX_BUF                             0x24000656   Data         100  main.o(.bss)
    cnt                                      0x240006bc   Data          40  main.o(.bss)
    hfdcan1                                  0x240006e4   Data         160  fdcan.o(.bss)
    hfdcan2                                  0x24000784   Data         160  fdcan.o(.bss)
    hfdcan3                                  0x24000824   Data         160  fdcan.o(.bss)
    hiwdg1                                   0x240008c4   Data          16  iwdg.o(.bss)
    htim4                                    0x240008d4   Data          76  tim.o(.bss)
    htim6                                    0x24000920   Data          76  tim.o(.bss)
    huart7                                   0x2400096c   Data         148  usart.o(.bss)
    huart2                                   0x24000a00   Data         148  usart.o(.bss)
    huart3                                   0x24000a94   Data         148  usart.o(.bss)
    hdma_uart7_rx                            0x24000b28   Data         120  usart.o(.bss)
    hdma_uart7_tx                            0x24000ba0   Data         120  usart.o(.bss)
    hdma_usart2_rx                           0x24000c18   Data         120  usart.o(.bss)
    hdma_usart2_tx                           0x24000c90   Data         120  usart.o(.bss)
    hdma_usart3_rx                           0x24000d08   Data         120  usart.o(.bss)
    hdma_usart3_tx                           0x24000d80   Data         120  usart.o(.bss)
    htim1                                    0x24000df8   Data          76  stm32h7xx_hal_timebase_tim.o(.bss)
    can_message                              0x24000e44   Data          36  bsp_fdcan.o(.bss)
    pTxHeader                                0x24000e68   Data          36  bsp_fdcan.o(.bss)
    can1_motor                               0x24000e8c   Data         128  bsp_fdcan.o(.bss)
    can2_motor                               0x24000f0c   Data         128  bsp_fdcan.o(.bss)
    can3_motor                               0x24000f8c   Data         128  bsp_fdcan.o(.bss)
    motor_data_can1                          0x2400100c   Data          32  bsp_fdcan.o(.bss)
    motor_data_can2                          0x2400102c   Data          32  bsp_fdcan.o(.bss)
    motor_data_can3                          0x2400104c   Data          32  bsp_fdcan.o(.bss)
    motor                                    0x2400106c   Data        2720  dm_motor_ctrl.o(.bss)
    tor_output                               0x24001b10   Data         192  motorctrl.o(.bss)
    MotorSignal                              0x24001bd0   Data         240  motorctrl.o(.bss)
    chassis_accer                            0x24001cc0   Data          48  motorctrl.o(.bss)
    rtDW                                     0x24001cf0   Data         736  pid_model.o(.bss)
    rtU                                      0x24001fd0   Data         604  pid_model.o(.bss)
    rtY                                      0x2400222c   Data         260  pid_model.o(.bss)
    vehicle_test                             0x24002330   Data          32  upper_location.o(.bss)
    RC                                       0x24002350   Data          36  upper_location.o(.bss)
    SBUS_CH                                  0x24002374   Data          84  sbus.o(.bss)
    xQueueRegistry                           0x240023c8   Data          64  queue.o(.bss)
    __initial_sp                             0x240070a0   Data           0  startup_stm32h723xx.o(STACK)



==============================================================================

Memory Map of the image

  Image Entry point : 0x080002cd

  Load Region LR_IROM1 (Base: 0x08000000, Size: 0x00011f88, Max: 0x00100000, ABSOLUTE, COMPRESSED[0x00011ab8])

    Execution Region ER_IROM1 (Exec base: 0x08000000, Load base: 0x08000000, Size: 0x00011a68, Max: 0x00100000, ABSOLUTE)

    Exec Addr    Load Addr    Size         Type   Attr      Idx    E Section Name        Object

    0x08000000   0x08000000   0x000002cc   Data   RO            3    RESET               startup_stm32h723xx.o
    0x080002cc   0x080002cc   0x00000000   Code   RO         8116  * .ARM.Collect$$$$00000000  mc_w.l(entry.o)
    0x080002cc   0x080002cc   0x00000004   Code   RO         8182    .ARM.Collect$$$$00000001  mc_w.l(entry2.o)
    0x080002d0   0x080002d0   0x00000004   Code   RO         8185    .ARM.Collect$$$$00000004  mc_w.l(entry5.o)
    0x080002d4   0x080002d4   0x00000000   Code   RO         8187    .ARM.Collect$$$$00000008  mc_w.l(entry7b.o)
    0x080002d4   0x080002d4   0x00000000   Code   RO         8189    .ARM.Collect$$$$0000000A  mc_w.l(entry8b.o)
    0x080002d4   0x080002d4   0x00000008   Code   RO         8190    .ARM.Collect$$$$0000000B  mc_w.l(entry9a.o)
    0x080002dc   0x080002dc   0x00000004   Code   RO         8197    .ARM.Collect$$$$0000000E  mc_w.l(entry12b.o)
    0x080002e0   0x080002e0   0x00000000   Code   RO         8192    .ARM.Collect$$$$0000000F  mc_w.l(entry10a.o)
    0x080002e0   0x080002e0   0x00000000   Code   RO         8194    .ARM.Collect$$$$00000011  mc_w.l(entry11a.o)
    0x080002e0   0x080002e0   0x00000004   Code   RO         8183    .ARM.Collect$$$$00002712  mc_w.l(entry2.o)
    0x080002e4   0x080002e4   0x000000be   Code   RO         7977    .emb_text           port.o
    0x080003a2   0x080003a2   0x00000002   PAD
    0x080003a4   0x080003a4   0x00000024   Code   RO            4    .text               startup_stm32h723xx.o
    0x080003c8   0x080003c8   0x00000062   Code   RO         8119    .text               mc_w.l(uldiv.o)
    0x0800042a   0x0800042a   0x00000024   Code   RO         8121    .text               mc_w.l(memcpya.o)
    0x0800044e   0x0800044e   0x00000024   Code   RO         8125    .text               mc_w.l(memseta.o)
    0x08000472   0x08000472   0x0000001e   Code   RO         8198    .text               mc_w.l(llshl.o)
    0x08000490   0x08000490   0x00000020   Code   RO         8200    .text               mc_w.l(llushr.o)
    0x080004b0   0x080004b0   0x00000000   Code   RO         8209    .text               mc_w.l(iusefp.o)
    0x080004b0   0x080004b0   0x0000002e   Code   RO         8210    .text               mf_w.l(dscalb.o)
    0x080004de   0x080004de   0x00000002   PAD
    0x080004e0   0x080004e0   0x00000024   Code   RO         8212    .text               mc_w.l(init.o)
    0x08000504   0x08000504   0x00000056   Code   RO         8222    .text               mc_w.l(__dczerorl2.o)
    0x0800055a   0x0800055a   0x00000002   Code   RO          708    i.BusFault_Handler  stm32h7xx_it.o
    0x0800055c   0x0800055c   0x00000064   Code   RO         5575    i.CAN_CMD_MOTOR_DJI  bsp_fdcan.o
    0x080005c0   0x080005c0   0x00000084   Code   RO         5914    i.Chart1            pid_model.o
    0x08000644   0x08000644   0x0000000c   Code   RO          709    i.DMA1_Stream0_IRQHandler  stm32h7xx_it.o
    0x08000650   0x08000650   0x0000000c   Code   RO          710    i.DMA1_Stream1_IRQHandler  stm32h7xx_it.o
    0x0800065c   0x0800065c   0x0000000c   Code   RO          711    i.DMA1_Stream2_IRQHandler  stm32h7xx_it.o
    0x08000668   0x08000668   0x0000000c   Code   RO          712    i.DMA1_Stream3_IRQHandler  stm32h7xx_it.o
    0x08000674   0x08000674   0x0000000c   Code   RO          713    i.DMA1_Stream4_IRQHandler  stm32h7xx_it.o
    0x08000680   0x08000680   0x0000000c   Code   RO          714    i.DMA1_Stream5_IRQHandler  stm32h7xx_it.o
    0x0800068c   0x0800068c   0x000000b4   Code   RO         1692    i.DMA_CalcBaseAndBitshift  stm32h7xx_hal_dma.o
    0x08000740   0x08000740   0x0000009c   Code   RO         1693    i.DMA_CalcDMAMUXChannelBaseAndMask  stm32h7xx_hal_dma.o
    0x080007dc   0x080007dc   0x00000074   Code   RO         1694    i.DMA_CalcDMAMUXRequestGenBaseAndMask  stm32h7xx_hal_dma.o
    0x08000850   0x08000850   0x00000054   Code   RO         1695    i.DMA_CheckFifoParam  stm32h7xx_hal_dma.o
    0x080008a4   0x080008a4   0x00000002   Code   RO          715    i.DebugMon_Handler  stm32h7xx_it.o
    0x080008a6   0x080008a6   0x00000002   PAD
    0x080008a8   0x080008a8   0x00000058   Code   RO         6242    i.Dribble_test      r1_dribble.o
    0x08000900   0x08000900   0x00000004   Code   RO           13    i.Error_Handler     main.o
    0x08000904   0x08000904   0x0000000c   Code   RO          716    i.FDCAN1_IT0_IRQHandler  stm32h7xx_it.o
    0x08000910   0x08000910   0x0000000c   Code   RO          717    i.FDCAN2_IT0_IRQHandler  stm32h7xx_it.o
    0x0800091c   0x0800091c   0x0000000c   Code   RO          718    i.FDCAN2_IT1_IRQHandler  stm32h7xx_it.o
    0x08000928   0x08000928   0x0000000c   Code   RO          719    i.FDCAN3_IT0_IRQHandler  stm32h7xx_it.o
    0x08000934   0x08000934   0x0000000c   Code   RO          720    i.FDCAN3_IT1_IRQHandler  stm32h7xx_it.o
    0x08000940   0x08000940   0x0000001c   Code   RO          721    i.FDCAN_CAL_IRQHandler  stm32h7xx_it.o
    0x0800095c   0x0800095c   0x000001c8   Code   RO         3333    i.FDCAN_CalcultateRamBlockAddresses  stm32h7xx_hal_fdcan.o
    0x08000b24   0x08000b24   0x00000080   Code   RO         3334    i.FDCAN_CopyMessageToRAM  stm32h7xx_hal_fdcan.o
    0x08000ba4   0x08000ba4   0x00000360   Code   RO         1697    i.HAL_DMA_Abort     stm32h7xx_hal_dma.o
    0x08000f04   0x08000f04   0x00000284   Code   RO         1698    i.HAL_DMA_Abort_IT  stm32h7xx_hal_dma.o
    0x08001188   0x08001188   0x000006e8   Code   RO         1702    i.HAL_DMA_IRQHandler  stm32h7xx_hal_dma.o
    0x08001870   0x08001870   0x000003bc   Code   RO         1703    i.HAL_DMA_Init      stm32h7xx_hal_dma.o
    0x08001c2c   0x08001c2c   0x00000088   Code   RO         3336    i.HAL_FDCAN_ActivateNotification  stm32h7xx_hal_fdcan.o
    0x08001cb4   0x08001cb4   0x00000066   Code   RO         3338    i.HAL_FDCAN_AddMessageToTxFifoQ  stm32h7xx_hal_fdcan.o
    0x08001d1a   0x08001d1a   0x00000002   Code   RO         3339    i.HAL_FDCAN_ClockCalibrationCallback  stm32h7xx_hal_fdcan.o
    0x08001d1c   0x08001d1c   0x0000005a   Code   RO         3342    i.HAL_FDCAN_ConfigFifoWatermark  stm32h7xx_hal_fdcan.o
    0x08001d76   0x08001d76   0x0000007e   Code   RO         3343    i.HAL_FDCAN_ConfigFilter  stm32h7xx_hal_fdcan.o
    0x08001df4   0x08001df4   0x00000032   Code   RO         3344    i.HAL_FDCAN_ConfigGlobalFilter  stm32h7xx_hal_fdcan.o
    0x08001e26   0x08001e26   0x00000002   Code   RO         3365    i.HAL_FDCAN_ErrorCallback  stm32h7xx_hal_fdcan.o
    0x08001e28   0x08001e28   0x00000002   Code   RO         3366    i.HAL_FDCAN_ErrorStatusCallback  stm32h7xx_hal_fdcan.o
    0x08001e2a   0x08001e2a   0x00000002   PAD
    0x08001e2c   0x08001e2c   0x00000194   Code   RO         3377    i.HAL_FDCAN_GetRxMessage  stm32h7xx_hal_fdcan.o
    0x08001fc0   0x08001fc0   0x00000002   Code   RO         3383    i.HAL_FDCAN_HighPriorityMessageCallback  stm32h7xx_hal_fdcan.o
    0x08001fc2   0x08001fc2   0x00000002   PAD
    0x08001fc4   0x08001fc4   0x00000320   Code   RO         3384    i.HAL_FDCAN_IRQHandler  stm32h7xx_hal_fdcan.o
    0x080022e4   0x080022e4   0x00000244   Code   RO         3385    i.HAL_FDCAN_Init    stm32h7xx_hal_fdcan.o
    0x08002528   0x08002528   0x000001cc   Code   RO          394    i.HAL_FDCAN_MspInit  fdcan.o
    0x080026f4   0x080026f4   0x00000002   Code   RO         3394    i.HAL_FDCAN_RxBufferNewMessageCallback  stm32h7xx_hal_fdcan.o
    0x080026f6   0x080026f6   0x00000002   PAD
    0x080026f8   0x080026f8   0x00000030   Code   RO         5576    i.HAL_FDCAN_RxFifo0Callback  bsp_fdcan.o
    0x08002728   0x08002728   0x00000002   Code   RO         3396    i.HAL_FDCAN_RxFifo1Callback  stm32h7xx_hal_fdcan.o
    0x0800272a   0x0800272a   0x00000032   Code   RO         3397    i.HAL_FDCAN_Start   stm32h7xx_hal_fdcan.o
    0x0800275c   0x0800275c   0x00000002   Code   RO         3419    i.HAL_FDCAN_TT_GlobalTimeCallback  stm32h7xx_hal_fdcan.o
    0x0800275e   0x0800275e   0x00000002   Code   RO         3420    i.HAL_FDCAN_TT_ScheduleSyncCallback  stm32h7xx_hal_fdcan.o
    0x08002760   0x08002760   0x00000002   Code   RO         3425    i.HAL_FDCAN_TT_StopWatchCallback  stm32h7xx_hal_fdcan.o
    0x08002762   0x08002762   0x00000002   Code   RO         3426    i.HAL_FDCAN_TT_TimeMarkCallback  stm32h7xx_hal_fdcan.o
    0x08002764   0x08002764   0x00000002   Code   RO         3427    i.HAL_FDCAN_TimeoutOccurredCallback  stm32h7xx_hal_fdcan.o
    0x08002766   0x08002766   0x00000002   Code   RO         3428    i.HAL_FDCAN_TimestampWraparoundCallback  stm32h7xx_hal_fdcan.o
    0x08002768   0x08002768   0x00000002   Code   RO         3429    i.HAL_FDCAN_TxBufferAbortCallback  stm32h7xx_hal_fdcan.o
    0x0800276a   0x0800276a   0x00000002   Code   RO         3430    i.HAL_FDCAN_TxBufferCompleteCallback  stm32h7xx_hal_fdcan.o
    0x0800276c   0x0800276c   0x00000002   Code   RO         3431    i.HAL_FDCAN_TxEventFifoCallback  stm32h7xx_hal_fdcan.o
    0x0800276e   0x0800276e   0x00000002   Code   RO         3432    i.HAL_FDCAN_TxFifoEmptyCallback  stm32h7xx_hal_fdcan.o
    0x08002770   0x08002770   0x0000021c   Code   RO         1545    i.HAL_GPIO_Init     stm32h7xx_hal_gpio.o
    0x0800298c   0x0800298c   0x00000010   Code   RO         1548    i.HAL_GPIO_TogglePin  stm32h7xx_hal_gpio.o
    0x0800299c   0x0800299c   0x0000000a   Code   RO         1549    i.HAL_GPIO_WritePin  stm32h7xx_hal_gpio.o
    0x080029a6   0x080029a6   0x00000002   PAD
    0x080029a8   0x080029a8   0x0000000c   Code   RO         2410    i.HAL_GetTick       stm32h7xx_hal.o
    0x080029b4   0x080029b4   0x0000000c   Code   RO         3952    i.HAL_IWDG_Refresh  stm32h7xx_hal_iwdg.o
    0x080029c0   0x080029c0   0x00000010   Code   RO         2416    i.HAL_IncTick       stm32h7xx_hal.o
    0x080029d0   0x080029d0   0x0000005c   Code   RO         2417    i.HAL_Init          stm32h7xx_hal.o
    0x08002a2c   0x08002a2c   0x00000084   Code   RO          892    i.HAL_InitTick      stm32h7xx_hal_timebase_tim.o
    0x08002ab0   0x08002ab0   0x0000005c   Code   RO          932    i.HAL_MPU_ConfigRegion  stm32h7xx_hal_cortex.o
    0x08002b0c   0x08002b0c   0x0000001c   Code   RO          933    i.HAL_MPU_Disable   stm32h7xx_hal_cortex.o
    0x08002b28   0x08002b28   0x00000024   Code   RO          934    i.HAL_MPU_Enable    stm32h7xx_hal_cortex.o
    0x08002b4c   0x08002b4c   0x00000024   Code   RO          868    i.HAL_MspInit       stm32h7xx_hal_msp.o
    0x08002b70   0x08002b70   0x0000001a   Code   RO          937    i.HAL_NVIC_EnableIRQ  stm32h7xx_hal_cortex.o
    0x08002b8a   0x08002b8a   0x00000002   PAD
    0x08002b8c   0x08002b8c   0x00000040   Code   RO          943    i.HAL_NVIC_SetPriority  stm32h7xx_hal_cortex.o
    0x08002bcc   0x08002bcc   0x00000024   Code   RO          944    i.HAL_NVIC_SetPriorityGrouping  stm32h7xx_hal_cortex.o
    0x08002bf0   0x08002bf0   0x00000054   Code   RO         2146    i.HAL_PWREx_ConfigSupply  stm32h7xx_hal_pwr_ex.o
    0x08002c44   0x08002c44   0x00000024   Code   RO         1188    i.HAL_RCCEx_GetD3PCLK1Freq  stm32h7xx_hal_rcc_ex.o
    0x08002c68   0x08002c68   0x00000144   Code   RO         1190    i.HAL_RCCEx_GetPLL2ClockFreq  stm32h7xx_hal_rcc_ex.o
    0x08002dac   0x08002dac   0x00000144   Code   RO         1191    i.HAL_RCCEx_GetPLL3ClockFreq  stm32h7xx_hal_rcc_ex.o
    0x08002ef0   0x08002ef0   0x0000093a   Code   RO         1197    i.HAL_RCCEx_PeriphCLKConfig  stm32h7xx_hal_rcc_ex.o
    0x0800382a   0x0800382a   0x00000002   PAD
    0x0800382c   0x0800382c   0x0000025c   Code   RO         1073    i.HAL_RCC_ClockConfig  stm32h7xx_hal_rcc.o
    0x08003a88   0x08003a88   0x0000005c   Code   RO         1077    i.HAL_RCC_GetClockConfig  stm32h7xx_hal_rcc.o
    0x08003ae4   0x08003ae4   0x00000044   Code   RO         1078    i.HAL_RCC_GetHCLKFreq  stm32h7xx_hal_rcc.o
    0x08003b28   0x08003b28   0x00000024   Code   RO         1080    i.HAL_RCC_GetPCLK1Freq  stm32h7xx_hal_rcc.o
    0x08003b4c   0x08003b4c   0x00000024   Code   RO         1081    i.HAL_RCC_GetPCLK2Freq  stm32h7xx_hal_rcc.o
    0x08003b70   0x08003b70   0x00000138   Code   RO         1082    i.HAL_RCC_GetSysClockFreq  stm32h7xx_hal_rcc.o
    0x08003ca8   0x08003ca8   0x00000526   Code   RO         1085    i.HAL_RCC_OscConfig  stm32h7xx_hal_rcc.o
    0x080041ce   0x080041ce   0x00000002   Code   RO         4697    i.HAL_TIMEx_Break2Callback  stm32h7xx_hal_tim_ex.o
    0x080041d0   0x080041d0   0x00000002   Code   RO         4698    i.HAL_TIMEx_BreakCallback  stm32h7xx_hal_tim_ex.o
    0x080041d2   0x080041d2   0x00000002   Code   RO         4699    i.HAL_TIMEx_CommutCallback  stm32h7xx_hal_tim_ex.o
    0x080041d4   0x080041d4   0x000000b8   Code   RO         4720    i.HAL_TIMEx_MasterConfigSynchronization  stm32h7xx_hal_tim_ex.o
    0x0800428c   0x0800428c   0x00000062   Code   RO         3983    i.HAL_TIM_Base_Init  stm32h7xx_hal_tim.o
    0x080042ee   0x080042ee   0x00000002   PAD
    0x080042f0   0x080042f0   0x0000003c   Code   RO          589    i.HAL_TIM_Base_MspInit  tim.o
    0x0800432c   0x0800432c   0x000000a0   Code   RO         3988    i.HAL_TIM_Base_Start_IT  stm32h7xx_hal_tim.o
    0x080043cc   0x080043cc   0x00000002   Code   RO         4017    i.HAL_TIM_IC_CaptureCallback  stm32h7xx_hal_tim.o
    0x080043ce   0x080043ce   0x00000182   Code   RO         4031    i.HAL_TIM_IRQHandler  stm32h7xx_hal_tim.o
    0x08004550   0x08004550   0x00000054   Code   RO          590    i.HAL_TIM_MspPostInit  tim.o
    0x080045a4   0x080045a4   0x00000002   Code   RO         4034    i.HAL_TIM_OC_DelayElapsedCallback  stm32h7xx_hal_tim.o
    0x080045a6   0x080045a6   0x00000124   Code   RO         4055    i.HAL_TIM_PWM_ConfigChannel  stm32h7xx_hal_tim.o
    0x080046ca   0x080046ca   0x00000062   Code   RO         4058    i.HAL_TIM_PWM_Init  stm32h7xx_hal_tim.o
    0x0800472c   0x0800472c   0x00000028   Code   RO          592    i.HAL_TIM_PWM_MspInit  tim.o
    0x08004754   0x08004754   0x00000002   Code   RO         4061    i.HAL_TIM_PWM_PulseFinishedCallback  stm32h7xx_hal_tim.o
    0x08004756   0x08004756   0x00000002   PAD
    0x08004758   0x08004758   0x00000124   Code   RO         4063    i.HAL_TIM_PWM_Start  stm32h7xx_hal_tim.o
    0x0800487c   0x0800487c   0x0000006c   Code   RO           14    i.HAL_TIM_PeriodElapsedCallback  main.o
    0x080048e8   0x080048e8   0x00000002   Code   RO         4074    i.HAL_TIM_TriggerCallback  stm32h7xx_hal_tim.o
    0x080048ea   0x080048ea   0x00000040   Code   RO         5420    i.HAL_UARTEx_DisableFifoMode  stm32h7xx_hal_uart_ex.o
    0x0800492a   0x0800492a   0x00000002   Code   RO         5009    i.HAL_UARTEx_RxEventCallback  stm32h7xx_hal_uart.o
    0x0800492c   0x0800492c   0x00000002   Code   RO         5428    i.HAL_UARTEx_RxFifoFullCallback  stm32h7xx_hal_uart_ex.o
    0x0800492e   0x0800492e   0x0000004c   Code   RO         5429    i.HAL_UARTEx_SetRxFifoThreshold  stm32h7xx_hal_uart_ex.o
    0x0800497a   0x0800497a   0x0000004c   Code   RO         5430    i.HAL_UARTEx_SetTxFifoThreshold  stm32h7xx_hal_uart_ex.o
    0x080049c6   0x080049c6   0x00000002   Code   RO         5432    i.HAL_UARTEx_TxFifoEmptyCallback  stm32h7xx_hal_uart_ex.o
    0x080049c8   0x080049c8   0x00000002   Code   RO         5433    i.HAL_UARTEx_WakeupCallback  stm32h7xx_hal_uart_ex.o
    0x080049ca   0x080049ca   0x00000002   PAD
    0x080049cc   0x080049cc   0x00000044   Code   RO           15    i.HAL_UART_ErrorCallback  main.o
    0x08004a10   0x08004a10   0x00000388   Code   RO         5028    i.HAL_UART_IRQHandler  stm32h7xx_hal_uart.o
    0x08004d98   0x08004d98   0x0000006a   Code   RO         5029    i.HAL_UART_Init     stm32h7xx_hal_uart.o
    0x08004e02   0x08004e02   0x00000002   PAD
    0x08004e04   0x08004e04   0x000002cc   Code   RO          655    i.HAL_UART_MspInit  usart.o
    0x080050d0   0x080050d0   0x00000048   Code   RO         5034    i.HAL_UART_Receive_IT  stm32h7xx_hal_uart.o
    0x08005118   0x08005118   0x000000c8   Code   RO           16    i.HAL_UART_RxCpltCallback  main.o
    0x080051e0   0x080051e0   0x00000002   Code   RO         5041    i.HAL_UART_TxCpltCallback  stm32h7xx_hal_uart.o
    0x080051e2   0x080051e2   0x00000002   Code   RO          722    i.HardFault_Handler  stm32h7xx_it.o
    0x080051e4   0x080051e4   0x0000007c   Code   RO          369    i.MX_DMA_Init       dma.o
    0x08005260   0x08005260   0x0000006c   Code   RO          395    i.MX_FDCAN1_Init    fdcan.o
    0x080052cc   0x080052cc   0x00000074   Code   RO          396    i.MX_FDCAN2_Init    fdcan.o
    0x08005340   0x08005340   0x00000074   Code   RO          397    i.MX_FDCAN3_Init    fdcan.o
    0x080053b4   0x080053b4   0x00000030   Code   RO          313    i.MX_FREERTOS_Init  freertos.o
    0x080053e4   0x080053e4   0x000000f4   Code   RO          289    i.MX_GPIO_Init      gpio.o
    0x080054d8   0x080054d8   0x00000084   Code   RO          593    i.MX_TIM4_Init      tim.o
    0x0800555c   0x0800555c   0x00000048   Code   RO          594    i.MX_TIM6_Init      tim.o
    0x080055a4   0x080055a4   0x00000068   Code   RO          656    i.MX_UART7_Init     usart.o
    0x0800560c   0x0800560c   0x00000068   Code   RO          657    i.MX_USART2_UART_Init  usart.o
    0x08005674   0x08005674   0x00000068   Code   RO          658    i.MX_USART3_UART_Init  usart.o
    0x080056dc   0x080056dc   0x00000002   Code   RO          723    i.MemManage_Handler  stm32h7xx_it.o
    0x080056de   0x080056de   0x00000002   Code   RO          724    i.NMI_Handler       stm32h7xx_it.o
    0x080056e0   0x080056e0   0x00000178   Code   RO         5802    i.PID_Angle_A_Para_Init  motorctrl.o
    0x08005858   0x08005858   0x00000178   Code   RO         5803    i.PID_Angle_S_Para_Init  motorctrl.o
    0x080059d0   0x080059d0   0x000001cc   Code   RO         5915    i.PID_MODEL_initialize  pid_model.o
    0x08005b9c   0x08005b9c   0x0000476c   Code   RO         5916    i.PID_MODEL_step    pid_model.o
    0x0800a308   0x0800a308   0x00000178   Code   RO         5804    i.PID_Speed_Para_Init  motorctrl.o
    0x0800a480   0x0800a480   0x00000120   Code   RO         1200    i.RCCEx_PLL2_Config  stm32h7xx_hal_rcc_ex.o
    0x0800a5a0   0x0800a5a0   0x00000120   Code   RO         1201    i.RCCEx_PLL3_Config  stm32h7xx_hal_rcc_ex.o
    0x0800a6c0   0x0800a6c0   0x00000324   Code   RO         5965    i.Reach_TGT         upper_location.o
    0x0800a9e4   0x0800a9e4   0x00000058   Code   RO         5966    i.Receive           upper_location.o
    0x0800aa3c   0x0800aa3c   0x0000000c   Code   RO         5577    i.Set_6020_Mode     bsp_fdcan.o
    0x0800aa48   0x0800aa48   0x00000016   Code   RO          314    i.StartDefaultTask  freertos.o
    0x0800aa5e   0x0800aa5e   0x00000012   Code   RO          315    i.StartTask02       freertos.o
    0x0800aa70   0x0800aa70   0x0000001c   Code   RO         6243    i.Stop              r1_dribble.o
    0x0800aa8c   0x0800aa8c   0x0000001a   Code   RO         7409    i.SysTick_Handler   cmsis_os2.o
    0x0800aaa6   0x0800aaa6   0x00000002   PAD
    0x0800aaa8   0x0800aaa8   0x0000009c   Code   RO           17    i.SystemClock_Config  main.o
    0x0800ab44   0x0800ab44   0x000000c0   Code   RO         5539    i.SystemInit        system_stm32h7xx.o
    0x0800ac04   0x0800ac04   0x0000000c   Code   RO          725    i.TIM1_UP_IRQHandler  stm32h7xx_it.o
    0x0800ac10   0x0800ac10   0x0000000c   Code   RO          726    i.TIM6_DAC_IRQHandler  stm32h7xx_it.o
    0x0800ac1c   0x0800ac1c   0x000000d8   Code   RO         4076    i.TIM_Base_SetConfig  stm32h7xx_hal_tim.o
    0x0800acf4   0x0800acf4   0x0000001a   Code   RO         4077    i.TIM_CCxChannelCmd  stm32h7xx_hal_tim.o
    0x0800ad0e   0x0800ad0e   0x00000002   PAD
    0x0800ad10   0x0800ad10   0x000000a8   Code   RO         4089    i.TIM_OC1_SetConfig  stm32h7xx_hal_tim.o
    0x0800adb8   0x0800adb8   0x00000098   Code   RO         4090    i.TIM_OC2_SetConfig  stm32h7xx_hal_tim.o
    0x0800ae50   0x0800ae50   0x00000098   Code   RO         4091    i.TIM_OC3_SetConfig  stm32h7xx_hal_tim.o
    0x0800aee8   0x0800aee8   0x00000078   Code   RO         4092    i.TIM_OC4_SetConfig  stm32h7xx_hal_tim.o
    0x0800af60   0x0800af60   0x00000074   Code   RO         4093    i.TIM_OC5_SetConfig  stm32h7xx_hal_tim.o
    0x0800afd4   0x0800afd4   0x00000074   Code   RO         4094    i.TIM_OC6_SetConfig  stm32h7xx_hal_tim.o
    0x0800b048   0x0800b048   0x0000000c   Code   RO          727    i.UART7_IRQHandler  stm32h7xx_it.o
    0x0800b054   0x0800b054   0x00000044   Code   RO         5434    i.UARTEx_SetNbDataToProcess  stm32h7xx_hal_uart_ex.o
    0x0800b098   0x0800b098   0x000000c8   Code   RO         5043    i.UART_AdvFeatureConfig  stm32h7xx_hal_uart.o
    0x0800b160   0x0800b160   0x000000aa   Code   RO         5044    i.UART_CheckIdleState  stm32h7xx_hal_uart.o
    0x0800b20a   0x0800b20a   0x00000014   Code   RO         5045    i.UART_DMAAbortOnError  stm32h7xx_hal_uart.o
    0x0800b21e   0x0800b21e   0x00000002   PAD
    0x0800b220   0x0800b220   0x00000054   Code   RO         5055    i.UART_EndRxTransfer  stm32h7xx_hal_uart.o
    0x0800b274   0x0800b274   0x000000c8   Code   RO         5057    i.UART_RxISR_16BIT  stm32h7xx_hal_uart.o
    0x0800b33c   0x0800b33c   0x000001a0   Code   RO         5058    i.UART_RxISR_16BIT_FIFOEN  stm32h7xx_hal_uart.o
    0x0800b4dc   0x0800b4dc   0x000000c8   Code   RO         5059    i.UART_RxISR_8BIT   stm32h7xx_hal_uart.o
    0x0800b5a4   0x0800b5a4   0x000001a0   Code   RO         5060    i.UART_RxISR_8BIT_FIFOEN  stm32h7xx_hal_uart.o
    0x0800b744   0x0800b744   0x000003dc   Code   RO         5061    i.UART_SetConfig    stm32h7xx_hal_uart.o
    0x0800bb20   0x0800bb20   0x00000110   Code   RO         5063    i.UART_Start_Receive_IT  stm32h7xx_hal_uart.o
    0x0800bc30   0x0800bc30   0x0000008c   Code   RO         5068    i.UART_WaitOnFlagUntilTimeout  stm32h7xx_hal_uart.o
    0x0800bcbc   0x0800bcbc   0x0000000c   Code   RO          728    i.USART2_IRQHandler  stm32h7xx_it.o
    0x0800bcc8   0x0800bcc8   0x0000000c   Code   RO          729    i.USART3_IRQHandler  stm32h7xx_it.o
    0x0800bcd4   0x0800bcd4   0x00000002   Code   RO          730    i.UsageFault_Handler  stm32h7xx_it.o
    0x0800bcd6   0x0800bcd6   0x00000030   Code   RO         8166    i.__ARM_fpclassify  m_wv.l(fpclassify.o)
    0x0800bd06   0x0800bd06   0x00000022   Code   RO          950    i.__NVIC_SetPriority  stm32h7xx_hal_cortex.o
    0x0800bd28   0x0800bd28   0x00000200   Code   RO         8129    i.__hardfp_atan     m_wv.l(atan.o)
    0x0800bf28   0x0800bf28   0x000001c8   Code   RO         8054    i.__hardfp_atan2    m_wv.l(atan2.o)
    0x0800c0f0   0x0800c0f0   0x000000b0   Code   RO         8066    i.__hardfp_cos      m_wv.l(cos.o)
    0x0800c1a0   0x0800c1a0   0x000008f8   Code   RO         8078    i.__hardfp_pow      m_wv.l(pow.o)
    0x0800ca98   0x0800ca98   0x000000b0   Code   RO         8092    i.__hardfp_sin      m_wv.l(sin.o)
    0x0800cb48   0x0800cb48   0x00000066   Code   RO         8104    i.__hardfp_sqrt     m_wv.l(sqrt.o)
    0x0800cbae   0x0800cbae   0x00000002   PAD
    0x0800cbb0   0x0800cbb0   0x00000310   Code   RO         8171    i.__ieee754_rem_pio2  m_wv.l(rred.o)
    0x0800cec0   0x0800cec0   0x000000e0   Code   RO         8143    i.__kernel_cos      m_wv.l(cos_i.o)
    0x0800cfa0   0x0800cfa0   0x00000070   Code   RO         8168    i.__kernel_poly     m_wv.l(poly.o)
    0x0800d010   0x0800d010   0x000000a8   Code   RO         8176    i.__kernel_sin      m_wv.l(sin_i.o)
    0x0800d0b8   0x0800d0b8   0x00000020   Code   RO         8146    i.__mathlib_dbl_divzero  m_wv.l(dunder.o)
    0x0800d0d8   0x0800d0d8   0x00000006   Code   RO         8147    i.__mathlib_dbl_infnan  m_wv.l(dunder.o)
    0x0800d0de   0x0800d0de   0x00000006   Code   RO         8148    i.__mathlib_dbl_infnan2  m_wv.l(dunder.o)
    0x0800d0e4   0x0800d0e4   0x00000004   PAD
    0x0800d0e8   0x0800d0e8   0x00000018   Code   RO         8149    i.__mathlib_dbl_invalid  m_wv.l(dunder.o)
    0x0800d100   0x0800d100   0x00000018   Code   RO         8150    i.__mathlib_dbl_overflow  m_wv.l(dunder.o)
    0x0800d118   0x0800d118   0x00000018   Code   RO         8152    i.__mathlib_dbl_underflow  m_wv.l(dunder.o)
    0x0800d130   0x0800d130   0x0000000e   Code   RO         8216    i.__scatterload_copy  mc_w.l(handlers.o)
    0x0800d13e   0x0800d13e   0x00000002   Code   RO         8217    i.__scatterload_null  mc_w.l(handlers.o)
    0x0800d140   0x0800d140   0x0000000e   Code   RO         8218    i.__scatterload_zeroinit  mc_w.l(handlers.o)
    0x0800d14e   0x0800d14e   0x00000002   PAD
    0x0800d150   0x0800d150   0x0000000c   Code   RO         8204    i.__set_errno       mc_w.l(errno.o)
    0x0800d15c   0x0800d15c   0x000003f8   Code   RO         5805    i.assign_output     motorctrl.o
    0x0800d554   0x0800d554   0x00000010   Code   RO         8131    i.atan              m_wv.l(atan.o)
    0x0800d564   0x0800d564   0x00000048   Code   RO         5578    i.bsp_can_init      bsp_fdcan.o
    0x0800d5ac   0x0800d5ac   0x00000190   Code   RO         5806    i.cala_d            motorctrl.o
    0x0800d73c   0x0800d73c   0x00000088   Code   RO         5579    i.can_filter_init   bsp_fdcan.o
    0x0800d7c4   0x0800d7c4   0x00000026   Code   RO         5728    i.circle_cc         dm_motor_ctrl.o
    0x0800d7ea   0x0800d7ea   0x00000002   PAD
    0x0800d7ec   0x0800d7ec   0x000001f8   Code   RO         5967    i.control_chassis   upper_location.o
    0x0800d9e4   0x0800d9e4   0x00000214   Code   RO         5807    i.ctrl_chassis_accer_zone  motorctrl.o
    0x0800dbf8   0x0800dbf8   0x000006bc   Code   RO         5808    i.ctrlmotor         motorctrl.o
    0x0800e2b4   0x0800e2b4   0x0000008e   Code   RO         6032    i.dm_motor_fbdata   dm_motor_drv.o
    0x0800e342   0x0800e342   0x00000002   PAD
    0x0800e344   0x0800e344   0x00000064   Code   RO         6244    i.dribbling         r1_dribble.o
    0x0800e3a8   0x0800e3a8   0x00000018   Code   RO         8162    i.fabs              m_wv.l(fabs.o)
    0x0800e3c0   0x0800e3c0   0x000000c8   Code   RO         5730    i.fdcan1_rx_callback  dm_motor_ctrl.o
    0x0800e488   0x0800e488   0x000000c8   Code   RO         5731    i.fdcan2_rx_callback  dm_motor_ctrl.o
    0x0800e550   0x0800e550   0x000000c8   Code   RO         5732    i.fdcan3_rx_callback  dm_motor_ctrl.o
    0x0800e618   0x0800e618   0x00000062   Code   RO         5583    i.fdcanx_receive    bsp_fdcan.o
    0x0800e67a   0x0800e67a   0x00000002   PAD
    0x0800e67c   0x0800e67c   0x0000050a   Code   RO         5809    i.get_msgn          motorctrl.o
    0x0800eb86   0x0800eb86   0x00000002   PAD
    0x0800eb88   0x0800eb88   0x00000038   Code   RO         6245    i.going_up          r1_dribble.o
    0x0800ebc0   0x0800ebc0   0x00000560   Code   RO           18    i.main              main.o
    0x0800f120   0x0800f120   0x00000070   Code   RO         5588    i.motor_state_update  bsp_fdcan.o
    0x0800f190   0x0800f190   0x0000001c   Code   RO         7411    i.osDelay           cmsis_os2.o
    0x0800f1ac   0x0800f1ac   0x00000024   Code   RO         7425    i.osKernelInitialize  cmsis_os2.o
    0x0800f1d0   0x0800f1d0   0x00000038   Code   RO         7428    i.osKernelStart     cmsis_os2.o
    0x0800f208   0x0800f208   0x00000090   Code   RO         7470    i.osThreadNew       cmsis_os2.o
    0x0800f298   0x0800f298   0x0000005c   Code   RO         6870    i.prvAddCurrentTaskToDelayedList  tasks.o
    0x0800f2f4   0x0800f2f4   0x000000d0   Code   RO         6871    i.prvAddNewTaskToReadyList  tasks.o
    0x0800f3c4   0x0800f3c4   0x00000058   Code   RO         7235    i.prvCheckForValidListAndQueue  timers.o
    0x0800f41c   0x0800f41c   0x00000026   Code   RO         6467    i.prvCopyDataFromQueue  queue.o
    0x0800f442   0x0800f442   0x0000006c   Code   RO         6468    i.prvCopyDataToQueue  queue.o
    0x0800f4ae   0x0800f4ae   0x00000034   Code   RO         6872    i.prvDeleteTCB      tasks.o
    0x0800f4e2   0x0800f4e2   0x00000002   PAD
    0x0800f4e4   0x0800f4e4   0x00000050   Code   RO         7922    i.prvHeapInit       heap_4.o
    0x0800f534   0x0800f534   0x00000060   Code   RO         6873    i.prvIdleTask       tasks.o
    0x0800f594   0x0800f594   0x00000022   Code   RO         6470    i.prvInitialiseNewQueue  queue.o
    0x0800f5b6   0x0800f5b6   0x000000b0   Code   RO         6874    i.prvInitialiseNewTask  tasks.o
    0x0800f666   0x0800f666   0x00000002   PAD
    0x0800f668   0x0800f668   0x0000004c   Code   RO         7923    i.prvInsertBlockIntoFreeList  heap_4.o
    0x0800f6b4   0x0800f6b4   0x0000003c   Code   RO         7237    i.prvInsertTimerInActiveList  timers.o
    0x0800f6f0   0x0800f6f0   0x0000001c   Code   RO         6471    i.prvIsQueueEmpty   queue.o
    0x0800f70c   0x0800f70c   0x000000f8   Code   RO         7238    i.prvProcessReceivedCommands  timers.o
    0x0800f804   0x0800f804   0x000000c0   Code   RO         7239    i.prvProcessTimerOrBlockTask  timers.o
    0x0800f8c4   0x0800f8c4   0x00000020   Code   RO         6876    i.prvResetNextTaskUnblockTime  tasks.o
    0x0800f8e4   0x0800f8e4   0x00000028   Code   RO         7240    i.prvSampleTimeNow  timers.o
    0x0800f90c   0x0800f90c   0x0000006c   Code   RO         7241    i.prvSwitchTimerLists  timers.o
    0x0800f978   0x0800f978   0x00000028   Code   RO         7978    i.prvTaskExitError  port.o
    0x0800f9a0   0x0800f9a0   0x00000024   Code   RO         7242    i.prvTimerTask      timers.o
    0x0800f9c4   0x0800f9c4   0x0000006a   Code   RO         6472    i.prvUnlockQueue    queue.o
    0x0800fa2e   0x0800fa2e   0x00000002   PAD
    0x0800fa30   0x0800fa30   0x000000dc   Code   RO         7924    i.pvPortMalloc      heap_4.o
    0x0800fb0c   0x0800fb0c   0x00000030   Code   RO         7979    i.pxPortInitialiseStack  port.o
    0x0800fb3c   0x0800fb3c   0x000001de   Code   RO         5734    i.receive_motor_data  dm_motor_ctrl.o
    0x0800fd1a   0x0800fd1a   0x00000002   PAD
    0x0800fd1c   0x0800fd1c   0x0000010c   Code   RO         5810    i.set_mode          motorctrl.o
    0x0800fe28   0x0800fe28   0x0000062c   Code   RO         5811    i.set_reset_status  motorctrl.o
    0x08010454   0x08010454   0x00000228   Code   RO         5812    i.set_target        motorctrl.o
    0x0801067c   0x0801067c   0x0000006a   Code   RO         8106    i.sqrt              m_wv.l(sqrt.o)
    0x080106e6   0x080106e6   0x00000028   Code   RO         6043    i.uint_to_float     dm_motor_drv.o
    0x0801070e   0x0801070e   0x00000002   PAD
    0x08010710   0x08010710   0x00000124   Code   RO         6163    i.update_sbus       sbus.o
    0x08010834   0x08010834   0x00000026   Code   RO         6427    i.uxListRemove      list.o
    0x0801085a   0x0801085a   0x00000002   PAD
    0x0801085c   0x0801085c   0x00000018   Code   RO         7482    i.vApplicationGetIdleTaskMemory  cmsis_os2.o
    0x08010874   0x08010874   0x00000018   Code   RO         7483    i.vApplicationGetTimerTaskMemory  cmsis_os2.o
    0x0801088c   0x0801088c   0x00000016   Code   RO         6428    i.vListInitialise   list.o
    0x080108a2   0x080108a2   0x00000006   Code   RO         6429    i.vListInitialiseItem  list.o
    0x080108a8   0x080108a8   0x00000030   Code   RO         6430    i.vListInsert       list.o
    0x080108d8   0x080108d8   0x00000018   Code   RO         6431    i.vListInsertEnd    list.o
    0x080108f0   0x080108f0   0x00000040   Code   RO         7981    i.vPortEnterCritical  port.o
    0x08010930   0x08010930   0x00000028   Code   RO         7982    i.vPortExitCritical  port.o
    0x08010958   0x08010958   0x00000064   Code   RO         7925    i.vPortFree         heap_4.o
    0x080109bc   0x080109bc   0x00000024   Code   RO         7983    i.vPortSetupTimerInterrupt  port.o
    0x080109e0   0x080109e0   0x00000054   Code   RO         7984    i.vPortValidateInterruptPriority  port.o
    0x08010a34   0x08010a34   0x00000028   Code   RO         6478    i.vQueueAddToRegistry  queue.o
    0x08010a5c   0x08010a5c   0x00000044   Code   RO         6482    i.vQueueWaitForMessageRestricted  queue.o
    0x08010aa0   0x08010aa0   0x0000004c   Code   RO         6889    i.vTaskDelay        tasks.o
    0x08010aec   0x08010aec   0x0000008c   Code   RO         6890    i.vTaskDelayUntil   tasks.o
    0x08010b78   0x08010b78   0x00000010   Code   RO         6894    i.vTaskInternalSetTimeOutState  tasks.o
    0x08010b88   0x08010b88   0x0000000c   Code   RO         6895    i.vTaskMissedYield  tasks.o
    0x08010b94   0x08010b94   0x00000030   Code   RO         6897    i.vTaskPlaceOnEventList  tasks.o
    0x08010bc4   0x08010bc4   0x00000038   Code   RO         6898    i.vTaskPlaceOnEventListRestricted  tasks.o
    0x08010bfc   0x08010bfc   0x00000088   Code   RO         6906    i.vTaskStartScheduler  tasks.o
    0x08010c84   0x08010c84   0x00000010   Code   RO         6908    i.vTaskSuspendAll   tasks.o
    0x08010c94   0x08010c94   0x00000064   Code   RO         6909    i.vTaskSwitchContext  tasks.o
    0x08010cf8   0x08010cf8   0x000000f4   Code   RO         7985    i.xPortStartScheduler  port.o
    0x08010dec   0x08010dec   0x0000002c   Code   RO         7986    i.xPortSysTickHandler  port.o
    0x08010e18   0x08010e18   0x00000066   Code   RO         6488    i.xQueueGenericCreateStatic  queue.o
    0x08010e7e   0x08010e7e   0x00000002   PAD
    0x08010e80   0x08010e80   0x00000094   Code   RO         6489    i.xQueueGenericReset  queue.o
    0x08010f14   0x08010f14   0x00000160   Code   RO         6490    i.xQueueGenericSend  queue.o
    0x08011074   0x08011074   0x000000be   Code   RO         6491    i.xQueueGenericSendFromISR  queue.o
    0x08011132   0x08011132   0x00000002   PAD
    0x08011134   0x08011134   0x0000013c   Code   RO         6500    i.xQueueReceive     queue.o
    0x08011270   0x08011270   0x00000078   Code   RO         6911    i.xTaskCheckForTimeOut  tasks.o
    0x080112e8   0x080112e8   0x0000005a   Code   RO         6912    i.xTaskCreate       tasks.o
    0x08011342   0x08011342   0x00000056   Code   RO         6913    i.xTaskCreateStatic  tasks.o
    0x08011398   0x08011398   0x0000001c   Code   RO         6917    i.xTaskGetSchedulerState  tasks.o
    0x080113b4   0x080113b4   0x0000000c   Code   RO         6918    i.xTaskGetTickCount  tasks.o
    0x080113c0   0x080113c0   0x000000c8   Code   RO         6920    i.xTaskIncrementTick  tasks.o
    0x08011488   0x08011488   0x0000007c   Code   RO         6923    i.xTaskPriorityDisinherit  tasks.o
    0x08011504   0x08011504   0x00000070   Code   RO         6925    i.xTaskRemoveFromEventList  tasks.o
    0x08011574   0x08011574   0x000000c4   Code   RO         6926    i.xTaskResumeAll    tasks.o
    0x08011638   0x08011638   0x00000060   Code   RO         7251    i.xTimerCreateTimerTask  timers.o
    0x08011698   0x08011698   0x00000068   Code   RO         7252    i.xTimerGenericCommand  timers.o
    0x08011700   0x08011700   0x00000048   Data   RO          316    .constdata          freertos.o
    0x08011748   0x08011748   0x00000008   Data   RO         1709    .constdata          stm32h7xx_hal_dma.o
    0x08011750   0x08011750   0x0000005c   Data   RO         3433    .constdata          stm32h7xx_hal_fdcan.o
    0x080117ac   0x080117ac   0x00000018   Data   RO         5069    .constdata          stm32h7xx_hal_uart.o
    0x080117c4   0x080117c4   0x00000010   Data   RO         5435    .constdata          stm32h7xx_hal_uart_ex.o
    0x080117d4   0x080117d4   0x00000010   Data   RO         5540    .constdata          system_stm32h7xx.o
    0x080117e4   0x080117e4   0x00000004   PAD
    0x080117e8   0x080117e8   0x00000088   Data   RO         8081    .constdata          m_wv.l(pow.o)
    0x08011870   0x08011870   0x00000098   Data   RO         8132    .constdata          m_wv.l(atan.o)
    0x08011908   0x08011908   0x00000030   Data   RO         8144    .constdata          m_wv.l(cos_i.o)
    0x08011938   0x08011938   0x00000008   Data   RO         8170    .constdata          m_wv.l(qnan.o)
    0x08011940   0x08011940   0x000000c8   Data   RO         8173    .constdata          m_wv.l(rred.o)
    0x08011a08   0x08011a08   0x00000028   Data   RO         8177    .constdata          m_wv.l(sin_i.o)
    0x08011a30   0x08011a30   0x00000018   Data   RO          317    .conststring        freertos.o
    0x08011a48   0x08011a48   0x00000020   Data   RO         8214    Region$$Table       anon$$obj.o


    Execution Region RW_IRAM1 (Exec base: 0x20000000, Load base: 0x08011a68, Size: 0x00000000, Max: 0x00020000, ABSOLUTE)

    **** No section assigned to this execution region ****


    Execution Region RW_IRAM2 (Exec base: 0x24000000, Load base: 0x08011a68, Size: 0x000070a0, Max: 0x00050000, ABSOLUTE, COMPRESSED[0x00000050])

    Exec Addr    Load Addr    Size         Type   Attr      Idx    E Section Name        Object

    0x24000000   COMPRESSED   0x00000002   Data   RW           21    .data               main.o
    0x24000002   COMPRESSED   0x00000002   PAD
    0x24000004   COMPRESSED   0x00000008   Data   RW          318    .data               freertos.o
    0x2400000c   COMPRESSED   0x00000004   Data   RW          399    .data               fdcan.o
    0x24000010   COMPRESSED   0x0000000c   Data   RW         2441    .data               stm32h7xx_hal.o
    0x2400001c   COMPRESSED   0x00000008   Data   RW         5541    .data               system_stm32h7xx.o
    0x24000024   COMPRESSED   0x00000009   Data   RW         5590    .data               bsp_fdcan.o
    0x2400002d   COMPRESSED   0x00000003   Data   RW         5736    .data               dm_motor_ctrl.o
    0x24000030   COMPRESSED   0x00000008   Data   RW         5815    .data               motorctrl.o
    0x24000038   COMPRESSED   0x0000040c   Data   RW         5949    .data               pid_model_data.o
    0x24000444   COMPRESSED   0x00000004   PAD
    0x24000448   COMPRESSED   0x00000050   Data   RW         5973    .data               upper_location.o
    0x24000498   COMPRESSED   0x00000001   Data   RW         6247    .data               r1_dribble.o
    0x24000499   COMPRESSED   0x00000003   PAD
    0x2400049c   COMPRESSED   0x0000003c   Data   RW         6929    .data               tasks.o
    0x240004d8   COMPRESSED   0x00000014   Data   RW         7260    .data               timers.o
    0x240004ec   COMPRESSED   0x00000004   Data   RW         7485    .data               cmsis_os2.o
    0x240004f0   COMPRESSED   0x00000020   Data   RW         7931    .data               heap_4.o
    0x24000510   COMPRESSED   0x0000000c   Data   RW         7987    .data               port.o
    0x2400051c   COMPRESSED   0x00000004   Data   RW         8205    .data               mc_w.l(errno.o)
    0x24000520        -       0x000001c4   Zero   RW           19    .bss                main.o
    0x240006e4        -       0x000001e0   Zero   RW          398    .bss                fdcan.o
    0x240008c4        -       0x00000010   Zero   RW          449    .bss                iwdg.o
    0x240008d4        -       0x00000098   Zero   RW          595    .bss                tim.o
    0x2400096c        -       0x0000048c   Zero   RW          659    .bss                usart.o
    0x24000df8        -       0x0000004c   Zero   RW          895    .bss                stm32h7xx_hal_timebase_tim.o
    0x24000e44        -       0x00000228   Zero   RW         5589    .bss                bsp_fdcan.o
    0x2400106c        -       0x00000aa0   Zero   RW         5735    .bss                dm_motor_ctrl.o
    0x24001b0c   COMPRESSED   0x00000004   PAD
    0x24001b10        -       0x000001e0   Zero   RW         5813    .bss                motorctrl.o
    0x24001cf0        -       0x00000640   Zero   RW         5917    .bss                pid_model.o
    0x24002330        -       0x00000044   Zero   RW         5968    .bss                upper_location.o
    0x24002374        -       0x00000054   Zero   RW         6164    .bss                sbus.o
    0x240023c8        -       0x00000040   Zero   RW         6504    .bss                queue.o
    0x24002408        -       0x000004c4   Zero   RW         6928    .bss                tasks.o
    0x240028cc        -       0x00000118   Zero   RW         7259    .bss                timers.o
    0x240029e4        -       0x000006b8   Zero   RW         7484    .bss                cmsis_os2.o
    0x2400309c        -       0x00003c00   Zero   RW         7930    .bss                heap_4.o
    0x24006c9c   COMPRESSED   0x00000004   PAD
    0x24006ca0        -       0x00000400   Zero   RW            1    STACK               startup_stm32h723xx.o


==============================================================================

Image component sizes


      Code (inc. data)   RO Data    RW Data    ZI Data      Debug   Object Name

       578         62          0          9        552       7513   bsp_fdcan.o
       338         22          0          4       1720      71019   cmsis_os2.o
      1116        172          0          3       2720       7292   dm_motor_ctrl.o
       182          0          0          0          0       2033   dm_motor_drv.o
       124          4          0          0          0        910   dma.o
         0          0          0          0          0      19376   event_groups.o
       800         62          0          4        480       3537   fdcan.o
        88         16         96          8          0       2718   freertos.o
       244         16          0          0          0       1163   gpio.o
       476         24          0         32      15360       4963   heap_4.o
         0          0          0          0         16    1215230   iwdg.o
       138          0          0          0          0       3650   list.o
      1912        166          0          2        452    1221719   main.o
      8490        420          0          8        480      15581   motorctrl.o
     18876        204          0          0       1600      50757   pid_model.o
         0          0          0       1036          0      19833   pid_model_data.o
       790         84          0         12          0      11597   port.o
      1530         22          0          0         64      17556   queue.o
       272         38          0          1          0       3261   r1_dribble.o
       292          6          0          0         84       2222   sbus.o
        36          8        716          0       1024        832   startup_stm32h723xx.o
       120         28          0         12          0      22450   stm32h7xx_hal.o
       316         28          0          0          0      41260   stm32h7xx_hal_cortex.o
      4768        176          8          0          0      10071   stm32h7xx_hal_dma.o
      2954         50         92          0          0      23752   stm32h7xx_hal_fdcan.o
       566         44          0          0          0       3025   stm32h7xx_hal_gpio.o
        12          0          0          0          0       1283   stm32h7xx_hal_iwdg.o
        36          4          0          0          0        918   stm32h7xx_hal_msp.o
        84          6          0          0          0        805   stm32h7xx_hal_pwr_ex.o
      2466        110          0          0          0       7985   stm32h7xx_hal_rcc.o
      3622        112          0          0          0       7933   stm32h7xx_hal_rcc_ex.o
      2400        284          0          0          0      15208   stm32h7xx_hal_tim.o
       190         38          0          0          0       3364   stm32h7xx_hal_tim_ex.o
       132         22          0          0         76       1611   stm32h7xx_hal_timebase_tim.o
      4192        202         24          0          0      36201   stm32h7xx_hal_uart.o
       290          6         16          0          0       5650   stm32h7xx_hal_uart_ex.o
       232        106          0          0          0      10630   stm32h7xx_it.o
         0          0          0          0          0        384   stream_buffer.o
       192         34         16          8          0       1522   system_stm32h7xx.o
      2224        170          0         60       1220      28114   tasks.o
       388         54          0          0        152       3567   tim.o
       972         84          0         20        280      32155   timers.o
      1396        122          0         80         68       4483   upper_location.o
      1028         72          0          0       1164       4154   usart.o

    ----------------------------------------------------------------------
     64916       3078       1004       1308      27520    2949287   Object Totals
         0          0         32          0          0          0   (incl. Generated)
        54          0          4          9          8          0   (incl. Padding)

    ----------------------------------------------------------------------

      Code (inc. data)   RO Data    RW Data    ZI Data      Debug   Library Member Name

       528        110        152          0          0        348   atan.o
       456         64          0          0          0        188   atan2.o
       176         18          0          0          0        156   cos.o
       224         42         48          0          0        184   cos_i.o
       116         60          0          0          0        696   dunder.o
        24          0          0          0          0        124   fabs.o
        48          0          0          0          0        124   fpclassify.o
       112          0          0          0          0        116   poly.o
      2296        304        136          0          0        320   pow.o
         0          0          8          0          0          0   qnan.o
       784        138        200          0          0        172   rred.o
       176         18          0          0          0        160   sin.o
       168         24         40          0          0        196   sin_i.o
       208          0          0          0          0        280   sqrt.o
        86          0          0          0          0          0   __dczerorl2.o
         0          0          0          0          0          0   entry.o
         0          0          0          0          0          0   entry10a.o
         0          0          0          0          0          0   entry11a.o
         4          0          0          0          0          0   entry12b.o
         8          4          0          0          0          0   entry2.o
         4          0          0          0          0          0   entry5.o
         0          0          0          0          0          0   entry7b.o
         0          0          0          0          0          0   entry8b.o
         8          4          0          0          0          0   entry9a.o
        12          6          0          4          0         68   errno.o
        30          0          0          0          0          0   handlers.o
        36          8          0          0          0         68   init.o
         0          0          0          0          0          0   iusefp.o
        30          0          0          0          0         68   llshl.o
        32          0          0          0          0         68   llushr.o
        36          0          0          0          0         68   memcpya.o
        36          0          0          0          0        108   memseta.o
        98          0          0          0          0         92   uldiv.o
        46          0          0          0          0         80   dscalb.o

    ----------------------------------------------------------------------
      5792        800        584          4          0       3684   Library Totals
        10          0          0          0          0          0   (incl. Padding)

    ----------------------------------------------------------------------

      Code (inc. data)   RO Data    RW Data    ZI Data      Debug   Library Name

      5316        778        584          0          0       3064   m_wv.l
       420         22          0          4          0        540   mc_w.l
        46          0          0          0          0         80   mf_w.l

    ----------------------------------------------------------------------
      5792        800        584          4          0       3684   Library Totals

    ----------------------------------------------------------------------

==============================================================================


      Code (inc. data)   RO Data    RW Data    ZI Data      Debug   

     70708       3878       1588       1312      27520    2926347   Grand Totals
     70708       3878       1588         80      27520    2926347   ELF Image Totals (compressed)
     70708       3878       1588         80          0          0   ROM Totals

==============================================================================

    Total RO  Size (Code + RO Data)                72296 (  70.60kB)
    Total RW  Size (RW Data + ZI Data)             28832 (  28.16kB)
    Total ROM Size (Code + RO Data + RW Data)      72376 (  70.68kB)

==============================================================================

